

================================================================
== Vitis HLS Report for 'pack_int4_transpose_Pipeline_read_loop'
================================================================
* Date:           Sun Jan 25 13:09:51 2026

* Version:        2024.1 (Build 5069499 on May 21 2024)
* Project:        pack_int4_transpose_prj
* Solution:       sol1 (Vivado IP Flow Target)
* Product family: virtexuplus
* Target device:  xcvu9p-flga2104-2-i


================================================================
== Performance Estimates
================================================================
+ Timing: 
    * Summary: 
    +--------+---------+----------+------------+
    |  Clock |  Target | Estimated| Uncertainty|
    +--------+---------+----------+------------+
    |ap_clk  |  3.33 ns|  2.364 ns|     0.90 ns|
    +--------+---------+----------+------------+

+ Latency: 
    * Summary: 
    +---------+---------+----------+----------+-----+-----+-----------------------------------------------+
    |  Latency (cycles) |  Latency (absolute) |  Interval |                    Pipeline                   |
    |   min   |   max   |    min   |    max   | min | max |                      Type                     |
    +---------+---------+----------+----------+-----+-----+-----------------------------------------------+
    |       35|       35|  0.117 us|  0.117 us|   33|   33|  loop auto-rewind stp(delay=0 clock cycles(s))|
    +---------+---------+----------+----------+-----+-----+-----------------------------------------------+

    + Detail: 
        * Instance: 
        N/A

        * Loop: 
        +-------------+---------+---------+----------+-----------+-----------+------+----------+
        |             |  Latency (cycles) | Iteration|  Initiation Interval  | Trip |          |
        |  Loop Name  |   min   |   max   |  Latency |  achieved |   target  | Count| Pipelined|
        +-------------+---------+---------+----------+-----------+-----------+------+----------+
        |- read_loop  |       33|       33|         3|          1|          1|    32|       yes|
        +-------------+---------+---------+----------+-----------+-----------+------+----------+



================================================================
== Utilization Estimates
================================================================
* Summary: 
+---------------------+---------+------+---------+---------+-----+
|         Name        | BRAM_18K|  DSP |    FF   |   LUT   | URAM|
+---------------------+---------+------+---------+---------+-----+
|DSP                  |        -|     -|        -|        -|    -|
|Expression           |        -|     -|        0|      470|    -|
|FIFO                 |        -|     -|        -|        -|    -|
|Instance             |        -|     -|        -|        -|    -|
|Memory               |        -|     -|        -|        -|    -|
|Multiplexer          |        -|     -|        0|       45|    -|
|Register             |        -|     -|      224|        -|    -|
+---------------------+---------+------+---------+---------+-----+
|Total                |        0|     0|      224|      515|    0|
+---------------------+---------+------+---------+---------+-----+
|Available SLR        |     1440|  2280|   788160|   394080|  320|
+---------------------+---------+------+---------+---------+-----+
|Utilization SLR (%)  |        0|     0|       ~0|       ~0|    0|
+---------------------+---------+------+---------+---------+-----+
|Available            |     4320|  6840|  2364480|  1182240|  960|
+---------------------+---------+------+---------+---------+-----+
|Utilization (%)      |        0|     0|       ~0|       ~0|    0|
+---------------------+---------+------+---------+---------+-----+

+ Detail: 
    * Instance: 
    N/A

    * DSP: 
    N/A

    * Memory: 
    N/A

    * FIFO: 
    N/A

    * Expression: 
    +----------------------------------+----------+----+---+-----+------------+------------+
    |           Variable Name          | Operation| DSP| FF| LUT | Bitwidth P0| Bitwidth P1|
    +----------------------------------+----------+----+---+-----+------------+------------+
    |add_ln317_fu_638_p2               |         +|   0|  0|   16|           9|           8|
    |add_ln32_fu_598_p2                |         +|   0|  0|   13|           6|           1|
    |sub_ln18_fu_652_p2                |         -|   0|  0|   15|           7|           8|
    |sub_ln59_fu_734_p2                |         -|   0|  0|   15|           1|           8|
    |ap_block_pp0_stage0_01001         |       and|   0|  0|    2|           1|           1|
    |ap_block_state1_pp0_stage0_iter0  |       and|   0|  0|    2|           1|           1|
    |icmp_ln32_fu_592_p2               |      icmp|   0|  0|   14|           6|           7|
    |icmp_ln41_fu_757_p2               |      icmp|   0|  0|   12|           5|           1|
    |icmp_ln42_fu_769_p2               |      icmp|   0|  0|   15|           8|           5|
    |lshr_ln18_fu_695_p2               |      lshr|   0|  0|  163|          55|          55|
    |buffer_32_fu_779_p3               |    select|   0|  0|    5|           1|           5|
    |i8_1_fu_762_p3                    |    select|   0|  0|    8|           1|           3|
    |result_fu_740_p3                  |    select|   0|  0|    8|           1|           8|
    |select_ln18_fu_662_p3             |    select|   0|  0|    9|           1|           9|
    |val_fu_727_p3                     |    select|   0|  0|    8|           1|           8|
    |shl_ln18_fu_701_p2                |       shl|   0|  0|  163|          55|          55|
    |ap_enable_pp0                     |       xor|   0|  0|    2|           1|           2|
    +----------------------------------+----------+----+---+-----+------------+------------+
    |Total                             |          |   0|  0|  470|         160|         185|
    +----------------------------------+----------+----+---+-----+------------+------------+

    * Multiplexer: 
    +-------------------------+----+-----------+-----+-----------+
    |           Name          | LUT| Input Size| Bits| Total Bits|
    +-------------------------+----+-----------+-----+-----------+
    |ap_done_int              |   9|          2|    1|          2|
    |ap_enable_reg_pp0_iter1  |   9|          2|    1|          2|
    |ap_sig_allocacmp_j_1     |   9|          2|    6|         12|
    |in_stream_TDATA_blk_n    |   9|          2|    1|          2|
    |j_fu_216                 |   9|          2|    6|         12|
    +-------------------------+----+-----------+-----+-----------+
    |Total                    |  45|         10|   15|         30|
    +-------------------------+----+-----------+-----+-----------+

    * Register: 
    +----------------------------------+----+----+-----+-----------+
    |               Name               | FF | LUT| Bits| Const Bits|
    +----------------------------------+----+----+-----+-----------+
    |ap_CS_fsm                         |   1|   0|    1|          0|
    |ap_done_reg                       |   1|   0|    1|          0|
    |ap_enable_reg_pp0_iter1           |   1|   0|    1|          0|
    |ap_enable_reg_pp0_iter2           |   1|   0|    1|          0|
    |ap_loop_exit_ready_pp0_iter1_reg  |   1|   0|    1|          0|
    |ap_predicate_pred268_state3       |   1|   0|    1|          0|
    |ap_predicate_pred283_state3       |   1|   0|    1|          0|
    |ap_predicate_pred292_state3       |   1|   0|    1|          0|
    |ap_predicate_pred301_state3       |   1|   0|    1|          0|
    |ap_predicate_pred310_state3       |   1|   0|    1|          0|
    |ap_predicate_pred319_state3       |   1|   0|    1|          0|
    |ap_predicate_pred328_state3       |   1|   0|    1|          0|
    |ap_predicate_pred337_state3       |   1|   0|    1|          0|
    |ap_predicate_pred346_state3       |   1|   0|    1|          0|
    |ap_predicate_pred355_state3       |   1|   0|    1|          0|
    |ap_predicate_pred364_state3       |   1|   0|    1|          0|
    |ap_predicate_pred373_state3       |   1|   0|    1|          0|
    |ap_predicate_pred382_state3       |   1|   0|    1|          0|
    |ap_predicate_pred391_state3       |   1|   0|    1|          0|
    |ap_predicate_pred400_state3       |   1|   0|    1|          0|
    |ap_predicate_pred409_state3       |   1|   0|    1|          0|
    |ap_predicate_pred418_state3       |   1|   0|    1|          0|
    |ap_predicate_pred427_state3       |   1|   0|    1|          0|
    |ap_predicate_pred436_state3       |   1|   0|    1|          0|
    |ap_predicate_pred445_state3       |   1|   0|    1|          0|
    |ap_predicate_pred454_state3       |   1|   0|    1|          0|
    |ap_predicate_pred463_state3       |   1|   0|    1|          0|
    |ap_predicate_pred472_state3       |   1|   0|    1|          0|
    |ap_predicate_pred481_state3       |   1|   0|    1|          0|
    |ap_predicate_pred490_state3       |   1|   0|    1|          0|
    |ap_predicate_pred499_state3       |   1|   0|    1|          0|
    |ap_predicate_pred508_state3       |   1|   0|    1|          0|
    |ap_predicate_pred517_state3       |   1|   0|    1|          0|
    |ap_predicate_pred526_state3       |   1|   0|    1|          0|
    |ap_predicate_pred535_state3       |   1|   0|    1|          0|
    |ap_predicate_pred544_state3       |   1|   0|    1|          0|
    |ap_predicate_pred553_state3       |   1|   0|    1|          0|
    |buffer_10_fu_260                  |   4|   0|    4|          0|
    |buffer_11_fu_264                  |   4|   0|    4|          0|
    |buffer_12_fu_268                  |   4|   0|    4|          0|
    |buffer_13_fu_272                  |   4|   0|    4|          0|
    |buffer_14_fu_276                  |   4|   0|    4|          0|
    |buffer_15_fu_280                  |   4|   0|    4|          0|
    |buffer_16_fu_284                  |   4|   0|    4|          0|
    |buffer_17_fu_288                  |   4|   0|    4|          0|
    |buffer_18_fu_292                  |   4|   0|    4|          0|
    |buffer_19_fu_296                  |   4|   0|    4|          0|
    |buffer_1_fu_224                   |   4|   0|    4|          0|
    |buffer_20_fu_300                  |   4|   0|    4|          0|
    |buffer_21_fu_304                  |   4|   0|    4|          0|
    |buffer_22_fu_308                  |   4|   0|    4|          0|
    |buffer_23_fu_312                  |   4|   0|    4|          0|
    |buffer_24_fu_316                  |   4|   0|    4|          0|
    |buffer_25_fu_320                  |   4|   0|    4|          0|
    |buffer_26_fu_324                  |   4|   0|    4|          0|
    |buffer_27_fu_328                  |   4|   0|    4|          0|
    |buffer_28_fu_332                  |   4|   0|    4|          0|
    |buffer_29_fu_336                  |   4|   0|    4|          0|
    |buffer_2_fu_228                   |   4|   0|    4|          0|
    |buffer_30_fu_340                  |   4|   0|    4|          0|
    |buffer_31_fu_344                  |   4|   0|    4|          0|
    |buffer_3_fu_232                   |   4|   0|    4|          0|
    |buffer_4_fu_236                   |   4|   0|    4|          0|
    |buffer_5_fu_240                   |   4|   0|    4|          0|
    |buffer_6_fu_244                   |   4|   0|    4|          0|
    |buffer_7_fu_248                   |   4|   0|    4|          0|
    |buffer_8_fu_252                   |   4|   0|    4|          0|
    |buffer_9_fu_256                   |   4|   0|    4|          0|
    |buffer_fu_220                     |   4|   0|    4|          0|
    |icmp_ln32_reg_1274                |   1|   0|    1|          0|
    |j_fu_216                          |   6|   0|    6|          0|
    |result_reg_1302                   |   8|   0|    8|          0|
    |select_ln18_reg_1297              |   9|   0|    9|          0|
    |tmp_1_reg_1307                    |   5|   0|    5|          0|
    |tmp_reg_1292                      |   1|   0|    1|          0|
    |trunc_ln32_reg_1278               |   5|   0|    5|          0|
    |trunc_ln342_reg_1287              |  23|   0|   23|          0|
    |xs_sign_reg_1282                  |   1|   0|    1|          0|
    +----------------------------------+----+----+-----+-----------+
    |Total                             | 224|   0|  224|          0|
    +----------------------------------+----+----+-----+-----------+



================================================================
== Interface
================================================================
* Summary: 
+----------------------+-----+-----+------------+----------------------------------------+--------------+
|       RTL Ports      | Dir | Bits|  Protocol  |              Source Object             |    C Type    |
+----------------------+-----+-----+------------+----------------------------------------+--------------+
|ap_clk                |   in|    1|  ap_ctrl_hs|  pack_int4_transpose_Pipeline_read_loop|  return value|
|ap_rst                |   in|    1|  ap_ctrl_hs|  pack_int4_transpose_Pipeline_read_loop|  return value|
|ap_start              |   in|    1|  ap_ctrl_hs|  pack_int4_transpose_Pipeline_read_loop|  return value|
|ap_done               |  out|    1|  ap_ctrl_hs|  pack_int4_transpose_Pipeline_read_loop|  return value|
|ap_idle               |  out|    1|  ap_ctrl_hs|  pack_int4_transpose_Pipeline_read_loop|  return value|
|ap_ready              |  out|    1|  ap_ctrl_hs|  pack_int4_transpose_Pipeline_read_loop|  return value|
|in_stream_TVALID      |   in|    1|        axis|                      in_stream_V_data_V|       pointer|
|in_stream_TDATA       |   in|   32|        axis|                      in_stream_V_data_V|       pointer|
|in_stream_TREADY      |  out|    1|        axis|                      in_stream_V_last_V|       pointer|
|in_stream_TLAST       |   in|    1|        axis|                      in_stream_V_last_V|       pointer|
|in_stream_TKEEP       |   in|    4|        axis|                      in_stream_V_keep_V|       pointer|
|in_stream_TSTRB       |   in|    4|        axis|                      in_stream_V_strb_V|       pointer|
|buffer_31_out         |  out|    4|      ap_vld|                           buffer_31_out|       pointer|
|buffer_31_out_ap_vld  |  out|    1|      ap_vld|                           buffer_31_out|       pointer|
|buffer_30_out         |  out|    4|      ap_vld|                           buffer_30_out|       pointer|
|buffer_30_out_ap_vld  |  out|    1|      ap_vld|                           buffer_30_out|       pointer|
|buffer_29_out         |  out|    4|      ap_vld|                           buffer_29_out|       pointer|
|buffer_29_out_ap_vld  |  out|    1|      ap_vld|                           buffer_29_out|       pointer|
|buffer_28_out         |  out|    4|      ap_vld|                           buffer_28_out|       pointer|
|buffer_28_out_ap_vld  |  out|    1|      ap_vld|                           buffer_28_out|       pointer|
|buffer_27_out         |  out|    4|      ap_vld|                           buffer_27_out|       pointer|
|buffer_27_out_ap_vld  |  out|    1|      ap_vld|                           buffer_27_out|       pointer|
|buffer_26_out         |  out|    4|      ap_vld|                           buffer_26_out|       pointer|
|buffer_26_out_ap_vld  |  out|    1|      ap_vld|                           buffer_26_out|       pointer|
|buffer_25_out         |  out|    4|      ap_vld|                           buffer_25_out|       pointer|
|buffer_25_out_ap_vld  |  out|    1|      ap_vld|                           buffer_25_out|       pointer|
|buffer_24_out         |  out|    4|      ap_vld|                           buffer_24_out|       pointer|
|buffer_24_out_ap_vld  |  out|    1|      ap_vld|                           buffer_24_out|       pointer|
|buffer_23_out         |  out|    4|      ap_vld|                           buffer_23_out|       pointer|
|buffer_23_out_ap_vld  |  out|    1|      ap_vld|                           buffer_23_out|       pointer|
|buffer_22_out         |  out|    4|      ap_vld|                           buffer_22_out|       pointer|
|buffer_22_out_ap_vld  |  out|    1|      ap_vld|                           buffer_22_out|       pointer|
|buffer_21_out         |  out|    4|      ap_vld|                           buffer_21_out|       pointer|
|buffer_21_out_ap_vld  |  out|    1|      ap_vld|                           buffer_21_out|       pointer|
|buffer_20_out         |  out|    4|      ap_vld|                           buffer_20_out|       pointer|
|buffer_20_out_ap_vld  |  out|    1|      ap_vld|                           buffer_20_out|       pointer|
|buffer_19_out         |  out|    4|      ap_vld|                           buffer_19_out|       pointer|
|buffer_19_out_ap_vld  |  out|    1|      ap_vld|                           buffer_19_out|       pointer|
|buffer_18_out         |  out|    4|      ap_vld|                           buffer_18_out|       pointer|
|buffer_18_out_ap_vld  |  out|    1|      ap_vld|                           buffer_18_out|       pointer|
|buffer_17_out         |  out|    4|      ap_vld|                           buffer_17_out|       pointer|
|buffer_17_out_ap_vld  |  out|    1|      ap_vld|                           buffer_17_out|       pointer|
|buffer_16_out         |  out|    4|      ap_vld|                           buffer_16_out|       pointer|
|buffer_16_out_ap_vld  |  out|    1|      ap_vld|                           buffer_16_out|       pointer|
|buffer_15_out         |  out|    4|      ap_vld|                           buffer_15_out|       pointer|
|buffer_15_out_ap_vld  |  out|    1|      ap_vld|                           buffer_15_out|       pointer|
|buffer_14_out         |  out|    4|      ap_vld|                           buffer_14_out|       pointer|
|buffer_14_out_ap_vld  |  out|    1|      ap_vld|                           buffer_14_out|       pointer|
|buffer_13_out         |  out|    4|      ap_vld|                           buffer_13_out|       pointer|
|buffer_13_out_ap_vld  |  out|    1|      ap_vld|                           buffer_13_out|       pointer|
|buffer_12_out         |  out|    4|      ap_vld|                           buffer_12_out|       pointer|
|buffer_12_out_ap_vld  |  out|    1|      ap_vld|                           buffer_12_out|       pointer|
|buffer_11_out         |  out|    4|      ap_vld|                           buffer_11_out|       pointer|
|buffer_11_out_ap_vld  |  out|    1|      ap_vld|                           buffer_11_out|       pointer|
|buffer_10_out         |  out|    4|      ap_vld|                           buffer_10_out|       pointer|
|buffer_10_out_ap_vld  |  out|    1|      ap_vld|                           buffer_10_out|       pointer|
|buffer_9_out          |  out|    4|      ap_vld|                            buffer_9_out|       pointer|
|buffer_9_out_ap_vld   |  out|    1|      ap_vld|                            buffer_9_out|       pointer|
|buffer_8_out          |  out|    4|      ap_vld|                            buffer_8_out|       pointer|
|buffer_8_out_ap_vld   |  out|    1|      ap_vld|                            buffer_8_out|       pointer|
|buffer_7_out          |  out|    4|      ap_vld|                            buffer_7_out|       pointer|
|buffer_7_out_ap_vld   |  out|    1|      ap_vld|                            buffer_7_out|       pointer|
|buffer_6_out          |  out|    4|      ap_vld|                            buffer_6_out|       pointer|
|buffer_6_out_ap_vld   |  out|    1|      ap_vld|                            buffer_6_out|       pointer|
|buffer_5_out          |  out|    4|      ap_vld|                            buffer_5_out|       pointer|
|buffer_5_out_ap_vld   |  out|    1|      ap_vld|                            buffer_5_out|       pointer|
|buffer_4_out          |  out|    4|      ap_vld|                            buffer_4_out|       pointer|
|buffer_4_out_ap_vld   |  out|    1|      ap_vld|                            buffer_4_out|       pointer|
|buffer_3_out          |  out|    4|      ap_vld|                            buffer_3_out|       pointer|
|buffer_3_out_ap_vld   |  out|    1|      ap_vld|                            buffer_3_out|       pointer|
|buffer_2_out          |  out|    4|      ap_vld|                            buffer_2_out|       pointer|
|buffer_2_out_ap_vld   |  out|    1|      ap_vld|                            buffer_2_out|       pointer|
|buffer_1_out          |  out|    4|      ap_vld|                            buffer_1_out|       pointer|
|buffer_1_out_ap_vld   |  out|    1|      ap_vld|                            buffer_1_out|       pointer|
|buffer_out            |  out|    4|      ap_vld|                              buffer_out|       pointer|
|buffer_out_ap_vld     |  out|    1|      ap_vld|                              buffer_out|       pointer|
+----------------------+-----+-----+------------+----------------------------------------+--------------+

