

================================================================
== Vitis HLS Report for 'pack_int4_transpose_Pipeline_read_loop'
================================================================
* Date:           Sun Jan 25 13:09:50 2026

* Version:        2024.1 (Build 5069499 on May 21 2024)
* Project:        pack_int4_transpose_prj
* Solution:       sol1 (Vivado IP Flow Target)
* Product family: virtexuplus
* Target device:  xcvu9p-flga2104-2-i


================================================================
== Performance Estimates
================================================================
+ Timing: 
    * Summary: 
    +--------+---------+----------+------------+
    |  Clock |  Target | Estimated| Uncertainty|
    +--------+---------+----------+------------+
    |ap_clk  |  3.33 ns|  2.364 ns|     0.90 ns|
    +--------+---------+----------+------------+

+ Latency: 
    * Summary: 
    +---------+---------+----------+----------+-----+-----+-----------------------------------------------+
    |  Latency (cycles) |  Latency (absolute) |  Interval |                    Pipeline                   |
    |   min   |   max   |    min   |    max   | min | max |                      Type                     |
    +---------+---------+----------+----------+-----+-----+-----------------------------------------------+
    |       35|       35|  0.117 us|  0.117 us|   33|   33|  loop auto-rewind stp(delay=0 clock cycles(s))|
    +---------+---------+----------+----------+-----+-----+-----------------------------------------------+

    + Detail: 
        * Instance: 
        N/A

        * Loop: 
        +-------------+---------+---------+----------+-----------+-----------+------+----------+
        |             |  Latency (cycles) | Iteration|  Initiation Interval  | Trip |          |
        |  Loop Name  |   min   |   max   |  Latency |  achieved |   target  | Count| Pipelined|
        +-------------+---------+---------+----------+-----------+-----------+------+----------+
        |- read_loop  |       33|       33|         3|          1|          1|    32|       yes|
        +-------------+---------+---------+----------+-----------+-----------+------+----------+

============================================================
+ Verbose Summary: Synthesis Manager
============================================================
InlineROM: 1
ExposeGlobal: 0
============================================================
+ Verbose Summary: CDFG Model
============================================================
IsTopModel: 0
ResetActiveHigh: 1
IsCombinational: 0
IsDatapathOnly: 0
HasWiredReturn: 1
HasMFsm: 2
HasVarLatency: 1
IsPipeline: 0
IsRtlPipelined: 0
IsInstanceOverlapped: 0
IsDontTouch: 0
HasImplIP: 0
IsGatedGlobalClock: 0

+ Individual pipeline summary: 
  * Pipeline-0: initiation interval (II) = 1, depth = 3


============================================================
+ Verbose Summary: Schedule
============================================================
* Number of FSM states : 3
* Pipeline : 1
  Pipeline-0 : II = 1, D = 3, States = { 1 2 3 }
* Dataflow Pipeline: 0

* FSM state transitions: 
1 --> 2 
2 --> 3 
3 --> 

* FSM state operations: 

State 1 <SV = 0> <Delay = 2.17>
ST_1 : Operation 6 [1/1] (0.00ns)   --->   "%j = alloca i32 1" [kernel.cpp:32]   --->   Operation 6 'alloca' 'j' <Predicate = true> <Delay = 0.00>
ST_1 : Operation 7 [1/1] (0.00ns)   --->   "%buffer = alloca i32 1" [kernel.cpp:28]   --->   Operation 7 'alloca' 'buffer' <Predicate = true> <Delay = 0.00>
ST_1 : Operation 8 [1/1] (0.00ns)   --->   "%buffer_1 = alloca i32 1" [kernel.cpp:28]   --->   Operation 8 'alloca' 'buffer_1' <Predicate = true> <Delay = 0.00>
ST_1 : Operation 9 [1/1] (0.00ns)   --->   "%buffer_2 = alloca i32 1" [kernel.cpp:28]   --->   Operation 9 'alloca' 'buffer_2' <Predicate = true> <Delay = 0.00>
ST_1 : Operation 10 [1/1] (0.00ns)   --->   "%buffer_3 = alloca i32 1" [kernel.cpp:28]   --->   Operation 10 'alloca' 'buffer_3' <Predicate = true> <Delay = 0.00>
ST_1 : Operation 11 [1/1] (0.00ns)   --->   "%buffer_4 = alloca i32 1" [kernel.cpp:28]   --->   Operation 11 'alloca' 'buffer_4' <Predicate = true> <Delay = 0.00>
ST_1 : Operation 12 [1/1] (0.00ns)   --->   "%buffer_5 = alloca i32 1" [kernel.cpp:28]   --->   Operation 12 'alloca' 'buffer_5' <Predicate = true> <Delay = 0.00>
ST_1 : Operation 13 [1/1] (0.00ns)   --->   "%buffer_6 = alloca i32 1" [kernel.cpp:28]   --->   Operation 13 'alloca' 'buffer_6' <Predicate = true> <Delay = 0.00>
ST_1 : Operation 14 [1/1] (0.00ns)   --->   "%buffer_7 = alloca i32 1" [kernel.cpp:28]   --->   Operation 14 'alloca' 'buffer_7' <Predicate = true> <Delay = 0.00>
ST_1 : Operation 15 [1/1] (0.00ns)   --->   "%buffer_8 = alloca i32 1" [kernel.cpp:28]   --->   Operation 15 'alloca' 'buffer_8' <Predicate = true> <Delay = 0.00>
ST_1 : Operation 16 [1/1] (0.00ns)   --->   "%buffer_9 = alloca i32 1" [kernel.cpp:28]   --->   Operation 16 'alloca' 'buffer_9' <Predicate = true> <Delay = 0.00>
ST_1 : Operation 17 [1/1] (0.00ns)   --->   "%buffer_10 = alloca i32 1" [kernel.cpp:28]   --->   Operation 17 'alloca' 'buffer_10' <Predicate = true> <Delay = 0.00>
ST_1 : Operation 18 [1/1] (0.00ns)   --->   "%buffer_11 = alloca i32 1" [kernel.cpp:28]   --->   Operation 18 'alloca' 'buffer_11' <Predicate = true> <Delay = 0.00>
ST_1 : Operation 19 [1/1] (0.00ns)   --->   "%buffer_12 = alloca i32 1" [kernel.cpp:28]   --->   Operation 19 'alloca' 'buffer_12' <Predicate = true> <Delay = 0.00>
ST_1 : Operation 20 [1/1] (0.00ns)   --->   "%buffer_13 = alloca i32 1" [kernel.cpp:28]   --->   Operation 20 'alloca' 'buffer_13' <Predicate = true> <Delay = 0.00>
ST_1 : Operation 21 [1/1] (0.00ns)   --->   "%buffer_14 = alloca i32 1" [kernel.cpp:28]   --->   Operation 21 'alloca' 'buffer_14' <Predicate = true> <Delay = 0.00>
ST_1 : Operation 22 [1/1] (0.00ns)   --->   "%buffer_15 = alloca i32 1" [kernel.cpp:28]   --->   Operation 22 'alloca' 'buffer_15' <Predicate = true> <Delay = 0.00>
ST_1 : Operation 23 [1/1] (0.00ns)   --->   "%buffer_16 = alloca i32 1" [kernel.cpp:28]   --->   Operation 23 'alloca' 'buffer_16' <Predicate = true> <Delay = 0.00>
ST_1 : Operation 24 [1/1] (0.00ns)   --->   "%buffer_17 = alloca i32 1" [kernel.cpp:28]   --->   Operation 24 'alloca' 'buffer_17' <Predicate = true> <Delay = 0.00>
ST_1 : Operation 25 [1/1] (0.00ns)   --->   "%buffer_18 = alloca i32 1" [kernel.cpp:28]   --->   Operation 25 'alloca' 'buffer_18' <Predicate = true> <Delay = 0.00>
ST_1 : Operation 26 [1/1] (0.00ns)   --->   "%buffer_19 = alloca i32 1" [kernel.cpp:28]   --->   Operation 26 'alloca' 'buffer_19' <Predicate = true> <Delay = 0.00>
ST_1 : Operation 27 [1/1] (0.00ns)   --->   "%buffer_20 = alloca i32 1" [kernel.cpp:28]   --->   Operation 27 'alloca' 'buffer_20' <Predicate = true> <Delay = 0.00>
ST_1 : Operation 28 [1/1] (0.00ns)   --->   "%buffer_21 = alloca i32 1" [kernel.cpp:28]   --->   Operation 28 'alloca' 'buffer_21' <Predicate = true> <Delay = 0.00>
ST_1 : Operation 29 [1/1] (0.00ns)   --->   "%buffer_22 = alloca i32 1" [kernel.cpp:28]   --->   Operation 29 'alloca' 'buffer_22' <Predicate = true> <Delay = 0.00>
ST_1 : Operation 30 [1/1] (0.00ns)   --->   "%buffer_23 = alloca i32 1" [kernel.cpp:28]   --->   Operation 30 'alloca' 'buffer_23' <Predicate = true> <Delay = 0.00>
ST_1 : Operation 31 [1/1] (0.00ns)   --->   "%buffer_24 = alloca i32 1" [kernel.cpp:28]   --->   Operation 31 'alloca' 'buffer_24' <Predicate = true> <Delay = 0.00>
ST_1 : Operation 32 [1/1] (0.00ns)   --->   "%buffer_25 = alloca i32 1" [kernel.cpp:28]   --->   Operation 32 'alloca' 'buffer_25' <Predicate = true> <Delay = 0.00>
ST_1 : Operation 33 [1/1] (0.00ns)   --->   "%buffer_26 = alloca i32 1" [kernel.cpp:28]   --->   Operation 33 'alloca' 'buffer_26' <Predicate = true> <Delay = 0.00>
ST_1 : Operation 34 [1/1] (0.00ns)   --->   "%buffer_27 = alloca i32 1" [kernel.cpp:28]   --->   Operation 34 'alloca' 'buffer_27' <Predicate = true> <Delay = 0.00>
ST_1 : Operation 35 [1/1] (0.00ns)   --->   "%buffer_28 = alloca i32 1" [kernel.cpp:28]   --->   Operation 35 'alloca' 'buffer_28' <Predicate = true> <Delay = 0.00>
ST_1 : Operation 36 [1/1] (0.00ns)   --->   "%buffer_29 = alloca i32 1" [kernel.cpp:28]   --->   Operation 36 'alloca' 'buffer_29' <Predicate = true> <Delay = 0.00>
ST_1 : Operation 37 [1/1] (0.00ns)   --->   "%buffer_30 = alloca i32 1" [kernel.cpp:28]   --->   Operation 37 'alloca' 'buffer_30' <Predicate = true> <Delay = 0.00>
ST_1 : Operation 38 [1/1] (0.00ns)   --->   "%buffer_31 = alloca i32 1" [kernel.cpp:28]   --->   Operation 38 'alloca' 'buffer_31' <Predicate = true> <Delay = 0.00>
ST_1 : Operation 39 [1/1] (0.00ns)   --->   "%specaxissidechannel_ln0 = specaxissidechannel void @_ssdm_op_SpecAXISSideChannel, i32 %in_stream_V_data_V, i4 %in_stream_V_keep_V, i4 %in_stream_V_strb_V, i1 0, i1 %in_stream_V_last_V, i1 0, i1 0, void @empty_7"   --->   Operation 39 'specaxissidechannel' 'specaxissidechannel_ln0' <Predicate = true> <Delay = 0.00>
ST_1 : Operation 40 [1/1] (0.00ns)   --->   "%specinterface_ln0 = specinterface void @_ssdm_op_SpecInterface, i1 %in_stream_V_last_V, i4 %in_stream_V_strb_V, i4 %in_stream_V_keep_V, i32 %in_stream_V_data_V, void @empty, i32 0, i32 0, void @empty_0, i32 0, i32 0, void @empty_1, void @empty_1, void @empty_1, i32 0, i32 0, i32 0, i32 0, void @empty_1, void @empty_1, i32 4294967295, i32 0, i32 0"   --->   Operation 40 'specinterface' 'specinterface_ln0' <Predicate = true> <Delay = 0.00>
ST_1 : Operation 41 [1/1] (0.38ns)   --->   "%store_ln32 = store i6 0, i6 %j" [kernel.cpp:32]   --->   Operation 41 'store' 'store_ln32' <Predicate = true> <Delay = 0.38>
ST_1 : Operation 42 [1/1] (0.00ns)   --->   "%br_ln32 = br void %for.body4" [kernel.cpp:32]   --->   Operation 42 'br' 'br_ln32' <Predicate = true> <Delay = 0.00>
ST_1 : Operation 43 [1/1] (0.00ns)   --->   "%j_1 = load i6 %j" [kernel.cpp:32]   --->   Operation 43 'load' 'j_1' <Predicate = true> <Delay = 0.00>
ST_1 : Operation 44 [1/1] (0.70ns)   --->   "%icmp_ln32 = icmp_eq  i6 %j_1, i6 32" [kernel.cpp:32]   --->   Operation 44 'icmp' 'icmp_ln32' <Predicate = true> <Delay = 0.70> <CoreInst = "Cmp">   --->   Core 9 'Cmp' <Latency = 0> <II = 1> <Delay = 0.70> <FuncUnit> <Opcode : 'seteq' 'setne' 'setle' 'setge' 'setlt' 'setgt'> <InPorts = 2> <OutPorts = 1>
ST_1 : Operation 45 [1/1] (0.70ns)   --->   "%add_ln32 = add i6 %j_1, i6 1" [kernel.cpp:32]   --->   Operation 45 'add' 'add_ln32' <Predicate = true> <Delay = 0.70> <CoreInst = "Adder">   --->   Core 1 'Adder' <Latency = 0> <II = 1> <Delay = 0.70> <FuncUnit> <Opcode : 'add' 'sub'> <InPorts = 2> <OutPorts = 1>
ST_1 : Operation 46 [1/1] (0.00ns)   --->   "%br_ln32 = br i1 %icmp_ln32, void %for.body4.split, void %for.inc22.exitStub" [kernel.cpp:32]   --->   Operation 46 'br' 'br_ln32' <Predicate = true> <Delay = 0.00>
ST_1 : Operation 47 [1/1] (0.00ns)   --->   "%trunc_ln32 = trunc i6 %j_1" [kernel.cpp:32]   --->   Operation 47 'trunc' 'trunc_ln32' <Predicate = (!icmp_ln32)> <Delay = 0.00>
ST_1 : Operation 48 [1/1] (0.07ns)   --->   "%empty = read i41 @_ssdm_op_Read.axis.volatile.i32P0A.i4P0A.i4P0A.i1P0A, i32 %in_stream_V_data_V, i4 %in_stream_V_keep_V, i4 %in_stream_V_strb_V, i1 %in_stream_V_last_V" [kernel.cpp:34]   --->   Operation 48 'read' 'empty' <Predicate = (!icmp_ln32)> <Delay = 0.07> <CoreInst = "regslice">   --->   Core 148 'regslice' <Latency = 0> <II = 1> <Delay = 0.65> <Adapter> <Opcode : 'read' 'write'>
ST_1 : Operation 49 [1/1] (0.00ns)   --->   "%f_p_data = extractvalue i41 %empty" [kernel.cpp:34]   --->   Operation 49 'extractvalue' 'f_p_data' <Predicate = (!icmp_ln32)> <Delay = 0.00>
ST_1 : Operation 50 [1/1] (0.00ns)   --->   "%xs_sign = bitselect i1 @_ssdm_op_BitSelect.i1.i32.i32, i32 %f_p_data, i32 31" [C:\scratch\2024.1\hls_product\545\2024.1\src\shared\hls\clib/src/hls\utils/x_hls_utils.h:294->C:\scratch\2024.1\hls_product\545\2024.1\src\shared\hls\clib/hlsmath/include/FloatingPoint\hls_case_IEEE754.h:13->C:\scratch\2024.1\hls_product\545\2024.1\src\shared\hls\clib/hlsmath/include/FloatingPoint\hls_case_IEEE754.h:117->C:\scratch\2024.1\hls_product\545\2024.1\src\shared\hls\clib\hlsmath\src\lib_floatconversion.cpp:49->kernel.cpp:40]   --->   Operation 50 'bitselect' 'xs_sign' <Predicate = (!icmp_ln32)> <Delay = 0.00>
ST_1 : Operation 51 [1/1] (0.00ns)   --->   "%xs_exp = partselect i8 @_ssdm_op_PartSelect.i8.i32.i32.i32, i32 %f_p_data, i32 23, i32 30" [C:\scratch\2024.1\hls_product\545\2024.1\src\shared\hls\clib/src/hls\utils/x_hls_utils.h:295->C:\scratch\2024.1\hls_product\545\2024.1\src\shared\hls\clib/hlsmath/include/FloatingPoint\hls_case_IEEE754.h:13->C:\scratch\2024.1\hls_product\545\2024.1\src\shared\hls\clib/hlsmath/include/FloatingPoint\hls_case_IEEE754.h:117->C:\scratch\2024.1\hls_product\545\2024.1\src\shared\hls\clib\hlsmath\src\lib_floatconversion.cpp:49->kernel.cpp:40]   --->   Operation 51 'partselect' 'xs_exp' <Predicate = (!icmp_ln32)> <Delay = 0.00>
ST_1 : Operation 52 [1/1] (0.00ns)   --->   "%trunc_ln342 = trunc i32 %f_p_data" [C:\scratch\2024.1\hls_product\545\2024.1\src\shared\hls\clib/src/hls\utils/x_hls_utils.h:342->C:\scratch\2024.1\hls_product\545\2024.1\src\shared\hls\clib/hlsmath/include/FloatingPoint\hls_case_IEEE754.h:15->C:\scratch\2024.1\hls_product\545\2024.1\src\shared\hls\clib/hlsmath/include/FloatingPoint\hls_case_IEEE754.h:117->C:\scratch\2024.1\hls_product\545\2024.1\src\shared\hls\clib\hlsmath\src\lib_floatconversion.cpp:49->kernel.cpp:40]   --->   Operation 52 'trunc' 'trunc_ln342' <Predicate = (!icmp_ln32)> <Delay = 0.00>
ST_1 : Operation 53 [1/1] (0.00ns)   --->   "%zext_ln317 = zext i8 %xs_exp" [C:\scratch\2024.1\hls_product\545\2024.1\src\shared\hls\clib/src/hls\utils/x_hls_utils.h:317->C:\scratch\2024.1\hls_product\545\2024.1\src\shared\hls\clib/hlsmath/include/FloatingPoint\hls_case_IEEE754.h:18->C:\scratch\2024.1\hls_product\545\2024.1\src\shared\hls\clib/hlsmath/include/FloatingPoint\hls_case_IEEE754.h:117->C:\scratch\2024.1\hls_product\545\2024.1\src\shared\hls\clib\hlsmath\src\lib_floatconversion.cpp:49->kernel.cpp:40]   --->   Operation 53 'zext' 'zext_ln317' <Predicate = (!icmp_ln32)> <Delay = 0.00>
ST_1 : Operation 54 [1/1] (0.70ns)   --->   "%add_ln317 = add i9 %zext_ln317, i9 385" [C:\scratch\2024.1\hls_product\545\2024.1\src\shared\hls\clib/src/hls\utils/x_hls_utils.h:317->C:\scratch\2024.1\hls_product\545\2024.1\src\shared\hls\clib/hlsmath/include/FloatingPoint\hls_case_IEEE754.h:18->C:\scratch\2024.1\hls_product\545\2024.1\src\shared\hls\clib/hlsmath/include/FloatingPoint\hls_case_IEEE754.h:117->C:\scratch\2024.1\hls_product\545\2024.1\src\shared\hls\clib\hlsmath\src\lib_floatconversion.cpp:49->kernel.cpp:40]   --->   Operation 54 'add' 'add_ln317' <Predicate = (!icmp_ln32)> <Delay = 0.70> <CoreInst = "Adder">   --->   Core 1 'Adder' <Latency = 0> <II = 1> <Delay = 0.70> <FuncUnit> <Opcode : 'add' 'sub'> <InPorts = 2> <OutPorts = 1>
ST_1 : Operation 55 [1/1] (0.00ns)   --->   "%tmp = bitselect i1 @_ssdm_op_BitSelect.i1.i9.i32, i9 %add_ln317, i32 8" [C:\scratch\2024.1\hls_product\545\2024.1\src\shared\hls\clib/hlsmath/include/FloatingPoint\hls_case_IEEE754.h:18->C:\scratch\2024.1\hls_product\545\2024.1\src\shared\hls\clib/hlsmath/include/FloatingPoint\hls_case_IEEE754.h:117->C:\scratch\2024.1\hls_product\545\2024.1\src\shared\hls\clib\hlsmath\src\lib_floatconversion.cpp:49->kernel.cpp:40]   --->   Operation 55 'bitselect' 'tmp' <Predicate = (!icmp_ln32)> <Delay = 0.00>
ST_1 : Operation 56 [1/1] (0.70ns)   --->   "%sub_ln18 = sub i8 127, i8 %xs_exp" [C:\scratch\2024.1\hls_product\545\2024.1\src\shared\hls\clib/hlsmath/include/FloatingPoint\hls_case_IEEE754.h:18->C:\scratch\2024.1\hls_product\545\2024.1\src\shared\hls\clib/hlsmath/include/FloatingPoint\hls_case_IEEE754.h:117->C:\scratch\2024.1\hls_product\545\2024.1\src\shared\hls\clib\hlsmath\src\lib_floatconversion.cpp:49->kernel.cpp:40]   --->   Operation 56 'sub' 'sub_ln18' <Predicate = (!icmp_ln32)> <Delay = 0.70> <CoreInst = "Adder">   --->   Core 1 'Adder' <Latency = 0> <II = 1> <Delay = 0.70> <FuncUnit> <Opcode : 'add' 'sub'> <InPorts = 2> <OutPorts = 1>
ST_1 : Operation 57 [1/1] (0.00ns)   --->   "%sext_ln18 = sext i8 %sub_ln18" [C:\scratch\2024.1\hls_product\545\2024.1\src\shared\hls\clib/hlsmath/include/FloatingPoint\hls_case_IEEE754.h:18->C:\scratch\2024.1\hls_product\545\2024.1\src\shared\hls\clib/hlsmath/include/FloatingPoint\hls_case_IEEE754.h:117->C:\scratch\2024.1\hls_product\545\2024.1\src\shared\hls\clib\hlsmath\src\lib_floatconversion.cpp:49->kernel.cpp:40]   --->   Operation 57 'sext' 'sext_ln18' <Predicate = (!icmp_ln32)> <Delay = 0.00>
ST_1 : Operation 58 [1/1] (0.30ns)   --->   "%select_ln18 = select i1 %tmp, i9 %sext_ln18, i9 %add_ln317" [C:\scratch\2024.1\hls_product\545\2024.1\src\shared\hls\clib/hlsmath/include/FloatingPoint\hls_case_IEEE754.h:18->C:\scratch\2024.1\hls_product\545\2024.1\src\shared\hls\clib/hlsmath/include/FloatingPoint\hls_case_IEEE754.h:117->C:\scratch\2024.1\hls_product\545\2024.1\src\shared\hls\clib\hlsmath\src\lib_floatconversion.cpp:49->kernel.cpp:40]   --->   Operation 58 'select' 'select_ln18' <Predicate = (!icmp_ln32)> <Delay = 0.30> <CoreInst = "Sel">   --->   Core 73 'Sel' <Latency = 0> <II = 1> <Delay = 0.30> <FuncUnit> <Opcode : 'select'> <InPorts = 3> <OutPorts = 1>
ST_1 : Operation 59 [1/1] (0.67ns)   --->   "%switch_ln44 = switch i5 %trunc_ln32, void %arrayidx.case.31, i5 0, void %for.body4.split.arrayidx.exit_crit_edge7, i5 1, void %arrayidx.case.1, i5 2, void %arrayidx.case.2, i5 3, void %arrayidx.case.3, i5 4, void %arrayidx.case.4, i5 5, void %arrayidx.case.5, i5 6, void %arrayidx.case.6, i5 7, void %arrayidx.case.7, i5 8, void %arrayidx.case.8, i5 9, void %arrayidx.case.9, i5 10, void %arrayidx.case.10, i5 11, void %arrayidx.case.11, i5 12, void %arrayidx.case.12, i5 13, void %arrayidx.case.13, i5 14, void %arrayidx.case.14, i5 15, void %arrayidx.case.15, i5 16, void %arrayidx.case.16, i5 17, void %arrayidx.case.17, i5 18, void %arrayidx.case.18, i5 19, void %arrayidx.case.19, i5 20, void %arrayidx.case.20, i5 21, void %arrayidx.case.21, i5 22, void %arrayidx.case.22, i5 23, void %arrayidx.case.23, i5 24, void %arrayidx.case.24, i5 25, void %arrayidx.case.25, i5 26, void %arrayidx.case.26, i5 27, void %arrayidx.case.27, i5 28, void %arrayidx.case.28, i5 29, void %arrayidx.case.29, i5 30, void %for.body4.split.arrayidx.exit_crit_edge" [kernel.cpp:44]   --->   Operation 59 'switch' 'switch_ln44' <Predicate = (!icmp_ln32)> <Delay = 0.67>
ST_1 : Operation 60 [1/1] (0.38ns)   --->   "%store_ln32 = store i6 %add_ln32, i6 %j" [kernel.cpp:32]   --->   Operation 60 'store' 'store_ln32' <Predicate = (!icmp_ln32)> <Delay = 0.38>
ST_1 : Operation 61 [1/1] (0.00ns)   --->   "%br_ln32 = br void %for.body4" [kernel.cpp:32]   --->   Operation 61 'br' 'br_ln32' <Predicate = (!icmp_ln32)> <Delay = 0.00>

State 2 <SV = 1> <Delay = 2.36>
ST_2 : Operation 62 [1/1] (0.00ns)   --->   "%mantissa = bitconcatenate i25 @_ssdm_op_BitConcatenate.i25.i1.i23.i1, i1 1, i23 %trunc_ln342, i1 0" [C:\scratch\2024.1\hls_product\545\2024.1\src\shared\hls\clib/hlsmath/include/FloatingPoint\hls_case_IEEE754.h:15->C:\scratch\2024.1\hls_product\545\2024.1\src\shared\hls\clib/hlsmath/include/FloatingPoint\hls_case_IEEE754.h:117->C:\scratch\2024.1\hls_product\545\2024.1\src\shared\hls\clib\hlsmath\src\lib_floatconversion.cpp:49->kernel.cpp:40]   --->   Operation 62 'bitconcatenate' 'mantissa' <Predicate = true> <Delay = 0.00>
ST_2 : Operation 63 [1/1] (0.00ns)   --->   "%zext_ln15 = zext i25 %mantissa" [C:\scratch\2024.1\hls_product\545\2024.1\src\shared\hls\clib/hlsmath/include/FloatingPoint\hls_case_IEEE754.h:15->C:\scratch\2024.1\hls_product\545\2024.1\src\shared\hls\clib/hlsmath/include/FloatingPoint\hls_case_IEEE754.h:117->C:\scratch\2024.1\hls_product\545\2024.1\src\shared\hls\clib\hlsmath\src\lib_floatconversion.cpp:49->kernel.cpp:40]   --->   Operation 63 'zext' 'zext_ln15' <Predicate = true> <Delay = 0.00>
ST_2 : Operation 64 [1/1] (0.00ns)   --->   "%sext_ln18_1 = sext i9 %select_ln18" [C:\scratch\2024.1\hls_product\545\2024.1\src\shared\hls\clib/hlsmath/include/FloatingPoint\hls_case_IEEE754.h:18->C:\scratch\2024.1\hls_product\545\2024.1\src\shared\hls\clib/hlsmath/include/FloatingPoint\hls_case_IEEE754.h:117->C:\scratch\2024.1\hls_product\545\2024.1\src\shared\hls\clib\hlsmath\src\lib_floatconversion.cpp:49->kernel.cpp:40]   --->   Operation 64 'sext' 'sext_ln18_1' <Predicate = true> <Delay = 0.00>
ST_2 : Operation 65 [1/1] (0.00ns)   --->   "%zext_ln18 = zext i32 %sext_ln18_1" [C:\scratch\2024.1\hls_product\545\2024.1\src\shared\hls\clib/hlsmath/include/FloatingPoint\hls_case_IEEE754.h:18->C:\scratch\2024.1\hls_product\545\2024.1\src\shared\hls\clib/hlsmath/include/FloatingPoint\hls_case_IEEE754.h:117->C:\scratch\2024.1\hls_product\545\2024.1\src\shared\hls\clib\hlsmath\src\lib_floatconversion.cpp:49->kernel.cpp:40]   --->   Operation 65 'zext' 'zext_ln18' <Predicate = true> <Delay = 0.00>
ST_2 : Operation 66 [1/1] (1.05ns)   --->   "%lshr_ln18 = lshr i55 %zext_ln15, i55 %zext_ln18" [C:\scratch\2024.1\hls_product\545\2024.1\src\shared\hls\clib/hlsmath/include/FloatingPoint\hls_case_IEEE754.h:18->C:\scratch\2024.1\hls_product\545\2024.1\src\shared\hls\clib/hlsmath/include/FloatingPoint\hls_case_IEEE754.h:117->C:\scratch\2024.1\hls_product\545\2024.1\src\shared\hls\clib\hlsmath\src\lib_floatconversion.cpp:49->kernel.cpp:40]   --->   Operation 66 'lshr' 'lshr_ln18' <Predicate = (tmp)> <Delay = 1.05> <CoreInst = "Shifter">   --->   Core 75 'Shifter' <Latency = 0> <II = 1> <Delay = 1.05> <FuncUnit> <Opcode : 'shl' 'lshr' 'ashr'> <InPorts = 2> <OutPorts = 1>
ST_2 : Operation 67 [1/1] (1.05ns)   --->   "%shl_ln18 = shl i55 %zext_ln15, i55 %zext_ln18" [C:\scratch\2024.1\hls_product\545\2024.1\src\shared\hls\clib/hlsmath/include/FloatingPoint\hls_case_IEEE754.h:18->C:\scratch\2024.1\hls_product\545\2024.1\src\shared\hls\clib/hlsmath/include/FloatingPoint\hls_case_IEEE754.h:117->C:\scratch\2024.1\hls_product\545\2024.1\src\shared\hls\clib\hlsmath\src\lib_floatconversion.cpp:49->kernel.cpp:40]   --->   Operation 67 'shl' 'shl_ln18' <Predicate = (!tmp)> <Delay = 1.05> <CoreInst = "Shifter">   --->   Core 75 'Shifter' <Latency = 0> <II = 1> <Delay = 1.05> <FuncUnit> <Opcode : 'shl' 'lshr' 'ashr'> <InPorts = 2> <OutPorts = 1>
ST_2 : Operation 68 [1/1] (0.00ns)   --->   "%tmp_3 = partselect i8 @_ssdm_op_PartSelect.i8.i55.i32.i32, i55 %lshr_ln18, i32 24, i32 31" [C:\scratch\2024.1\hls_product\545\2024.1\src\shared\hls\clib/hlsmath/include/FloatingPoint\hls_case_IEEE754.h:21->C:\scratch\2024.1\hls_product\545\2024.1\src\shared\hls\clib/hlsmath/include/FloatingPoint\hls_case_IEEE754.h:117->C:\scratch\2024.1\hls_product\545\2024.1\src\shared\hls\clib\hlsmath\src\lib_floatconversion.cpp:49->kernel.cpp:40]   --->   Operation 68 'partselect' 'tmp_3' <Predicate = (tmp)> <Delay = 0.00>
ST_2 : Operation 69 [1/1] (0.00ns)   --->   "%tmp_4 = partselect i8 @_ssdm_op_PartSelect.i8.i55.i32.i32, i55 %shl_ln18, i32 24, i32 31" [C:\scratch\2024.1\hls_product\545\2024.1\src\shared\hls\clib/hlsmath/include/FloatingPoint\hls_case_IEEE754.h:21->C:\scratch\2024.1\hls_product\545\2024.1\src\shared\hls\clib/hlsmath/include/FloatingPoint\hls_case_IEEE754.h:117->C:\scratch\2024.1\hls_product\545\2024.1\src\shared\hls\clib\hlsmath\src\lib_floatconversion.cpp:49->kernel.cpp:40]   --->   Operation 69 'partselect' 'tmp_4' <Predicate = (!tmp)> <Delay = 0.00>
ST_2 : Operation 70 [1/1] (0.30ns)   --->   "%val = select i1 %tmp, i8 %tmp_3, i8 %tmp_4" [C:\scratch\2024.1\hls_product\545\2024.1\src\shared\hls\clib/hlsmath/include/FloatingPoint\hls_case_IEEE754.h:18->C:\scratch\2024.1\hls_product\545\2024.1\src\shared\hls\clib/hlsmath/include/FloatingPoint\hls_case_IEEE754.h:117->C:\scratch\2024.1\hls_product\545\2024.1\src\shared\hls\clib\hlsmath\src\lib_floatconversion.cpp:49->kernel.cpp:40]   --->   Operation 70 'select' 'val' <Predicate = true> <Delay = 0.30> <CoreInst = "Sel">   --->   Core 73 'Sel' <Latency = 0> <II = 1> <Delay = 0.30> <FuncUnit> <Opcode : 'select'> <InPorts = 3> <OutPorts = 1>
ST_2 : Operation 71 [1/1] (0.70ns)   --->   "%sub_ln59 = sub i8 0, i8 %val" [C:\scratch\2024.1\hls_product\545\2024.1\src\shared\hls\clib/hlsmath/include/FloatingPoint\hls_case_IEEE754.h:59->C:\scratch\2024.1\hls_product\545\2024.1\src\shared\hls\clib/hlsmath/include/FloatingPoint\hls_case_IEEE754.h:117->C:\scratch\2024.1\hls_product\545\2024.1\src\shared\hls\clib\hlsmath\src\lib_floatconversion.cpp:49->kernel.cpp:40]   --->   Operation 71 'sub' 'sub_ln59' <Predicate = (xs_sign)> <Delay = 0.70> <CoreInst = "Adder">   --->   Core 1 'Adder' <Latency = 0> <II = 1> <Delay = 0.70> <FuncUnit> <Opcode : 'add' 'sub'> <InPorts = 2> <OutPorts = 1>
ST_2 : Operation 72 [1/1] (0.30ns)   --->   "%result = select i1 %xs_sign, i8 %sub_ln59, i8 %val" [C:\scratch\2024.1\hls_product\545\2024.1\src\shared\hls\clib/hlsmath/include/FloatingPoint\hls_case_IEEE754.h:59->C:\scratch\2024.1\hls_product\545\2024.1\src\shared\hls\clib/hlsmath/include/FloatingPoint\hls_case_IEEE754.h:117->C:\scratch\2024.1\hls_product\545\2024.1\src\shared\hls\clib\hlsmath\src\lib_floatconversion.cpp:49->kernel.cpp:40]   --->   Operation 72 'select' 'result' <Predicate = true> <Delay = 0.30> <CoreInst = "Sel">   --->   Core 73 'Sel' <Latency = 0> <II = 1> <Delay = 0.30> <FuncUnit> <Opcode : 'select'> <InPorts = 3> <OutPorts = 1>
ST_2 : Operation 73 [1/1] (0.00ns)   --->   "%tmp_1 = partselect i5 @_ssdm_op_PartSelect.i5.i8.i32.i32, i8 %result, i32 3, i32 7" [kernel.cpp:41]   --->   Operation 73 'partselect' 'tmp_1' <Predicate = true> <Delay = 0.00>
ST_2 : Operation 146 [1/1] (0.00ns)   --->   "%buffer_load = load i4 %buffer"   --->   Operation 146 'load' 'buffer_load' <Predicate = (icmp_ln32)> <Delay = 0.00>
ST_2 : Operation 147 [1/1] (0.00ns)   --->   "%buffer_1_load = load i4 %buffer_1"   --->   Operation 147 'load' 'buffer_1_load' <Predicate = (icmp_ln32)> <Delay = 0.00>
ST_2 : Operation 148 [1/1] (0.00ns)   --->   "%buffer_2_load = load i4 %buffer_2"   --->   Operation 148 'load' 'buffer_2_load' <Predicate = (icmp_ln32)> <Delay = 0.00>
ST_2 : Operation 149 [1/1] (0.00ns)   --->   "%buffer_3_load = load i4 %buffer_3"   --->   Operation 149 'load' 'buffer_3_load' <Predicate = (icmp_ln32)> <Delay = 0.00>
ST_2 : Operation 150 [1/1] (0.00ns)   --->   "%buffer_4_load = load i4 %buffer_4"   --->   Operation 150 'load' 'buffer_4_load' <Predicate = (icmp_ln32)> <Delay = 0.00>
ST_2 : Operation 151 [1/1] (0.00ns)   --->   "%buffer_5_load = load i4 %buffer_5"   --->   Operation 151 'load' 'buffer_5_load' <Predicate = (icmp_ln32)> <Delay = 0.00>
ST_2 : Operation 152 [1/1] (0.00ns)   --->   "%buffer_6_load = load i4 %buffer_6"   --->   Operation 152 'load' 'buffer_6_load' <Predicate = (icmp_ln32)> <Delay = 0.00>
ST_2 : Operation 153 [1/1] (0.00ns)   --->   "%buffer_7_load = load i4 %buffer_7"   --->   Operation 153 'load' 'buffer_7_load' <Predicate = (icmp_ln32)> <Delay = 0.00>
ST_2 : Operation 154 [1/1] (0.00ns)   --->   "%buffer_8_load = load i4 %buffer_8"   --->   Operation 154 'load' 'buffer_8_load' <Predicate = (icmp_ln32)> <Delay = 0.00>
ST_2 : Operation 155 [1/1] (0.00ns)   --->   "%buffer_9_load = load i4 %buffer_9"   --->   Operation 155 'load' 'buffer_9_load' <Predicate = (icmp_ln32)> <Delay = 0.00>
ST_2 : Operation 156 [1/1] (0.00ns)   --->   "%buffer_10_load = load i4 %buffer_10"   --->   Operation 156 'load' 'buffer_10_load' <Predicate = (icmp_ln32)> <Delay = 0.00>
ST_2 : Operation 157 [1/1] (0.00ns)   --->   "%buffer_11_load = load i4 %buffer_11"   --->   Operation 157 'load' 'buffer_11_load' <Predicate = (icmp_ln32)> <Delay = 0.00>
ST_2 : Operation 158 [1/1] (0.00ns)   --->   "%buffer_12_load = load i4 %buffer_12"   --->   Operation 158 'load' 'buffer_12_load' <Predicate = (icmp_ln32)> <Delay = 0.00>
ST_2 : Operation 159 [1/1] (0.00ns)   --->   "%buffer_13_load = load i4 %buffer_13"   --->   Operation 159 'load' 'buffer_13_load' <Predicate = (icmp_ln32)> <Delay = 0.00>
ST_2 : Operation 160 [1/1] (0.00ns)   --->   "%buffer_14_load = load i4 %buffer_14"   --->   Operation 160 'load' 'buffer_14_load' <Predicate = (icmp_ln32)> <Delay = 0.00>
ST_2 : Operation 161 [1/1] (0.00ns)   --->   "%buffer_15_load = load i4 %buffer_15"   --->   Operation 161 'load' 'buffer_15_load' <Predicate = (icmp_ln32)> <Delay = 0.00>
ST_2 : Operation 162 [1/1] (0.00ns)   --->   "%buffer_16_load = load i4 %buffer_16"   --->   Operation 162 'load' 'buffer_16_load' <Predicate = (icmp_ln32)> <Delay = 0.00>
ST_2 : Operation 163 [1/1] (0.00ns)   --->   "%buffer_17_load = load i4 %buffer_17"   --->   Operation 163 'load' 'buffer_17_load' <Predicate = (icmp_ln32)> <Delay = 0.00>
ST_2 : Operation 164 [1/1] (0.00ns)   --->   "%buffer_18_load = load i4 %buffer_18"   --->   Operation 164 'load' 'buffer_18_load' <Predicate = (icmp_ln32)> <Delay = 0.00>
ST_2 : Operation 165 [1/1] (0.00ns)   --->   "%buffer_19_load = load i4 %buffer_19"   --->   Operation 165 'load' 'buffer_19_load' <Predicate = (icmp_ln32)> <Delay = 0.00>
ST_2 : Operation 166 [1/1] (0.00ns)   --->   "%buffer_20_load = load i4 %buffer_20"   --->   Operation 166 'load' 'buffer_20_load' <Predicate = (icmp_ln32)> <Delay = 0.00>
ST_2 : Operation 167 [1/1] (0.00ns)   --->   "%buffer_21_load = load i4 %buffer_21"   --->   Operation 167 'load' 'buffer_21_load' <Predicate = (icmp_ln32)> <Delay = 0.00>
ST_2 : Operation 168 [1/1] (0.00ns)   --->   "%buffer_22_load = load i4 %buffer_22"   --->   Operation 168 'load' 'buffer_22_load' <Predicate = (icmp_ln32)> <Delay = 0.00>
ST_2 : Operation 169 [1/1] (0.00ns)   --->   "%buffer_23_load = load i4 %buffer_23"   --->   Operation 169 'load' 'buffer_23_load' <Predicate = (icmp_ln32)> <Delay = 0.00>
ST_2 : Operation 170 [1/1] (0.00ns)   --->   "%buffer_24_load = load i4 %buffer_24"   --->   Operation 170 'load' 'buffer_24_load' <Predicate = (icmp_ln32)> <Delay = 0.00>
ST_2 : Operation 171 [1/1] (0.00ns)   --->   "%buffer_25_load = load i4 %buffer_25"   --->   Operation 171 'load' 'buffer_25_load' <Predicate = (icmp_ln32)> <Delay = 0.00>
ST_2 : Operation 172 [1/1] (0.00ns)   --->   "%buffer_26_load = load i4 %buffer_26"   --->   Operation 172 'load' 'buffer_26_load' <Predicate = (icmp_ln32)> <Delay = 0.00>
ST_2 : Operation 173 [1/1] (0.00ns)   --->   "%buffer_27_load = load i4 %buffer_27"   --->   Operation 173 'load' 'buffer_27_load' <Predicate = (icmp_ln32)> <Delay = 0.00>
ST_2 : Operation 174 [1/1] (0.00ns)   --->   "%buffer_28_load = load i4 %buffer_28"   --->   Operation 174 'load' 'buffer_28_load' <Predicate = (icmp_ln32)> <Delay = 0.00>
ST_2 : Operation 175 [1/1] (0.00ns)   --->   "%buffer_29_load = load i4 %buffer_29"   --->   Operation 175 'load' 'buffer_29_load' <Predicate = (icmp_ln32)> <Delay = 0.00>
ST_2 : Operation 176 [1/1] (0.00ns)   --->   "%buffer_30_load = load i4 %buffer_30"   --->   Operation 176 'load' 'buffer_30_load' <Predicate = (icmp_ln32)> <Delay = 0.00>
ST_2 : Operation 177 [1/1] (0.00ns)   --->   "%buffer_31_load = load i4 %buffer_31"   --->   Operation 177 'load' 'buffer_31_load' <Predicate = (icmp_ln32)> <Delay = 0.00>
ST_2 : Operation 178 [1/1] (0.00ns)   --->   "%write_ln0 = write void @_ssdm_op_Write.ap_auto.i4P0A, i4 %buffer_31_out, i4 %buffer_31_load"   --->   Operation 178 'write' 'write_ln0' <Predicate = (icmp_ln32)> <Delay = 0.00>
ST_2 : Operation 179 [1/1] (0.00ns)   --->   "%write_ln0 = write void @_ssdm_op_Write.ap_auto.i4P0A, i4 %buffer_30_out, i4 %buffer_30_load"   --->   Operation 179 'write' 'write_ln0' <Predicate = (icmp_ln32)> <Delay = 0.00>
ST_2 : Operation 180 [1/1] (0.00ns)   --->   "%write_ln0 = write void @_ssdm_op_Write.ap_auto.i4P0A, i4 %buffer_29_out, i4 %buffer_29_load"   --->   Operation 180 'write' 'write_ln0' <Predicate = (icmp_ln32)> <Delay = 0.00>
ST_2 : Operation 181 [1/1] (0.00ns)   --->   "%write_ln0 = write void @_ssdm_op_Write.ap_auto.i4P0A, i4 %buffer_28_out, i4 %buffer_28_load"   --->   Operation 181 'write' 'write_ln0' <Predicate = (icmp_ln32)> <Delay = 0.00>
ST_2 : Operation 182 [1/1] (0.00ns)   --->   "%write_ln0 = write void @_ssdm_op_Write.ap_auto.i4P0A, i4 %buffer_27_out, i4 %buffer_27_load"   --->   Operation 182 'write' 'write_ln0' <Predicate = (icmp_ln32)> <Delay = 0.00>
ST_2 : Operation 183 [1/1] (0.00ns)   --->   "%write_ln0 = write void @_ssdm_op_Write.ap_auto.i4P0A, i4 %buffer_26_out, i4 %buffer_26_load"   --->   Operation 183 'write' 'write_ln0' <Predicate = (icmp_ln32)> <Delay = 0.00>
ST_2 : Operation 184 [1/1] (0.00ns)   --->   "%write_ln0 = write void @_ssdm_op_Write.ap_auto.i4P0A, i4 %buffer_25_out, i4 %buffer_25_load"   --->   Operation 184 'write' 'write_ln0' <Predicate = (icmp_ln32)> <Delay = 0.00>
ST_2 : Operation 185 [1/1] (0.00ns)   --->   "%write_ln0 = write void @_ssdm_op_Write.ap_auto.i4P0A, i4 %buffer_24_out, i4 %buffer_24_load"   --->   Operation 185 'write' 'write_ln0' <Predicate = (icmp_ln32)> <Delay = 0.00>
ST_2 : Operation 186 [1/1] (0.00ns)   --->   "%write_ln0 = write void @_ssdm_op_Write.ap_auto.i4P0A, i4 %buffer_23_out, i4 %buffer_23_load"   --->   Operation 186 'write' 'write_ln0' <Predicate = (icmp_ln32)> <Delay = 0.00>
ST_2 : Operation 187 [1/1] (0.00ns)   --->   "%write_ln0 = write void @_ssdm_op_Write.ap_auto.i4P0A, i4 %buffer_22_out, i4 %buffer_22_load"   --->   Operation 187 'write' 'write_ln0' <Predicate = (icmp_ln32)> <Delay = 0.00>
ST_2 : Operation 188 [1/1] (0.00ns)   --->   "%write_ln0 = write void @_ssdm_op_Write.ap_auto.i4P0A, i4 %buffer_21_out, i4 %buffer_21_load"   --->   Operation 188 'write' 'write_ln0' <Predicate = (icmp_ln32)> <Delay = 0.00>
ST_2 : Operation 189 [1/1] (0.00ns)   --->   "%write_ln0 = write void @_ssdm_op_Write.ap_auto.i4P0A, i4 %buffer_20_out, i4 %buffer_20_load"   --->   Operation 189 'write' 'write_ln0' <Predicate = (icmp_ln32)> <Delay = 0.00>
ST_2 : Operation 190 [1/1] (0.00ns)   --->   "%write_ln0 = write void @_ssdm_op_Write.ap_auto.i4P0A, i4 %buffer_19_out, i4 %buffer_19_load"   --->   Operation 190 'write' 'write_ln0' <Predicate = (icmp_ln32)> <Delay = 0.00>
ST_2 : Operation 191 [1/1] (0.00ns)   --->   "%write_ln0 = write void @_ssdm_op_Write.ap_auto.i4P0A, i4 %buffer_18_out, i4 %buffer_18_load"   --->   Operation 191 'write' 'write_ln0' <Predicate = (icmp_ln32)> <Delay = 0.00>
ST_2 : Operation 192 [1/1] (0.00ns)   --->   "%write_ln0 = write void @_ssdm_op_Write.ap_auto.i4P0A, i4 %buffer_17_out, i4 %buffer_17_load"   --->   Operation 192 'write' 'write_ln0' <Predicate = (icmp_ln32)> <Delay = 0.00>
ST_2 : Operation 193 [1/1] (0.00ns)   --->   "%write_ln0 = write void @_ssdm_op_Write.ap_auto.i4P0A, i4 %buffer_16_out, i4 %buffer_16_load"   --->   Operation 193 'write' 'write_ln0' <Predicate = (icmp_ln32)> <Delay = 0.00>
ST_2 : Operation 194 [1/1] (0.00ns)   --->   "%write_ln0 = write void @_ssdm_op_Write.ap_auto.i4P0A, i4 %buffer_15_out, i4 %buffer_15_load"   --->   Operation 194 'write' 'write_ln0' <Predicate = (icmp_ln32)> <Delay = 0.00>
ST_2 : Operation 195 [1/1] (0.00ns)   --->   "%write_ln0 = write void @_ssdm_op_Write.ap_auto.i4P0A, i4 %buffer_14_out, i4 %buffer_14_load"   --->   Operation 195 'write' 'write_ln0' <Predicate = (icmp_ln32)> <Delay = 0.00>
ST_2 : Operation 196 [1/1] (0.00ns)   --->   "%write_ln0 = write void @_ssdm_op_Write.ap_auto.i4P0A, i4 %buffer_13_out, i4 %buffer_13_load"   --->   Operation 196 'write' 'write_ln0' <Predicate = (icmp_ln32)> <Delay = 0.00>
ST_2 : Operation 197 [1/1] (0.00ns)   --->   "%write_ln0 = write void @_ssdm_op_Write.ap_auto.i4P0A, i4 %buffer_12_out, i4 %buffer_12_load"   --->   Operation 197 'write' 'write_ln0' <Predicate = (icmp_ln32)> <Delay = 0.00>
ST_2 : Operation 198 [1/1] (0.00ns)   --->   "%write_ln0 = write void @_ssdm_op_Write.ap_auto.i4P0A, i4 %buffer_11_out, i4 %buffer_11_load"   --->   Operation 198 'write' 'write_ln0' <Predicate = (icmp_ln32)> <Delay = 0.00>
ST_2 : Operation 199 [1/1] (0.00ns)   --->   "%write_ln0 = write void @_ssdm_op_Write.ap_auto.i4P0A, i4 %buffer_10_out, i4 %buffer_10_load"   --->   Operation 199 'write' 'write_ln0' <Predicate = (icmp_ln32)> <Delay = 0.00>
ST_2 : Operation 200 [1/1] (0.00ns)   --->   "%write_ln0 = write void @_ssdm_op_Write.ap_auto.i4P0A, i4 %buffer_9_out, i4 %buffer_9_load"   --->   Operation 200 'write' 'write_ln0' <Predicate = (icmp_ln32)> <Delay = 0.00>
ST_2 : Operation 201 [1/1] (0.00ns)   --->   "%write_ln0 = write void @_ssdm_op_Write.ap_auto.i4P0A, i4 %buffer_8_out, i4 %buffer_8_load"   --->   Operation 201 'write' 'write_ln0' <Predicate = (icmp_ln32)> <Delay = 0.00>
ST_2 : Operation 202 [1/1] (0.00ns)   --->   "%write_ln0 = write void @_ssdm_op_Write.ap_auto.i4P0A, i4 %buffer_7_out, i4 %buffer_7_load"   --->   Operation 202 'write' 'write_ln0' <Predicate = (icmp_ln32)> <Delay = 0.00>
ST_2 : Operation 203 [1/1] (0.00ns)   --->   "%write_ln0 = write void @_ssdm_op_Write.ap_auto.i4P0A, i4 %buffer_6_out, i4 %buffer_6_load"   --->   Operation 203 'write' 'write_ln0' <Predicate = (icmp_ln32)> <Delay = 0.00>
ST_2 : Operation 204 [1/1] (0.00ns)   --->   "%write_ln0 = write void @_ssdm_op_Write.ap_auto.i4P0A, i4 %buffer_5_out, i4 %buffer_5_load"   --->   Operation 204 'write' 'write_ln0' <Predicate = (icmp_ln32)> <Delay = 0.00>
ST_2 : Operation 205 [1/1] (0.00ns)   --->   "%write_ln0 = write void @_ssdm_op_Write.ap_auto.i4P0A, i4 %buffer_4_out, i4 %buffer_4_load"   --->   Operation 205 'write' 'write_ln0' <Predicate = (icmp_ln32)> <Delay = 0.00>
ST_2 : Operation 206 [1/1] (0.00ns)   --->   "%write_ln0 = write void @_ssdm_op_Write.ap_auto.i4P0A, i4 %buffer_3_out, i4 %buffer_3_load"   --->   Operation 206 'write' 'write_ln0' <Predicate = (icmp_ln32)> <Delay = 0.00>
ST_2 : Operation 207 [1/1] (0.00ns)   --->   "%write_ln0 = write void @_ssdm_op_Write.ap_auto.i4P0A, i4 %buffer_2_out, i4 %buffer_2_load"   --->   Operation 207 'write' 'write_ln0' <Predicate = (icmp_ln32)> <Delay = 0.00>
ST_2 : Operation 208 [1/1] (0.00ns)   --->   "%write_ln0 = write void @_ssdm_op_Write.ap_auto.i4P0A, i4 %buffer_1_out, i4 %buffer_1_load"   --->   Operation 208 'write' 'write_ln0' <Predicate = (icmp_ln32)> <Delay = 0.00>
ST_2 : Operation 209 [1/1] (0.00ns)   --->   "%write_ln0 = write void @_ssdm_op_Write.ap_auto.i4P0A, i4 %buffer_out, i4 %buffer_load"   --->   Operation 209 'write' 'write_ln0' <Predicate = (icmp_ln32)> <Delay = 0.00>
ST_2 : Operation 210 [1/1] (0.38ns)   --->   "%ret_ln0 = ret"   --->   Operation 210 'ret' 'ret_ln0' <Predicate = (icmp_ln32)> <Delay = 0.38>

State 3 <SV = 2> <Delay = 2.06>
ST_3 : Operation 74 [1/1] (0.00ns)   --->   "%specpipeline_ln33 = specpipeline void @_ssdm_op_SpecPipeline, i32 1, i32 0, i32 0, i32 0, void @empty_1" [kernel.cpp:33]   --->   Operation 74 'specpipeline' 'specpipeline_ln33' <Predicate = true> <Delay = 0.00>
ST_3 : Operation 75 [1/1] (0.00ns)   --->   "%speclooptripcount_ln28 = speclooptripcount void @_ssdm_op_SpecLoopTripCount, i64 32, i64 32, i64 32" [kernel.cpp:28]   --->   Operation 75 'speclooptripcount' 'speclooptripcount_ln28' <Predicate = true> <Delay = 0.00>
ST_3 : Operation 76 [1/1] (0.00ns)   --->   "%specloopname_ln32 = specloopname void @_ssdm_op_SpecLoopName, void @empty_9" [kernel.cpp:32]   --->   Operation 76 'specloopname' 'specloopname_ln32' <Predicate = true> <Delay = 0.00>
ST_3 : Operation 77 [1/1] (0.70ns)   --->   "%icmp_ln41 = icmp_sgt  i5 %tmp_1, i5 0" [kernel.cpp:41]   --->   Operation 77 'icmp' 'icmp_ln41' <Predicate = true> <Delay = 0.70> <CoreInst = "Cmp">   --->   Core 9 'Cmp' <Latency = 0> <II = 1> <Delay = 0.70> <FuncUnit> <Opcode : 'seteq' 'setne' 'setle' 'setge' 'setlt' 'setgt'> <InPorts = 2> <OutPorts = 1>
ST_3 : Operation 78 [1/1] (0.30ns)   --->   "%i8_1 = select i1 %icmp_ln41, i8 7, i8 %result" [kernel.cpp:41]   --->   Operation 78 'select' 'i8_1' <Predicate = true> <Delay = 0.30> <CoreInst = "Sel">   --->   Core 73 'Sel' <Latency = 0> <II = 1> <Delay = 0.30> <FuncUnit> <Opcode : 'select'> <InPorts = 3> <OutPorts = 1>
ST_3 : Operation 79 [1/1] (0.70ns)   --->   "%icmp_ln42 = icmp_slt  i8 %i8_1, i8 248" [kernel.cpp:42]   --->   Operation 79 'icmp' 'icmp_ln42' <Predicate = true> <Delay = 0.70> <CoreInst = "Cmp">   --->   Core 9 'Cmp' <Latency = 0> <II = 1> <Delay = 0.70> <FuncUnit> <Opcode : 'seteq' 'setne' 'setle' 'setge' 'setlt' 'setgt'> <InPorts = 2> <OutPorts = 1>
ST_3 : Operation 80 [1/1] (0.00ns)   --->   "%trunc_ln44 = trunc i8 %i8_1" [kernel.cpp:44]   --->   Operation 80 'trunc' 'trunc_ln44' <Predicate = true> <Delay = 0.00>
ST_3 : Operation 81 [1/1] (0.35ns)   --->   "%buffer_32 = select i1 %icmp_ln42, i4 8, i4 %trunc_ln44" [kernel.cpp:44]   --->   Operation 81 'select' 'buffer_32' <Predicate = true> <Delay = 0.35> <CoreInst = "Sel">   --->   Core 73 'Sel' <Latency = 0> <II = 1> <Delay = 0.35> <FuncUnit> <Opcode : 'select'> <InPorts = 3> <OutPorts = 1>
ST_3 : Operation 82 [1/1] (0.00ns)   --->   "%store_ln28 = store i4 %buffer_32, i4 %buffer_30" [kernel.cpp:28]   --->   Operation 82 'store' 'store_ln28' <Predicate = (trunc_ln32 == 30)> <Delay = 0.00>
ST_3 : Operation 83 [1/1] (0.00ns)   --->   "%br_ln44 = br void %arrayidx.exit" [kernel.cpp:44]   --->   Operation 83 'br' 'br_ln44' <Predicate = (trunc_ln32 == 30)> <Delay = 0.00>
ST_3 : Operation 84 [1/1] (0.00ns)   --->   "%store_ln28 = store i4 %buffer_32, i4 %buffer_29" [kernel.cpp:28]   --->   Operation 84 'store' 'store_ln28' <Predicate = (trunc_ln32 == 29)> <Delay = 0.00>
ST_3 : Operation 85 [1/1] (0.00ns)   --->   "%br_ln44 = br void %arrayidx.exit" [kernel.cpp:44]   --->   Operation 85 'br' 'br_ln44' <Predicate = (trunc_ln32 == 29)> <Delay = 0.00>
ST_3 : Operation 86 [1/1] (0.00ns)   --->   "%store_ln28 = store i4 %buffer_32, i4 %buffer_28" [kernel.cpp:28]   --->   Operation 86 'store' 'store_ln28' <Predicate = (trunc_ln32 == 28)> <Delay = 0.00>
ST_3 : Operation 87 [1/1] (0.00ns)   --->   "%br_ln44 = br void %arrayidx.exit" [kernel.cpp:44]   --->   Operation 87 'br' 'br_ln44' <Predicate = (trunc_ln32 == 28)> <Delay = 0.00>
ST_3 : Operation 88 [1/1] (0.00ns)   --->   "%store_ln28 = store i4 %buffer_32, i4 %buffer_27" [kernel.cpp:28]   --->   Operation 88 'store' 'store_ln28' <Predicate = (trunc_ln32 == 27)> <Delay = 0.00>
ST_3 : Operation 89 [1/1] (0.00ns)   --->   "%br_ln44 = br void %arrayidx.exit" [kernel.cpp:44]   --->   Operation 89 'br' 'br_ln44' <Predicate = (trunc_ln32 == 27)> <Delay = 0.00>
ST_3 : Operation 90 [1/1] (0.00ns)   --->   "%store_ln28 = store i4 %buffer_32, i4 %buffer_26" [kernel.cpp:28]   --->   Operation 90 'store' 'store_ln28' <Predicate = (trunc_ln32 == 26)> <Delay = 0.00>
ST_3 : Operation 91 [1/1] (0.00ns)   --->   "%br_ln44 = br void %arrayidx.exit" [kernel.cpp:44]   --->   Operation 91 'br' 'br_ln44' <Predicate = (trunc_ln32 == 26)> <Delay = 0.00>
ST_3 : Operation 92 [1/1] (0.00ns)   --->   "%store_ln28 = store i4 %buffer_32, i4 %buffer_25" [kernel.cpp:28]   --->   Operation 92 'store' 'store_ln28' <Predicate = (trunc_ln32 == 25)> <Delay = 0.00>
ST_3 : Operation 93 [1/1] (0.00ns)   --->   "%br_ln44 = br void %arrayidx.exit" [kernel.cpp:44]   --->   Operation 93 'br' 'br_ln44' <Predicate = (trunc_ln32 == 25)> <Delay = 0.00>
ST_3 : Operation 94 [1/1] (0.00ns)   --->   "%store_ln28 = store i4 %buffer_32, i4 %buffer_24" [kernel.cpp:28]   --->   Operation 94 'store' 'store_ln28' <Predicate = (trunc_ln32 == 24)> <Delay = 0.00>
ST_3 : Operation 95 [1/1] (0.00ns)   --->   "%br_ln44 = br void %arrayidx.exit" [kernel.cpp:44]   --->   Operation 95 'br' 'br_ln44' <Predicate = (trunc_ln32 == 24)> <Delay = 0.00>
ST_3 : Operation 96 [1/1] (0.00ns)   --->   "%store_ln28 = store i4 %buffer_32, i4 %buffer_23" [kernel.cpp:28]   --->   Operation 96 'store' 'store_ln28' <Predicate = (trunc_ln32 == 23)> <Delay = 0.00>
ST_3 : Operation 97 [1/1] (0.00ns)   --->   "%br_ln44 = br void %arrayidx.exit" [kernel.cpp:44]   --->   Operation 97 'br' 'br_ln44' <Predicate = (trunc_ln32 == 23)> <Delay = 0.00>
ST_3 : Operation 98 [1/1] (0.00ns)   --->   "%store_ln28 = store i4 %buffer_32, i4 %buffer_22" [kernel.cpp:28]   --->   Operation 98 'store' 'store_ln28' <Predicate = (trunc_ln32 == 22)> <Delay = 0.00>
ST_3 : Operation 99 [1/1] (0.00ns)   --->   "%br_ln44 = br void %arrayidx.exit" [kernel.cpp:44]   --->   Operation 99 'br' 'br_ln44' <Predicate = (trunc_ln32 == 22)> <Delay = 0.00>
ST_3 : Operation 100 [1/1] (0.00ns)   --->   "%store_ln28 = store i4 %buffer_32, i4 %buffer_21" [kernel.cpp:28]   --->   Operation 100 'store' 'store_ln28' <Predicate = (trunc_ln32 == 21)> <Delay = 0.00>
ST_3 : Operation 101 [1/1] (0.00ns)   --->   "%br_ln44 = br void %arrayidx.exit" [kernel.cpp:44]   --->   Operation 101 'br' 'br_ln44' <Predicate = (trunc_ln32 == 21)> <Delay = 0.00>
ST_3 : Operation 102 [1/1] (0.00ns)   --->   "%store_ln28 = store i4 %buffer_32, i4 %buffer_20" [kernel.cpp:28]   --->   Operation 102 'store' 'store_ln28' <Predicate = (trunc_ln32 == 20)> <Delay = 0.00>
ST_3 : Operation 103 [1/1] (0.00ns)   --->   "%br_ln44 = br void %arrayidx.exit" [kernel.cpp:44]   --->   Operation 103 'br' 'br_ln44' <Predicate = (trunc_ln32 == 20)> <Delay = 0.00>
ST_3 : Operation 104 [1/1] (0.00ns)   --->   "%store_ln28 = store i4 %buffer_32, i4 %buffer_19" [kernel.cpp:28]   --->   Operation 104 'store' 'store_ln28' <Predicate = (trunc_ln32 == 19)> <Delay = 0.00>
ST_3 : Operation 105 [1/1] (0.00ns)   --->   "%br_ln44 = br void %arrayidx.exit" [kernel.cpp:44]   --->   Operation 105 'br' 'br_ln44' <Predicate = (trunc_ln32 == 19)> <Delay = 0.00>
ST_3 : Operation 106 [1/1] (0.00ns)   --->   "%store_ln28 = store i4 %buffer_32, i4 %buffer_18" [kernel.cpp:28]   --->   Operation 106 'store' 'store_ln28' <Predicate = (trunc_ln32 == 18)> <Delay = 0.00>
ST_3 : Operation 107 [1/1] (0.00ns)   --->   "%br_ln44 = br void %arrayidx.exit" [kernel.cpp:44]   --->   Operation 107 'br' 'br_ln44' <Predicate = (trunc_ln32 == 18)> <Delay = 0.00>
ST_3 : Operation 108 [1/1] (0.00ns)   --->   "%store_ln28 = store i4 %buffer_32, i4 %buffer_17" [kernel.cpp:28]   --->   Operation 108 'store' 'store_ln28' <Predicate = (trunc_ln32 == 17)> <Delay = 0.00>
ST_3 : Operation 109 [1/1] (0.00ns)   --->   "%br_ln44 = br void %arrayidx.exit" [kernel.cpp:44]   --->   Operation 109 'br' 'br_ln44' <Predicate = (trunc_ln32 == 17)> <Delay = 0.00>
ST_3 : Operation 110 [1/1] (0.00ns)   --->   "%store_ln28 = store i4 %buffer_32, i4 %buffer_16" [kernel.cpp:28]   --->   Operation 110 'store' 'store_ln28' <Predicate = (trunc_ln32 == 16)> <Delay = 0.00>
ST_3 : Operation 111 [1/1] (0.00ns)   --->   "%br_ln44 = br void %arrayidx.exit" [kernel.cpp:44]   --->   Operation 111 'br' 'br_ln44' <Predicate = (trunc_ln32 == 16)> <Delay = 0.00>
ST_3 : Operation 112 [1/1] (0.00ns)   --->   "%store_ln28 = store i4 %buffer_32, i4 %buffer_15" [kernel.cpp:28]   --->   Operation 112 'store' 'store_ln28' <Predicate = (trunc_ln32 == 15)> <Delay = 0.00>
ST_3 : Operation 113 [1/1] (0.00ns)   --->   "%br_ln44 = br void %arrayidx.exit" [kernel.cpp:44]   --->   Operation 113 'br' 'br_ln44' <Predicate = (trunc_ln32 == 15)> <Delay = 0.00>
ST_3 : Operation 114 [1/1] (0.00ns)   --->   "%store_ln28 = store i4 %buffer_32, i4 %buffer_14" [kernel.cpp:28]   --->   Operation 114 'store' 'store_ln28' <Predicate = (trunc_ln32 == 14)> <Delay = 0.00>
ST_3 : Operation 115 [1/1] (0.00ns)   --->   "%br_ln44 = br void %arrayidx.exit" [kernel.cpp:44]   --->   Operation 115 'br' 'br_ln44' <Predicate = (trunc_ln32 == 14)> <Delay = 0.00>
ST_3 : Operation 116 [1/1] (0.00ns)   --->   "%store_ln28 = store i4 %buffer_32, i4 %buffer_13" [kernel.cpp:28]   --->   Operation 116 'store' 'store_ln28' <Predicate = (trunc_ln32 == 13)> <Delay = 0.00>
ST_3 : Operation 117 [1/1] (0.00ns)   --->   "%br_ln44 = br void %arrayidx.exit" [kernel.cpp:44]   --->   Operation 117 'br' 'br_ln44' <Predicate = (trunc_ln32 == 13)> <Delay = 0.00>
ST_3 : Operation 118 [1/1] (0.00ns)   --->   "%store_ln28 = store i4 %buffer_32, i4 %buffer_12" [kernel.cpp:28]   --->   Operation 118 'store' 'store_ln28' <Predicate = (trunc_ln32 == 12)> <Delay = 0.00>
ST_3 : Operation 119 [1/1] (0.00ns)   --->   "%br_ln44 = br void %arrayidx.exit" [kernel.cpp:44]   --->   Operation 119 'br' 'br_ln44' <Predicate = (trunc_ln32 == 12)> <Delay = 0.00>
ST_3 : Operation 120 [1/1] (0.00ns)   --->   "%store_ln28 = store i4 %buffer_32, i4 %buffer_11" [kernel.cpp:28]   --->   Operation 120 'store' 'store_ln28' <Predicate = (trunc_ln32 == 11)> <Delay = 0.00>
ST_3 : Operation 121 [1/1] (0.00ns)   --->   "%br_ln44 = br void %arrayidx.exit" [kernel.cpp:44]   --->   Operation 121 'br' 'br_ln44' <Predicate = (trunc_ln32 == 11)> <Delay = 0.00>
ST_3 : Operation 122 [1/1] (0.00ns)   --->   "%store_ln28 = store i4 %buffer_32, i4 %buffer_10" [kernel.cpp:28]   --->   Operation 122 'store' 'store_ln28' <Predicate = (trunc_ln32 == 10)> <Delay = 0.00>
ST_3 : Operation 123 [1/1] (0.00ns)   --->   "%br_ln44 = br void %arrayidx.exit" [kernel.cpp:44]   --->   Operation 123 'br' 'br_ln44' <Predicate = (trunc_ln32 == 10)> <Delay = 0.00>
ST_3 : Operation 124 [1/1] (0.00ns)   --->   "%store_ln28 = store i4 %buffer_32, i4 %buffer_9" [kernel.cpp:28]   --->   Operation 124 'store' 'store_ln28' <Predicate = (trunc_ln32 == 9)> <Delay = 0.00>
ST_3 : Operation 125 [1/1] (0.00ns)   --->   "%br_ln44 = br void %arrayidx.exit" [kernel.cpp:44]   --->   Operation 125 'br' 'br_ln44' <Predicate = (trunc_ln32 == 9)> <Delay = 0.00>
ST_3 : Operation 126 [1/1] (0.00ns)   --->   "%store_ln28 = store i4 %buffer_32, i4 %buffer_8" [kernel.cpp:28]   --->   Operation 126 'store' 'store_ln28' <Predicate = (trunc_ln32 == 8)> <Delay = 0.00>
ST_3 : Operation 127 [1/1] (0.00ns)   --->   "%br_ln44 = br void %arrayidx.exit" [kernel.cpp:44]   --->   Operation 127 'br' 'br_ln44' <Predicate = (trunc_ln32 == 8)> <Delay = 0.00>
ST_3 : Operation 128 [1/1] (0.00ns)   --->   "%store_ln28 = store i4 %buffer_32, i4 %buffer_7" [kernel.cpp:28]   --->   Operation 128 'store' 'store_ln28' <Predicate = (trunc_ln32 == 7)> <Delay = 0.00>
ST_3 : Operation 129 [1/1] (0.00ns)   --->   "%br_ln44 = br void %arrayidx.exit" [kernel.cpp:44]   --->   Operation 129 'br' 'br_ln44' <Predicate = (trunc_ln32 == 7)> <Delay = 0.00>
ST_3 : Operation 130 [1/1] (0.00ns)   --->   "%store_ln28 = store i4 %buffer_32, i4 %buffer_6" [kernel.cpp:28]   --->   Operation 130 'store' 'store_ln28' <Predicate = (trunc_ln32 == 6)> <Delay = 0.00>
ST_3 : Operation 131 [1/1] (0.00ns)   --->   "%br_ln44 = br void %arrayidx.exit" [kernel.cpp:44]   --->   Operation 131 'br' 'br_ln44' <Predicate = (trunc_ln32 == 6)> <Delay = 0.00>
ST_3 : Operation 132 [1/1] (0.00ns)   --->   "%store_ln28 = store i4 %buffer_32, i4 %buffer_5" [kernel.cpp:28]   --->   Operation 132 'store' 'store_ln28' <Predicate = (trunc_ln32 == 5)> <Delay = 0.00>
ST_3 : Operation 133 [1/1] (0.00ns)   --->   "%br_ln44 = br void %arrayidx.exit" [kernel.cpp:44]   --->   Operation 133 'br' 'br_ln44' <Predicate = (trunc_ln32 == 5)> <Delay = 0.00>
ST_3 : Operation 134 [1/1] (0.00ns)   --->   "%store_ln28 = store i4 %buffer_32, i4 %buffer_4" [kernel.cpp:28]   --->   Operation 134 'store' 'store_ln28' <Predicate = (trunc_ln32 == 4)> <Delay = 0.00>
ST_3 : Operation 135 [1/1] (0.00ns)   --->   "%br_ln44 = br void %arrayidx.exit" [kernel.cpp:44]   --->   Operation 135 'br' 'br_ln44' <Predicate = (trunc_ln32 == 4)> <Delay = 0.00>
ST_3 : Operation 136 [1/1] (0.00ns)   --->   "%store_ln28 = store i4 %buffer_32, i4 %buffer_3" [kernel.cpp:28]   --->   Operation 136 'store' 'store_ln28' <Predicate = (trunc_ln32 == 3)> <Delay = 0.00>
ST_3 : Operation 137 [1/1] (0.00ns)   --->   "%br_ln44 = br void %arrayidx.exit" [kernel.cpp:44]   --->   Operation 137 'br' 'br_ln44' <Predicate = (trunc_ln32 == 3)> <Delay = 0.00>
ST_3 : Operation 138 [1/1] (0.00ns)   --->   "%store_ln28 = store i4 %buffer_32, i4 %buffer_2" [kernel.cpp:28]   --->   Operation 138 'store' 'store_ln28' <Predicate = (trunc_ln32 == 2)> <Delay = 0.00>
ST_3 : Operation 139 [1/1] (0.00ns)   --->   "%br_ln44 = br void %arrayidx.exit" [kernel.cpp:44]   --->   Operation 139 'br' 'br_ln44' <Predicate = (trunc_ln32 == 2)> <Delay = 0.00>
ST_3 : Operation 140 [1/1] (0.00ns)   --->   "%store_ln28 = store i4 %buffer_32, i4 %buffer_1" [kernel.cpp:28]   --->   Operation 140 'store' 'store_ln28' <Predicate = (trunc_ln32 == 1)> <Delay = 0.00>
ST_3 : Operation 141 [1/1] (0.00ns)   --->   "%br_ln44 = br void %arrayidx.exit" [kernel.cpp:44]   --->   Operation 141 'br' 'br_ln44' <Predicate = (trunc_ln32 == 1)> <Delay = 0.00>
ST_3 : Operation 142 [1/1] (0.00ns)   --->   "%store_ln28 = store i4 %buffer_32, i4 %buffer" [kernel.cpp:28]   --->   Operation 142 'store' 'store_ln28' <Predicate = (trunc_ln32 == 0)> <Delay = 0.00>
ST_3 : Operation 143 [1/1] (0.00ns)   --->   "%br_ln44 = br void %arrayidx.exit" [kernel.cpp:44]   --->   Operation 143 'br' 'br_ln44' <Predicate = (trunc_ln32 == 0)> <Delay = 0.00>
ST_3 : Operation 144 [1/1] (0.00ns)   --->   "%store_ln28 = store i4 %buffer_32, i4 %buffer_31" [kernel.cpp:28]   --->   Operation 144 'store' 'store_ln28' <Predicate = (trunc_ln32 == 31)> <Delay = 0.00>
ST_3 : Operation 145 [1/1] (0.00ns)   --->   "%br_ln44 = br void %arrayidx.exit" [kernel.cpp:44]   --->   Operation 145 'br' 'br_ln44' <Predicate = (trunc_ln32 == 31)> <Delay = 0.00>


============================================================
+ Verbose Summary: Timing violations
============================================================
Target clock period: 3.330ns, clock uncertainty: 0.899ns.

 <State 1>: 2.179ns
The critical path consists of the following:
	'store' operation 0 bit ('store_ln32', kernel.cpp:32) of constant 0 on local variable 'j', kernel.cpp:32 [72]  (0.387 ns)
	'load' operation 6 bit ('j', kernel.cpp:32) on local variable 'j', kernel.cpp:32 [75]  (0.000 ns)
	'icmp' operation 1 bit ('icmp_ln32', kernel.cpp:32) [76]  (0.706 ns)
	axis read operation ('empty', kernel.cpp:34) on port 'in_stream_V_data_V' (kernel.cpp:34) [84]  (0.078 ns)
	'add' operation 9 bit ('add_ln317', C:\scratch\2024.1\hls_product\545\2024.1\src\shared\hls\clib/src/hls\utils/x_hls_utils.h:317->C:\scratch\2024.1\hls_product\545\2024.1\src\shared\hls\clib/hlsmath/include/FloatingPoint\hls_case_IEEE754.h:18->C:\scratch\2024.1\hls_product\545\2024.1\src\shared\hls\clib/hlsmath/include/FloatingPoint\hls_case_IEEE754.h:117->C:\scratch\2024.1\hls_product\545\2024.1\src\shared\hls\clib\hlsmath\src\lib_floatconversion.cpp:49->kernel.cpp:40) [92]  (0.705 ns)
	'select' operation 9 bit ('select_ln18', C:\scratch\2024.1\hls_product\545\2024.1\src\shared\hls\clib/hlsmath/include/FloatingPoint\hls_case_IEEE754.h:18->C:\scratch\2024.1\hls_product\545\2024.1\src\shared\hls\clib/hlsmath/include/FloatingPoint\hls_case_IEEE754.h:117->C:\scratch\2024.1\hls_product\545\2024.1\src\shared\hls\clib\hlsmath\src\lib_floatconversion.cpp:49->kernel.cpp:40) [96]  (0.303 ns)

 <State 2>: 2.364ns
The critical path consists of the following:
	'shl' operation 55 bit ('shl_ln18', C:\scratch\2024.1\hls_product\545\2024.1\src\shared\hls\clib/hlsmath/include/FloatingPoint\hls_case_IEEE754.h:18->C:\scratch\2024.1\hls_product\545\2024.1\src\shared\hls\clib/hlsmath/include/FloatingPoint\hls_case_IEEE754.h:117->C:\scratch\2024.1\hls_product\545\2024.1\src\shared\hls\clib\hlsmath\src\lib_floatconversion.cpp:49->kernel.cpp:40) [100]  (1.053 ns)
	'select' operation 8 bit ('val', C:\scratch\2024.1\hls_product\545\2024.1\src\shared\hls\clib/hlsmath/include/FloatingPoint\hls_case_IEEE754.h:18->C:\scratch\2024.1\hls_product\545\2024.1\src\shared\hls\clib/hlsmath/include/FloatingPoint\hls_case_IEEE754.h:117->C:\scratch\2024.1\hls_product\545\2024.1\src\shared\hls\clib\hlsmath\src\lib_floatconversion.cpp:49->kernel.cpp:40) [103]  (0.303 ns)
	'sub' operation 8 bit ('sub_ln59', C:\scratch\2024.1\hls_product\545\2024.1\src\shared\hls\clib/hlsmath/include/FloatingPoint\hls_case_IEEE754.h:59->C:\scratch\2024.1\hls_product\545\2024.1\src\shared\hls\clib/hlsmath/include/FloatingPoint\hls_case_IEEE754.h:117->C:\scratch\2024.1\hls_product\545\2024.1\src\shared\hls\clib\hlsmath\src\lib_floatconversion.cpp:49->kernel.cpp:40) [104]  (0.705 ns)
	'select' operation 8 bit ('result', C:\scratch\2024.1\hls_product\545\2024.1\src\shared\hls\clib/hlsmath/include/FloatingPoint\hls_case_IEEE754.h:59->C:\scratch\2024.1\hls_product\545\2024.1\src\shared\hls\clib/hlsmath/include/FloatingPoint\hls_case_IEEE754.h:117->C:\scratch\2024.1\hls_product\545\2024.1\src\shared\hls\clib\hlsmath\src\lib_floatconversion.cpp:49->kernel.cpp:40) [105]  (0.303 ns)

 <State 3>: 2.066ns
The critical path consists of the following:
	'icmp' operation 1 bit ('icmp_ln41', kernel.cpp:41) [107]  (0.707 ns)
	'select' operation 8 bit ('i8', kernel.cpp:41) [108]  (0.303 ns)
	'icmp' operation 1 bit ('icmp_ln42', kernel.cpp:42) [109]  (0.705 ns)
	'select' operation 4 bit ('buffer', kernel.cpp:44) [111]  (0.351 ns)
	'store' operation 0 bit ('store_ln28', kernel.cpp:28) of variable 'buffer', kernel.cpp:44 on local variable 'buffer', kernel.cpp:28 [114]  (0.000 ns)


============================================================
+ Verbose Summary: Binding
============================================================
N/A
* FSMD analyzer results:
  - Output states:
 - Input state : 
  - Chain level:
	State 1
	State 2
	State 3


============================================================
+ Verbose Summary: Datapath Resource usage 
============================================================
N/A
