

================================================================
== Synthesis Summary Report of 'pack_int4_transpose'
================================================================
+ General Information: 
    * Date:           Sun Jan 25 13:09:51 2026
    * Version:        2024.1 (Build 5069499 on May 21 2024)
    * Project:        pack_int4_transpose_prj
    * Solution:       sol1 (Vivado IP Flow Target)
    * Product family: virtexuplus
    * Target device:  xcvu9p-flga2104-2-i
    

+ Performance & Resource Estimates: 
    
    PS: '+' for module; 'o' for loop; '*' for dataflow
    +--------------------------------------------+------+------+------------+-----------+----------+------------+----------+----------+------+----+-----------+-----------+-----+
    |                   Modules                  | Issue|      |  Latency   |  Latency  | Iteration|            |   Trip   |          |      |    |           |           |     |
    |                   & Loops                  | Type | Slack|  (cycles)  |    (ns)   |  Latency |  Interval  |   Count  | Pipelined| BRAM | DSP|     FF    |    LUT    | URAM|
    +--------------------------------------------+------+------+------------+-----------+----------+------------+----------+----------+------+----+-----------+-----------+-----+
    |+ pack_int4_transpose                       |     -|  0.07|  2617245659|  8.715e+09|         -|  2617245660|         -|        no|     -|   -|  444 (~0%)|  924 (~0%)|    -|
    | o block_loop                               |     -|  2.43|  2617245657|  8.715e+09|        39|           -|  67108863|        no|     -|   -|          -|          -|    -|
    |  + pack_int4_transpose_Pipeline_read_loop  |     -|  0.07|          35|    116.550|         -|          35|         -|        no|     -|   -|  224 (~0%)|  515 (~0%)|    -|
    |   o read_loop                              |     -|  2.43|          33|    109.890|         3|           1|        32|       yes|     -|   -|          -|          -|    -|
    +--------------------------------------------+------+------+------------+-----------+----------+------------+----------+----------+------+----+-----------+-----------+-----+


================================================================
== HW Interfaces
================================================================
* S_AXILITE Interfaces
+---------------+------------+---------------+--------+----------+
| Interface     | Data Width | Address Width | Offset | Register |
+---------------+------------+---------------+--------+----------+
| s_axi_control | 32         | 5             | 16     | 0        |
+---------------+------------+---------------+--------+----------+

* S_AXILITE Registers
+---------------+--------------+--------+-------+--------+----------------------------------+----------------------------------------------------------------------+
| Interface     | Register     | Offset | Width | Access | Description                      | Bit Fields                                                           |
+---------------+--------------+--------+-------+--------+----------------------------------+----------------------------------------------------------------------+
| s_axi_control | CTRL         | 0x00   | 32    | RW     | Control signals                  | 0=AP_START 1=AP_DONE 2=AP_IDLE 3=AP_READY 7=AUTO_RESTART 9=INTERRUPT |
| s_axi_control | GIER         | 0x04   | 32    | RW     | Global Interrupt Enable Register | 0=Enable                                                             |
| s_axi_control | IP_IER       | 0x08   | 32    | RW     | IP Interrupt Enable Register     | 0=CHAN0_INT_EN 1=CHAN1_INT_EN                                        |
| s_axi_control | IP_ISR       | 0x0c   | 32    | RW     | IP Interrupt Status Register     | 0=CHAN0_INT_ST 1=CHAN1_INT_ST                                        |
| s_axi_control | num_elements | 0x10   | 32    | W      | Data signal of num_elements      |                                                                      |
+---------------+--------------+--------+-------+--------+----------------------------------+----------------------------------------------------------------------+

* AXIS
+------------+-----------+---------------+-------+-------+-------+--------+-------+--------+
| Interface  | Direction | Register Mode | TDATA | TKEEP | TLAST | TREADY | TSTRB | TVALID |
+------------+-----------+---------------+-------+-------+-------+--------+-------+--------+
| in_stream  | in        | both          | 32    | 4     | 1     | 1      | 4     | 1      |
| out_stream | out       | both          | 128   | 16    | 1     | 1      | 16    | 1      |
+------------+-----------+---------------+-------+-------+-------+--------+-------+--------+

* TOP LEVEL CONTROL
+-----------+------------+-----------+
| Interface | Type       | Ports     |
+-----------+------------+-----------+
| ap_clk    | clock      | ap_clk    |
| ap_rst_n  | reset      | ap_rst_n  |
| interrupt | interrupt  | interrupt |
| ap_ctrl   | ap_ctrl_hs |           |
+-----------+------------+-----------+


================================================================
== SW I/O Information
================================================================
* Top Function Arguments
+--------------+-----------+----------------------------------------------------------+
| Argument     | Direction | Datatype                                                 |
+--------------+-----------+----------------------------------------------------------+
| in_stream    | in        | stream<hls::axis<ap_uint<32>, 0, 0, 0, '8', false>, 0>&  |
| out_stream   | out       | stream<hls::axis<ap_uint<128>, 0, 0, 0, '8', false>, 0>& |
| num_elements | in        | int                                                      |
+--------------+-----------+----------------------------------------------------------+

* SW-to-HW Mapping
+--------------+---------------+-----------+----------------------------------------+
| Argument     | HW Interface  | HW Type   | HW Info                                |
+--------------+---------------+-----------+----------------------------------------+
| in_stream    | in_stream     | interface |                                        |
| out_stream   | out_stream    | interface |                                        |
| num_elements | s_axi_control | register  | name=num_elements offset=0x10 range=32 |
+--------------+---------------+-----------+----------------------------------------+


================================================================
== Bind Op Report
================================================================
+-------------------------------------------+-----+--------+-------------+--------+-----------+---------+
| Name                                      | DSP | Pragma | Variable    | Op     | Impl      | Latency |
+-------------------------------------------+-----+--------+-------------+--------+-----------+---------+
| + pack_int4_transpose                     | 0   |        |             |        |           |         |
|   sub_ln21_fu_306_p2                      |     |        | sub_ln21    | sub    | fabric    | 0       |
|   sub_ln21_1_fu_340_p2                    |     |        | sub_ln21_1  | sub    | fabric    | 0       |
|   num_blocks_fu_349_p3                    |     |        | num_blocks  | select | auto_sel  | 0       |
|   sub_fu_356_p2                           |     |        | sub         | add    | fabric    | 0       |
|   icmp_ln23_fu_369_p2                     |     |        | icmp_ln23   | setlt  | auto      | 0       |
|   i_2_fu_374_p2                           |     |        | i_2         | add    | fabric    | 0       |
|   p_out_last_fu_380_p2                    |     |        | p_out_last  | seteq  | auto      | 0       |
|  + pack_int4_transpose_Pipeline_read_loop | 0   |        |             |        |           |         |
|    icmp_ln32_fu_592_p2                    |     |        | icmp_ln32   | seteq  | auto      | 0       |
|    add_ln32_fu_598_p2                     |     |        | add_ln32    | add    | fabric    | 0       |
|    add_ln317_fu_638_p2                    |     |        | add_ln317   | add    | fabric    | 0       |
|    sub_ln18_fu_652_p2                     |     |        | sub_ln18    | sub    | fabric    | 0       |
|    select_ln18_fu_662_p3                  |     |        | select_ln18 | select | auto_sel  | 0       |
|    lshr_ln18_fu_695_p2                    |     |        | lshr_ln18   | lshr   | auto_pipe | 0       |
|    shl_ln18_fu_701_p2                     |     |        | shl_ln18    | shl    | auto_pipe | 0       |
|    val_fu_727_p3                          |     |        | val         | select | auto_sel  | 0       |
|    sub_ln59_fu_734_p2                     |     |        | sub_ln59    | sub    | fabric    | 0       |
|    result_fu_740_p3                       |     |        | result      | select | auto_sel  | 0       |
|    icmp_ln41_fu_757_p2                    |     |        | icmp_ln41   | setgt  | auto      | 0       |
|    i8_1_fu_762_p3                         |     |        | i8_1        | select | auto_sel  | 0       |
|    icmp_ln42_fu_769_p2                    |     |        | icmp_ln42   | setlt  | auto      | 0       |
|    buffer_32_fu_779_p3                    |     |        | buffer_32   | select | auto_sel  | 0       |
+-------------------------------------------+-----+--------+-------------+--------+-----------+---------+


================================================================
== Storage Report
================================================================
+-----------------------+-----------+-----------+------+------+--------+----------+------+---------+------------------+
| Name                  | Usage     | Type      | BRAM | URAM | Pragma | Variable | Impl | Latency | Bitwidth, Depth, |
|                       |           |           |      |      |        |          |      |         | Banks            |
+-----------------------+-----------+-----------+------+------+--------+----------+------+---------+------------------+
| + pack_int4_transpose |           |           | 0    | 0    |        |          |      |         |                  |
|   control_s_axi_U     | interface | s_axilite |      |      |        |          |      |         |                  |
+-----------------------+-----------+-----------+------+------+--------+----------+------+---------+------------------+


================================================================
== Pragma Report
================================================================
* Valid Pragma Syntax
+-----------------+--------------------------------------------+----------------------------------------------------+
| Type            | Options                                    | Location                                           |
+-----------------+--------------------------------------------+----------------------------------------------------+
| interface       | axis port=in_stream                        | kernel.cpp:16 in pack_int4_transpose, in_stream    |
| interface       | axis port=out_stream                       | kernel.cpp:17 in pack_int4_transpose, out_stream   |
| interface       | s_axilite port=num_elements bundle=control | kernel.cpp:18 in pack_int4_transpose, num_elements |
| interface       | s_axilite port=return bundle=control       | kernel.cpp:19 in pack_int4_transpose, return       |
| array_partition | variable=buffer complete dim=1             | kernel.cpp:29 in pack_int4_transpose, buffer       |
| pipeline        | II=1                                       | kernel.cpp:33 in pack_int4_transpose               |
| unroll          |                                            | kernel.cpp:57 in pack_int4_transpose               |
+-----------------+--------------------------------------------+----------------------------------------------------+


