

================================================================
== Vitis HLS Report for 'pack_int8_Pipeline_pack_loop'
================================================================
* Date:           Sun Jan 25 12:59:17 2026

* Version:        2024.1 (Build 5069499 on May 21 2024)
* Project:        zed_hls_pack_int8
* Solution:       sol1 (Vivado IP Flow Target)
* Product family: virtexuplus
* Target device:  xcvu9p-flga2104-2-e


================================================================
== Performance Estimates
================================================================
+ Timing: 
    * Summary: 
    +--------+---------+----------+------------+
    |  Clock |  Target | Estimated| Uncertainty|
    +--------+---------+----------+------------+
    |ap_clk  |  4.00 ns|  2.364 ns|     1.08 ns|
    +--------+---------+----------+------------+

+ Latency: 
    * Summary: 
    +---------+------------+----------+-----------+-----+------------+-----------------------------------------------+
    |   Latency (cycles)   |  Latency (absolute)  |     Interval     |                    Pipeline                   |
    |   min   |     max    |    min   |    max    | min |     max    |                      Type                     |
    +---------+------------+----------+-----------+-----+------------+-----------------------------------------------+
    |        2|  2147483635|  8.000 ns|  8.590 sec|    1|  2147483634|  loop auto-rewind stp(delay=0 clock cycles(s))|
    +---------+------------+----------+-----------+-----+------------+-----------------------------------------------+

    + Detail: 
        * Instance: 
        N/A

        * Loop: 
        +-------------+---------+------------+----------+-----------+-----------+---------------+----------+
        |             |   Latency (cycles)   | Iteration|  Initiation Interval  |      Trip     |          |
        |  Loop Name  |   min   |     max    |  Latency |  achieved |   target  |     Count     | Pipelined|
        +-------------+---------+------------+----------+-----------+-----------+---------------+----------+
        |- pack_loop  |        0|  2147483633|        18|         16|          1|  0 ~ 134217727|       yes|
        +-------------+---------+------------+----------+-----------+-----------+---------------+----------+

============================================================
+ Verbose Summary: Synthesis Manager
============================================================
InlineROM: 1
ExposeGlobal: 0
============================================================
+ Verbose Summary: CDFG Model
============================================================
IsTopModel: 0
ResetActiveHigh: 1
IsCombinational: 0
IsDatapathOnly: 0
HasWiredReturn: 1
HasMFsm: 2
HasVarLatency: 1
IsPipeline: 0
IsRtlPipelined: 0
IsInstanceOverlapped: 0
IsDontTouch: 0
HasImplIP: 0
IsGatedGlobalClock: 0

+ Individual pipeline summary: 
  * Pipeline-0: initiation interval (II) = 16, depth = 18


============================================================
+ Verbose Summary: Schedule
============================================================
* Number of FSM states : 18
* Pipeline : 1
  Pipeline-0 : II = 16, D = 18, States = { 1 2 3 4 5 6 7 8 9 10 11 12 13 14 15 16 17 18 }
* Dataflow Pipeline: 0

* FSM state transitions: 
1 --> 2 
2 --> 3 
3 --> 4 
4 --> 5 
5 --> 6 
6 --> 7 
7 --> 8 
8 --> 9 
9 --> 10 
10 --> 11 
11 --> 12 
12 --> 13 
13 --> 14 
14 --> 15 
15 --> 16 
16 --> 17 
17 --> 18 
18 --> 

* FSM state operations: 

State 1 <SV = 0> <Delay = 1.63>
ST_1 : Operation 21 [1/1] (0.00ns)   --->   "%i = alloca i32 1" [kernel.cpp:24]   --->   Operation 21 'alloca' 'i' <Predicate = true> <Delay = 0.00>
ST_1 : Operation 22 [1/1] (0.00ns)   --->   "%specaxissidechannel_ln0 = specaxissidechannel void @_ssdm_op_SpecAXISSideChannel, i128 %out_stream_V_data_V, i16 %out_stream_V_keep_V, i16 %out_stream_V_strb_V, i1 0, i1 %out_stream_V_last_V, i1 0, i1 0, void @empty_6"   --->   Operation 22 'specaxissidechannel' 'specaxissidechannel_ln0' <Predicate = true> <Delay = 0.00>
ST_1 : Operation 23 [1/1] (0.00ns)   --->   "%specaxissidechannel_ln0 = specaxissidechannel void @_ssdm_op_SpecAXISSideChannel, i32 %in_stream_V_data_V, i4 %in_stream_V_keep_V, i4 %in_stream_V_strb_V, i1 0, i1 %in_stream_V_last_V, i1 0, i1 0, void @empty_7"   --->   Operation 23 'specaxissidechannel' 'specaxissidechannel_ln0' <Predicate = true> <Delay = 0.00>
ST_1 : Operation 24 [1/1] (0.00ns)   --->   "%specinterface_ln0 = specinterface void @_ssdm_op_SpecInterface, i1 %out_stream_V_last_V, i16 %out_stream_V_strb_V, i16 %out_stream_V_keep_V, i128 %out_stream_V_data_V, void @empty, i32 0, i32 0, void @empty_0, i32 0, i32 0, void @empty_1, void @empty_1, void @empty_1, i32 0, i32 0, i32 0, i32 0, void @empty_1, void @empty_1, i32 4294967295, i32 0, i32 0"   --->   Operation 24 'specinterface' 'specinterface_ln0' <Predicate = true> <Delay = 0.00>
ST_1 : Operation 25 [1/1] (0.00ns)   --->   "%specinterface_ln0 = specinterface void @_ssdm_op_SpecInterface, i1 %in_stream_V_last_V, i4 %in_stream_V_strb_V, i4 %in_stream_V_keep_V, i32 %in_stream_V_data_V, void @empty, i32 0, i32 0, void @empty_0, i32 0, i32 0, void @empty_1, void @empty_1, void @empty_1, i32 0, i32 0, i32 0, i32 0, void @empty_1, void @empty_1, i32 4294967295, i32 0, i32 0"   --->   Operation 25 'specinterface' 'specinterface_ln0' <Predicate = true> <Delay = 0.00>
ST_1 : Operation 26 [1/1] (0.00ns)   --->   "%sub_read = read i29 @_ssdm_op_Read.ap_auto.i29, i29 %sub"   --->   Operation 26 'read' 'sub_read' <Predicate = true> <Delay = 0.00>
ST_1 : Operation 27 [1/1] (0.00ns)   --->   "%num_packs_read = read i29 @_ssdm_op_Read.ap_auto.i29, i29 %num_packs"   --->   Operation 27 'read' 'num_packs_read' <Predicate = true> <Delay = 0.00>
ST_1 : Operation 28 [1/1] (0.38ns)   --->   "%store_ln24 = store i28 0, i28 %i" [kernel.cpp:24]   --->   Operation 28 'store' 'store_ln24' <Predicate = true> <Delay = 0.38>
ST_1 : Operation 29 [1/1] (0.00ns)   --->   "%br_ln24 = br void %VITIS_LOOP_36_1" [kernel.cpp:24]   --->   Operation 29 'br' 'br_ln24' <Predicate = true> <Delay = 0.00>
ST_1 : Operation 30 [1/1] (0.00ns)   --->   "%i_2 = load i28 %i" [kernel.cpp:24]   --->   Operation 30 'load' 'i_2' <Predicate = true> <Delay = 0.00>
ST_1 : Operation 31 [1/1] (0.00ns)   --->   "%zext_ln24 = zext i28 %i_2" [kernel.cpp:24]   --->   Operation 31 'zext' 'zext_ln24' <Predicate = true> <Delay = 0.00>
ST_1 : Operation 32 [1/1] (0.86ns)   --->   "%icmp_ln24 = icmp_slt  i29 %zext_ln24, i29 %num_packs_read" [kernel.cpp:24]   --->   Operation 32 'icmp' 'icmp_ln24' <Predicate = true> <Delay = 0.86> <CoreInst = "Cmp">   --->   Core 9 'Cmp' <Latency = 0> <II = 1> <Delay = 0.86> <FuncUnit> <Opcode : 'seteq' 'setne' 'setle' 'setge' 'setlt' 'setgt'> <InPorts = 2> <OutPorts = 1>
ST_1 : Operation 33 [1/1] (0.00ns)   --->   "%br_ln24 = br i1 %icmp_ln24, void %for.end13.loopexit.exitStub, void %VITIS_LOOP_36_1.split" [kernel.cpp:24]   --->   Operation 33 'br' 'br_ln24' <Predicate = true> <Delay = 0.00>
ST_1 : Operation 34 [1/1] (0.85ns)   --->   "%i_1 = add i28 %i_2, i28 1" [kernel.cpp:24]   --->   Operation 34 'add' 'i_1' <Predicate = (icmp_ln24)> <Delay = 0.85> <CoreInst = "Adder">   --->   Core 1 'Adder' <Latency = 0> <II = 1> <Delay = 0.85> <FuncUnit> <Opcode : 'add' 'sub'> <InPorts = 2> <OutPorts = 1>
ST_1 : Operation 35 [1/1] (0.07ns)   --->   "%empty = read i41 @_ssdm_op_Read.axis.volatile.i32P0A.i4P0A.i4P0A.i1P0A, i32 %in_stream_V_data_V, i4 %in_stream_V_keep_V, i4 %in_stream_V_strb_V, i1 %in_stream_V_last_V" [kernel.cpp:37]   --->   Operation 35 'read' 'empty' <Predicate = (icmp_ln24)> <Delay = 0.07> <CoreInst = "regslice">   --->   Core 148 'regslice' <Latency = 0> <II = 1> <Delay = 0.65> <Adapter> <Opcode : 'read' 'write'>
ST_1 : Operation 36 [1/1] (0.00ns)   --->   "%f_p_data = extractvalue i41 %empty" [kernel.cpp:37]   --->   Operation 36 'extractvalue' 'f_p_data' <Predicate = (icmp_ln24)> <Delay = 0.00>
ST_1 : Operation 37 [1/1] (0.86ns)   --->   "%p_out_last = icmp_eq  i29 %zext_ln24, i29 %sub_read" [kernel.cpp:55]   --->   Operation 37 'icmp' 'p_out_last' <Predicate = (icmp_ln24)> <Delay = 0.86> <CoreInst = "Cmp">   --->   Core 9 'Cmp' <Latency = 0> <II = 1> <Delay = 0.86> <FuncUnit> <Opcode : 'seteq' 'setne' 'setle' 'setge' 'setlt' 'setgt'> <InPorts = 2> <OutPorts = 1>
ST_1 : Operation 38 [1/1] (0.38ns)   --->   "%store_ln24 = store i28 %i_1, i28 %i" [kernel.cpp:24]   --->   Operation 38 'store' 'store_ln24' <Predicate = (icmp_ln24)> <Delay = 0.38>

State 2 <SV = 1> <Delay = 2.36>
ST_2 : Operation 39 [1/1] (0.00ns)   --->   "%val = bitcast i32 %f_p_data" [kernel.cpp:40]   --->   Operation 39 'bitcast' 'val' <Predicate = (icmp_ln24)> <Delay = 0.00>
ST_2 : Operation 40 [2/2] (2.36ns)   --->   "%i8 = call i8 @__hls_fptosi_float_i8, i32 %val" [kernel.cpp:44]   --->   Operation 40 'call' 'i8' <Predicate = (icmp_ln24)> <Delay = 2.36> <CoreType = "Generic">   --->   Core 0 '' <Latency = 0> <II = 1> <Delay = 1.00> <Generic> <Opcode : >
ST_2 : Operation 41 [1/1] (0.07ns)   --->   "%empty_17 = read i41 @_ssdm_op_Read.axis.volatile.i32P0A.i4P0A.i4P0A.i1P0A, i32 %in_stream_V_data_V, i4 %in_stream_V_keep_V, i4 %in_stream_V_strb_V, i1 %in_stream_V_last_V" [kernel.cpp:37]   --->   Operation 41 'read' 'empty_17' <Predicate = (icmp_ln24)> <Delay = 0.07> <CoreInst = "regslice">   --->   Core 148 'regslice' <Latency = 0> <II = 1> <Delay = 0.65> <Adapter> <Opcode : 'read' 'write'>
ST_2 : Operation 42 [1/1] (0.00ns)   --->   "%f_p_data_1 = extractvalue i41 %empty_17" [kernel.cpp:37]   --->   Operation 42 'extractvalue' 'f_p_data_1' <Predicate = (icmp_ln24)> <Delay = 0.00>
ST_2 : Operation 123 [1/1] (0.38ns)   --->   "%ret_ln0 = ret"   --->   Operation 123 'ret' 'ret_ln0' <Predicate = (!icmp_ln24)> <Delay = 0.38>

State 3 <SV = 2> <Delay = 2.36>
ST_3 : Operation 43 [1/2] (1.00ns)   --->   "%i8 = call i8 @__hls_fptosi_float_i8, i32 %val" [kernel.cpp:44]   --->   Operation 43 'call' 'i8' <Predicate = (icmp_ln24)> <Delay = 1.00> <CoreType = "Generic">   --->   Core 0 '' <Latency = 0> <II = 1> <Delay = 1.00> <Generic> <Opcode : >
ST_3 : Operation 44 [1/1] (0.00ns)   --->   "%val_1 = bitcast i32 %f_p_data_1" [kernel.cpp:40]   --->   Operation 44 'bitcast' 'val_1' <Predicate = (icmp_ln24)> <Delay = 0.00>
ST_3 : Operation 45 [2/2] (2.36ns)   --->   "%i8_1 = call i8 @__hls_fptosi_float_i8, i32 %val_1" [kernel.cpp:44]   --->   Operation 45 'call' 'i8_1' <Predicate = (icmp_ln24)> <Delay = 2.36> <CoreType = "Generic">   --->   Core 0 '' <Latency = 0> <II = 1> <Delay = 1.00> <Generic> <Opcode : >
ST_3 : Operation 46 [1/1] (0.07ns)   --->   "%empty_18 = read i41 @_ssdm_op_Read.axis.volatile.i32P0A.i4P0A.i4P0A.i1P0A, i32 %in_stream_V_data_V, i4 %in_stream_V_keep_V, i4 %in_stream_V_strb_V, i1 %in_stream_V_last_V" [kernel.cpp:37]   --->   Operation 46 'read' 'empty_18' <Predicate = (icmp_ln24)> <Delay = 0.07> <CoreInst = "regslice">   --->   Core 148 'regslice' <Latency = 0> <II = 1> <Delay = 0.65> <Adapter> <Opcode : 'read' 'write'>
ST_3 : Operation 47 [1/1] (0.00ns)   --->   "%f_p_data_2 = extractvalue i41 %empty_18" [kernel.cpp:37]   --->   Operation 47 'extractvalue' 'f_p_data_2' <Predicate = (icmp_ln24)> <Delay = 0.00>

State 4 <SV = 3> <Delay = 2.36>
ST_4 : Operation 48 [1/2] (1.00ns)   --->   "%i8_1 = call i8 @__hls_fptosi_float_i8, i32 %val_1" [kernel.cpp:44]   --->   Operation 48 'call' 'i8_1' <Predicate = (icmp_ln24)> <Delay = 1.00> <CoreType = "Generic">   --->   Core 0 '' <Latency = 0> <II = 1> <Delay = 1.00> <Generic> <Opcode : >
ST_4 : Operation 49 [1/1] (0.00ns)   --->   "%val_2 = bitcast i32 %f_p_data_2" [kernel.cpp:40]   --->   Operation 49 'bitcast' 'val_2' <Predicate = (icmp_ln24)> <Delay = 0.00>
ST_4 : Operation 50 [2/2] (2.36ns)   --->   "%i8_2 = call i8 @__hls_fptosi_float_i8, i32 %val_2" [kernel.cpp:44]   --->   Operation 50 'call' 'i8_2' <Predicate = (icmp_ln24)> <Delay = 2.36> <CoreType = "Generic">   --->   Core 0 '' <Latency = 0> <II = 1> <Delay = 1.00> <Generic> <Opcode : >
ST_4 : Operation 51 [1/1] (0.07ns)   --->   "%empty_19 = read i41 @_ssdm_op_Read.axis.volatile.i32P0A.i4P0A.i4P0A.i1P0A, i32 %in_stream_V_data_V, i4 %in_stream_V_keep_V, i4 %in_stream_V_strb_V, i1 %in_stream_V_last_V" [kernel.cpp:37]   --->   Operation 51 'read' 'empty_19' <Predicate = (icmp_ln24)> <Delay = 0.07> <CoreInst = "regslice">   --->   Core 148 'regslice' <Latency = 0> <II = 1> <Delay = 0.65> <Adapter> <Opcode : 'read' 'write'>
ST_4 : Operation 52 [1/1] (0.00ns)   --->   "%f_p_data_3 = extractvalue i41 %empty_19" [kernel.cpp:37]   --->   Operation 52 'extractvalue' 'f_p_data_3' <Predicate = (icmp_ln24)> <Delay = 0.00>

State 5 <SV = 4> <Delay = 2.36>
ST_5 : Operation 53 [1/2] (1.00ns)   --->   "%i8_2 = call i8 @__hls_fptosi_float_i8, i32 %val_2" [kernel.cpp:44]   --->   Operation 53 'call' 'i8_2' <Predicate = (icmp_ln24)> <Delay = 1.00> <CoreType = "Generic">   --->   Core 0 '' <Latency = 0> <II = 1> <Delay = 1.00> <Generic> <Opcode : >
ST_5 : Operation 54 [1/1] (0.00ns)   --->   "%val_3 = bitcast i32 %f_p_data_3" [kernel.cpp:40]   --->   Operation 54 'bitcast' 'val_3' <Predicate = (icmp_ln24)> <Delay = 0.00>
ST_5 : Operation 55 [2/2] (2.36ns)   --->   "%i8_3 = call i8 @__hls_fptosi_float_i8, i32 %val_3" [kernel.cpp:44]   --->   Operation 55 'call' 'i8_3' <Predicate = (icmp_ln24)> <Delay = 2.36> <CoreType = "Generic">   --->   Core 0 '' <Latency = 0> <II = 1> <Delay = 1.00> <Generic> <Opcode : >
ST_5 : Operation 56 [1/1] (0.07ns)   --->   "%empty_20 = read i41 @_ssdm_op_Read.axis.volatile.i32P0A.i4P0A.i4P0A.i1P0A, i32 %in_stream_V_data_V, i4 %in_stream_V_keep_V, i4 %in_stream_V_strb_V, i1 %in_stream_V_last_V" [kernel.cpp:37]   --->   Operation 56 'read' 'empty_20' <Predicate = (icmp_ln24)> <Delay = 0.07> <CoreInst = "regslice">   --->   Core 148 'regslice' <Latency = 0> <II = 1> <Delay = 0.65> <Adapter> <Opcode : 'read' 'write'>
ST_5 : Operation 57 [1/1] (0.00ns)   --->   "%f_p_data_4 = extractvalue i41 %empty_20" [kernel.cpp:37]   --->   Operation 57 'extractvalue' 'f_p_data_4' <Predicate = (icmp_ln24)> <Delay = 0.00>

State 6 <SV = 5> <Delay = 2.36>
ST_6 : Operation 58 [1/2] (1.00ns)   --->   "%i8_3 = call i8 @__hls_fptosi_float_i8, i32 %val_3" [kernel.cpp:44]   --->   Operation 58 'call' 'i8_3' <Predicate = (icmp_ln24)> <Delay = 1.00> <CoreType = "Generic">   --->   Core 0 '' <Latency = 0> <II = 1> <Delay = 1.00> <Generic> <Opcode : >
ST_6 : Operation 59 [1/1] (0.00ns)   --->   "%val_4 = bitcast i32 %f_p_data_4" [kernel.cpp:40]   --->   Operation 59 'bitcast' 'val_4' <Predicate = (icmp_ln24)> <Delay = 0.00>
ST_6 : Operation 60 [2/2] (2.36ns)   --->   "%i8_4 = call i8 @__hls_fptosi_float_i8, i32 %val_4" [kernel.cpp:44]   --->   Operation 60 'call' 'i8_4' <Predicate = (icmp_ln24)> <Delay = 2.36> <CoreType = "Generic">   --->   Core 0 '' <Latency = 0> <II = 1> <Delay = 1.00> <Generic> <Opcode : >
ST_6 : Operation 61 [1/1] (0.07ns)   --->   "%empty_21 = read i41 @_ssdm_op_Read.axis.volatile.i32P0A.i4P0A.i4P0A.i1P0A, i32 %in_stream_V_data_V, i4 %in_stream_V_keep_V, i4 %in_stream_V_strb_V, i1 %in_stream_V_last_V" [kernel.cpp:37]   --->   Operation 61 'read' 'empty_21' <Predicate = (icmp_ln24)> <Delay = 0.07> <CoreInst = "regslice">   --->   Core 148 'regslice' <Latency = 0> <II = 1> <Delay = 0.65> <Adapter> <Opcode : 'read' 'write'>
ST_6 : Operation 62 [1/1] (0.00ns)   --->   "%f_p_data_5 = extractvalue i41 %empty_21" [kernel.cpp:37]   --->   Operation 62 'extractvalue' 'f_p_data_5' <Predicate = (icmp_ln24)> <Delay = 0.00>

State 7 <SV = 6> <Delay = 2.36>
ST_7 : Operation 63 [1/2] (1.00ns)   --->   "%i8_4 = call i8 @__hls_fptosi_float_i8, i32 %val_4" [kernel.cpp:44]   --->   Operation 63 'call' 'i8_4' <Predicate = (icmp_ln24)> <Delay = 1.00> <CoreType = "Generic">   --->   Core 0 '' <Latency = 0> <II = 1> <Delay = 1.00> <Generic> <Opcode : >
ST_7 : Operation 64 [1/1] (0.00ns)   --->   "%val_5 = bitcast i32 %f_p_data_5" [kernel.cpp:40]   --->   Operation 64 'bitcast' 'val_5' <Predicate = (icmp_ln24)> <Delay = 0.00>
ST_7 : Operation 65 [2/2] (2.36ns)   --->   "%i8_5 = call i8 @__hls_fptosi_float_i8, i32 %val_5" [kernel.cpp:44]   --->   Operation 65 'call' 'i8_5' <Predicate = (icmp_ln24)> <Delay = 2.36> <CoreType = "Generic">   --->   Core 0 '' <Latency = 0> <II = 1> <Delay = 1.00> <Generic> <Opcode : >
ST_7 : Operation 66 [1/1] (0.07ns)   --->   "%empty_22 = read i41 @_ssdm_op_Read.axis.volatile.i32P0A.i4P0A.i4P0A.i1P0A, i32 %in_stream_V_data_V, i4 %in_stream_V_keep_V, i4 %in_stream_V_strb_V, i1 %in_stream_V_last_V" [kernel.cpp:37]   --->   Operation 66 'read' 'empty_22' <Predicate = (icmp_ln24)> <Delay = 0.07> <CoreInst = "regslice">   --->   Core 148 'regslice' <Latency = 0> <II = 1> <Delay = 0.65> <Adapter> <Opcode : 'read' 'write'>
ST_7 : Operation 67 [1/1] (0.00ns)   --->   "%f_p_data_6 = extractvalue i41 %empty_22" [kernel.cpp:37]   --->   Operation 67 'extractvalue' 'f_p_data_6' <Predicate = (icmp_ln24)> <Delay = 0.00>

State 8 <SV = 7> <Delay = 2.36>
ST_8 : Operation 68 [1/2] (1.00ns)   --->   "%i8_5 = call i8 @__hls_fptosi_float_i8, i32 %val_5" [kernel.cpp:44]   --->   Operation 68 'call' 'i8_5' <Predicate = (icmp_ln24)> <Delay = 1.00> <CoreType = "Generic">   --->   Core 0 '' <Latency = 0> <II = 1> <Delay = 1.00> <Generic> <Opcode : >
ST_8 : Operation 69 [1/1] (0.00ns)   --->   "%val_6 = bitcast i32 %f_p_data_6" [kernel.cpp:40]   --->   Operation 69 'bitcast' 'val_6' <Predicate = (icmp_ln24)> <Delay = 0.00>
ST_8 : Operation 70 [2/2] (2.36ns)   --->   "%i8_6 = call i8 @__hls_fptosi_float_i8, i32 %val_6" [kernel.cpp:44]   --->   Operation 70 'call' 'i8_6' <Predicate = (icmp_ln24)> <Delay = 2.36> <CoreType = "Generic">   --->   Core 0 '' <Latency = 0> <II = 1> <Delay = 1.00> <Generic> <Opcode : >
ST_8 : Operation 71 [1/1] (0.07ns)   --->   "%empty_23 = read i41 @_ssdm_op_Read.axis.volatile.i32P0A.i4P0A.i4P0A.i1P0A, i32 %in_stream_V_data_V, i4 %in_stream_V_keep_V, i4 %in_stream_V_strb_V, i1 %in_stream_V_last_V" [kernel.cpp:37]   --->   Operation 71 'read' 'empty_23' <Predicate = (icmp_ln24)> <Delay = 0.07> <CoreInst = "regslice">   --->   Core 148 'regslice' <Latency = 0> <II = 1> <Delay = 0.65> <Adapter> <Opcode : 'read' 'write'>
ST_8 : Operation 72 [1/1] (0.00ns)   --->   "%f_p_data_7 = extractvalue i41 %empty_23" [kernel.cpp:37]   --->   Operation 72 'extractvalue' 'f_p_data_7' <Predicate = (icmp_ln24)> <Delay = 0.00>

State 9 <SV = 8> <Delay = 2.36>
ST_9 : Operation 73 [1/2] (1.00ns)   --->   "%i8_6 = call i8 @__hls_fptosi_float_i8, i32 %val_6" [kernel.cpp:44]   --->   Operation 73 'call' 'i8_6' <Predicate = (icmp_ln24)> <Delay = 1.00> <CoreType = "Generic">   --->   Core 0 '' <Latency = 0> <II = 1> <Delay = 1.00> <Generic> <Opcode : >
ST_9 : Operation 74 [1/1] (0.00ns)   --->   "%val_7 = bitcast i32 %f_p_data_7" [kernel.cpp:40]   --->   Operation 74 'bitcast' 'val_7' <Predicate = (icmp_ln24)> <Delay = 0.00>
ST_9 : Operation 75 [2/2] (2.36ns)   --->   "%i8_7 = call i8 @__hls_fptosi_float_i8, i32 %val_7" [kernel.cpp:44]   --->   Operation 75 'call' 'i8_7' <Predicate = (icmp_ln24)> <Delay = 2.36> <CoreType = "Generic">   --->   Core 0 '' <Latency = 0> <II = 1> <Delay = 1.00> <Generic> <Opcode : >
ST_9 : Operation 76 [1/1] (0.07ns)   --->   "%empty_24 = read i41 @_ssdm_op_Read.axis.volatile.i32P0A.i4P0A.i4P0A.i1P0A, i32 %in_stream_V_data_V, i4 %in_stream_V_keep_V, i4 %in_stream_V_strb_V, i1 %in_stream_V_last_V" [kernel.cpp:37]   --->   Operation 76 'read' 'empty_24' <Predicate = (icmp_ln24)> <Delay = 0.07> <CoreInst = "regslice">   --->   Core 148 'regslice' <Latency = 0> <II = 1> <Delay = 0.65> <Adapter> <Opcode : 'read' 'write'>
ST_9 : Operation 77 [1/1] (0.00ns)   --->   "%f_p_data_8 = extractvalue i41 %empty_24" [kernel.cpp:37]   --->   Operation 77 'extractvalue' 'f_p_data_8' <Predicate = (icmp_ln24)> <Delay = 0.00>

State 10 <SV = 9> <Delay = 2.36>
ST_10 : Operation 78 [1/2] (1.00ns)   --->   "%i8_7 = call i8 @__hls_fptosi_float_i8, i32 %val_7" [kernel.cpp:44]   --->   Operation 78 'call' 'i8_7' <Predicate = (icmp_ln24)> <Delay = 1.00> <CoreType = "Generic">   --->   Core 0 '' <Latency = 0> <II = 1> <Delay = 1.00> <Generic> <Opcode : >
ST_10 : Operation 79 [1/1] (0.00ns)   --->   "%val_8 = bitcast i32 %f_p_data_8" [kernel.cpp:40]   --->   Operation 79 'bitcast' 'val_8' <Predicate = (icmp_ln24)> <Delay = 0.00>
ST_10 : Operation 80 [2/2] (2.36ns)   --->   "%i8_8 = call i8 @__hls_fptosi_float_i8, i32 %val_8" [kernel.cpp:44]   --->   Operation 80 'call' 'i8_8' <Predicate = (icmp_ln24)> <Delay = 2.36> <CoreType = "Generic">   --->   Core 0 '' <Latency = 0> <II = 1> <Delay = 1.00> <Generic> <Opcode : >
ST_10 : Operation 81 [1/1] (0.07ns)   --->   "%empty_25 = read i41 @_ssdm_op_Read.axis.volatile.i32P0A.i4P0A.i4P0A.i1P0A, i32 %in_stream_V_data_V, i4 %in_stream_V_keep_V, i4 %in_stream_V_strb_V, i1 %in_stream_V_last_V" [kernel.cpp:37]   --->   Operation 81 'read' 'empty_25' <Predicate = (icmp_ln24)> <Delay = 0.07> <CoreInst = "regslice">   --->   Core 148 'regslice' <Latency = 0> <II = 1> <Delay = 0.65> <Adapter> <Opcode : 'read' 'write'>
ST_10 : Operation 82 [1/1] (0.00ns)   --->   "%f_p_data_9 = extractvalue i41 %empty_25" [kernel.cpp:37]   --->   Operation 82 'extractvalue' 'f_p_data_9' <Predicate = (icmp_ln24)> <Delay = 0.00>

State 11 <SV = 10> <Delay = 2.36>
ST_11 : Operation 83 [1/2] (1.00ns)   --->   "%i8_8 = call i8 @__hls_fptosi_float_i8, i32 %val_8" [kernel.cpp:44]   --->   Operation 83 'call' 'i8_8' <Predicate = (icmp_ln24)> <Delay = 1.00> <CoreType = "Generic">   --->   Core 0 '' <Latency = 0> <II = 1> <Delay = 1.00> <Generic> <Opcode : >
ST_11 : Operation 84 [1/1] (0.00ns)   --->   "%val_9 = bitcast i32 %f_p_data_9" [kernel.cpp:40]   --->   Operation 84 'bitcast' 'val_9' <Predicate = (icmp_ln24)> <Delay = 0.00>
ST_11 : Operation 85 [2/2] (2.36ns)   --->   "%i8_9 = call i8 @__hls_fptosi_float_i8, i32 %val_9" [kernel.cpp:44]   --->   Operation 85 'call' 'i8_9' <Predicate = (icmp_ln24)> <Delay = 2.36> <CoreType = "Generic">   --->   Core 0 '' <Latency = 0> <II = 1> <Delay = 1.00> <Generic> <Opcode : >
ST_11 : Operation 86 [1/1] (0.07ns)   --->   "%empty_26 = read i41 @_ssdm_op_Read.axis.volatile.i32P0A.i4P0A.i4P0A.i1P0A, i32 %in_stream_V_data_V, i4 %in_stream_V_keep_V, i4 %in_stream_V_strb_V, i1 %in_stream_V_last_V" [kernel.cpp:37]   --->   Operation 86 'read' 'empty_26' <Predicate = (icmp_ln24)> <Delay = 0.07> <CoreInst = "regslice">   --->   Core 148 'regslice' <Latency = 0> <II = 1> <Delay = 0.65> <Adapter> <Opcode : 'read' 'write'>
ST_11 : Operation 87 [1/1] (0.00ns)   --->   "%f_p_data_10 = extractvalue i41 %empty_26" [kernel.cpp:37]   --->   Operation 87 'extractvalue' 'f_p_data_10' <Predicate = (icmp_ln24)> <Delay = 0.00>

State 12 <SV = 11> <Delay = 2.36>
ST_12 : Operation 88 [1/2] (1.00ns)   --->   "%i8_9 = call i8 @__hls_fptosi_float_i8, i32 %val_9" [kernel.cpp:44]   --->   Operation 88 'call' 'i8_9' <Predicate = (icmp_ln24)> <Delay = 1.00> <CoreType = "Generic">   --->   Core 0 '' <Latency = 0> <II = 1> <Delay = 1.00> <Generic> <Opcode : >
ST_12 : Operation 89 [1/1] (0.00ns)   --->   "%val_10 = bitcast i32 %f_p_data_10" [kernel.cpp:40]   --->   Operation 89 'bitcast' 'val_10' <Predicate = (icmp_ln24)> <Delay = 0.00>
ST_12 : Operation 90 [2/2] (2.36ns)   --->   "%i8_10 = call i8 @__hls_fptosi_float_i8, i32 %val_10" [kernel.cpp:44]   --->   Operation 90 'call' 'i8_10' <Predicate = (icmp_ln24)> <Delay = 2.36> <CoreType = "Generic">   --->   Core 0 '' <Latency = 0> <II = 1> <Delay = 1.00> <Generic> <Opcode : >
ST_12 : Operation 91 [1/1] (0.07ns)   --->   "%empty_27 = read i41 @_ssdm_op_Read.axis.volatile.i32P0A.i4P0A.i4P0A.i1P0A, i32 %in_stream_V_data_V, i4 %in_stream_V_keep_V, i4 %in_stream_V_strb_V, i1 %in_stream_V_last_V" [kernel.cpp:37]   --->   Operation 91 'read' 'empty_27' <Predicate = (icmp_ln24)> <Delay = 0.07> <CoreInst = "regslice">   --->   Core 148 'regslice' <Latency = 0> <II = 1> <Delay = 0.65> <Adapter> <Opcode : 'read' 'write'>
ST_12 : Operation 92 [1/1] (0.00ns)   --->   "%f_p_data_11 = extractvalue i41 %empty_27" [kernel.cpp:37]   --->   Operation 92 'extractvalue' 'f_p_data_11' <Predicate = (icmp_ln24)> <Delay = 0.00>

State 13 <SV = 12> <Delay = 2.36>
ST_13 : Operation 93 [1/2] (1.00ns)   --->   "%i8_10 = call i8 @__hls_fptosi_float_i8, i32 %val_10" [kernel.cpp:44]   --->   Operation 93 'call' 'i8_10' <Predicate = (icmp_ln24)> <Delay = 1.00> <CoreType = "Generic">   --->   Core 0 '' <Latency = 0> <II = 1> <Delay = 1.00> <Generic> <Opcode : >
ST_13 : Operation 94 [1/1] (0.00ns)   --->   "%val_11 = bitcast i32 %f_p_data_11" [kernel.cpp:40]   --->   Operation 94 'bitcast' 'val_11' <Predicate = (icmp_ln24)> <Delay = 0.00>
ST_13 : Operation 95 [2/2] (2.36ns)   --->   "%i8_11 = call i8 @__hls_fptosi_float_i8, i32 %val_11" [kernel.cpp:44]   --->   Operation 95 'call' 'i8_11' <Predicate = (icmp_ln24)> <Delay = 2.36> <CoreType = "Generic">   --->   Core 0 '' <Latency = 0> <II = 1> <Delay = 1.00> <Generic> <Opcode : >
ST_13 : Operation 96 [1/1] (0.07ns)   --->   "%empty_28 = read i41 @_ssdm_op_Read.axis.volatile.i32P0A.i4P0A.i4P0A.i1P0A, i32 %in_stream_V_data_V, i4 %in_stream_V_keep_V, i4 %in_stream_V_strb_V, i1 %in_stream_V_last_V" [kernel.cpp:37]   --->   Operation 96 'read' 'empty_28' <Predicate = (icmp_ln24)> <Delay = 0.07> <CoreInst = "regslice">   --->   Core 148 'regslice' <Latency = 0> <II = 1> <Delay = 0.65> <Adapter> <Opcode : 'read' 'write'>
ST_13 : Operation 97 [1/1] (0.00ns)   --->   "%f_p_data_12 = extractvalue i41 %empty_28" [kernel.cpp:37]   --->   Operation 97 'extractvalue' 'f_p_data_12' <Predicate = (icmp_ln24)> <Delay = 0.00>

State 14 <SV = 13> <Delay = 2.36>
ST_14 : Operation 98 [1/2] (1.00ns)   --->   "%i8_11 = call i8 @__hls_fptosi_float_i8, i32 %val_11" [kernel.cpp:44]   --->   Operation 98 'call' 'i8_11' <Predicate = (icmp_ln24)> <Delay = 1.00> <CoreType = "Generic">   --->   Core 0 '' <Latency = 0> <II = 1> <Delay = 1.00> <Generic> <Opcode : >
ST_14 : Operation 99 [1/1] (0.00ns)   --->   "%val_12 = bitcast i32 %f_p_data_12" [kernel.cpp:40]   --->   Operation 99 'bitcast' 'val_12' <Predicate = (icmp_ln24)> <Delay = 0.00>
ST_14 : Operation 100 [2/2] (2.36ns)   --->   "%i8_12 = call i8 @__hls_fptosi_float_i8, i32 %val_12" [kernel.cpp:44]   --->   Operation 100 'call' 'i8_12' <Predicate = (icmp_ln24)> <Delay = 2.36> <CoreType = "Generic">   --->   Core 0 '' <Latency = 0> <II = 1> <Delay = 1.00> <Generic> <Opcode : >
ST_14 : Operation 101 [1/1] (0.07ns)   --->   "%empty_29 = read i41 @_ssdm_op_Read.axis.volatile.i32P0A.i4P0A.i4P0A.i1P0A, i32 %in_stream_V_data_V, i4 %in_stream_V_keep_V, i4 %in_stream_V_strb_V, i1 %in_stream_V_last_V" [kernel.cpp:37]   --->   Operation 101 'read' 'empty_29' <Predicate = (icmp_ln24)> <Delay = 0.07> <CoreInst = "regslice">   --->   Core 148 'regslice' <Latency = 0> <II = 1> <Delay = 0.65> <Adapter> <Opcode : 'read' 'write'>
ST_14 : Operation 102 [1/1] (0.00ns)   --->   "%f_p_data_13 = extractvalue i41 %empty_29" [kernel.cpp:37]   --->   Operation 102 'extractvalue' 'f_p_data_13' <Predicate = (icmp_ln24)> <Delay = 0.00>

State 15 <SV = 14> <Delay = 2.36>
ST_15 : Operation 103 [1/2] (1.00ns)   --->   "%i8_12 = call i8 @__hls_fptosi_float_i8, i32 %val_12" [kernel.cpp:44]   --->   Operation 103 'call' 'i8_12' <Predicate = (icmp_ln24)> <Delay = 1.00> <CoreType = "Generic">   --->   Core 0 '' <Latency = 0> <II = 1> <Delay = 1.00> <Generic> <Opcode : >
ST_15 : Operation 104 [1/1] (0.00ns)   --->   "%val_13 = bitcast i32 %f_p_data_13" [kernel.cpp:40]   --->   Operation 104 'bitcast' 'val_13' <Predicate = (icmp_ln24)> <Delay = 0.00>
ST_15 : Operation 105 [2/2] (2.36ns)   --->   "%i8_13 = call i8 @__hls_fptosi_float_i8, i32 %val_13" [kernel.cpp:44]   --->   Operation 105 'call' 'i8_13' <Predicate = (icmp_ln24)> <Delay = 2.36> <CoreType = "Generic">   --->   Core 0 '' <Latency = 0> <II = 1> <Delay = 1.00> <Generic> <Opcode : >
ST_15 : Operation 106 [1/1] (0.07ns)   --->   "%empty_30 = read i41 @_ssdm_op_Read.axis.volatile.i32P0A.i4P0A.i4P0A.i1P0A, i32 %in_stream_V_data_V, i4 %in_stream_V_keep_V, i4 %in_stream_V_strb_V, i1 %in_stream_V_last_V" [kernel.cpp:37]   --->   Operation 106 'read' 'empty_30' <Predicate = (icmp_ln24)> <Delay = 0.07> <CoreInst = "regslice">   --->   Core 148 'regslice' <Latency = 0> <II = 1> <Delay = 0.65> <Adapter> <Opcode : 'read' 'write'>
ST_15 : Operation 107 [1/1] (0.00ns)   --->   "%f_p_data_14 = extractvalue i41 %empty_30" [kernel.cpp:37]   --->   Operation 107 'extractvalue' 'f_p_data_14' <Predicate = (icmp_ln24)> <Delay = 0.00>

State 16 <SV = 15> <Delay = 2.36>
ST_16 : Operation 108 [1/2] (1.00ns)   --->   "%i8_13 = call i8 @__hls_fptosi_float_i8, i32 %val_13" [kernel.cpp:44]   --->   Operation 108 'call' 'i8_13' <Predicate = (icmp_ln24)> <Delay = 1.00> <CoreType = "Generic">   --->   Core 0 '' <Latency = 0> <II = 1> <Delay = 1.00> <Generic> <Opcode : >
ST_16 : Operation 109 [1/1] (0.00ns)   --->   "%val_14 = bitcast i32 %f_p_data_14" [kernel.cpp:40]   --->   Operation 109 'bitcast' 'val_14' <Predicate = (icmp_ln24)> <Delay = 0.00>
ST_16 : Operation 110 [2/2] (2.36ns)   --->   "%i8_14 = call i8 @__hls_fptosi_float_i8, i32 %val_14" [kernel.cpp:44]   --->   Operation 110 'call' 'i8_14' <Predicate = (icmp_ln24)> <Delay = 2.36> <CoreType = "Generic">   --->   Core 0 '' <Latency = 0> <II = 1> <Delay = 1.00> <Generic> <Opcode : >
ST_16 : Operation 111 [1/1] (0.07ns)   --->   "%empty_31 = read i41 @_ssdm_op_Read.axis.volatile.i32P0A.i4P0A.i4P0A.i1P0A, i32 %in_stream_V_data_V, i4 %in_stream_V_keep_V, i4 %in_stream_V_strb_V, i1 %in_stream_V_last_V" [kernel.cpp:37]   --->   Operation 111 'read' 'empty_31' <Predicate = (icmp_ln24)> <Delay = 0.07> <CoreInst = "regslice">   --->   Core 148 'regslice' <Latency = 0> <II = 1> <Delay = 0.65> <Adapter> <Opcode : 'read' 'write'>
ST_16 : Operation 112 [1/1] (0.00ns)   --->   "%f_p_data_15 = extractvalue i41 %empty_31" [kernel.cpp:37]   --->   Operation 112 'extractvalue' 'f_p_data_15' <Predicate = (icmp_ln24)> <Delay = 0.00>

State 17 <SV = 16> <Delay = 2.36>
ST_17 : Operation 113 [1/2] (1.00ns)   --->   "%i8_14 = call i8 @__hls_fptosi_float_i8, i32 %val_14" [kernel.cpp:44]   --->   Operation 113 'call' 'i8_14' <Predicate = (icmp_ln24)> <Delay = 1.00> <CoreType = "Generic">   --->   Core 0 '' <Latency = 0> <II = 1> <Delay = 1.00> <Generic> <Opcode : >
ST_17 : Operation 114 [1/1] (0.00ns)   --->   "%val_15 = bitcast i32 %f_p_data_15" [kernel.cpp:40]   --->   Operation 114 'bitcast' 'val_15' <Predicate = true> <Delay = 0.00>
ST_17 : Operation 115 [2/2] (2.36ns)   --->   "%i8_15 = call i8 @__hls_fptosi_float_i8, i32 %val_15" [kernel.cpp:44]   --->   Operation 115 'call' 'i8_15' <Predicate = (icmp_ln24)> <Delay = 2.36> <CoreType = "Generic">   --->   Core 0 '' <Latency = 0> <II = 1> <Delay = 1.00> <Generic> <Opcode : >

State 18 <SV = 17> <Delay = 1.64>
ST_18 : Operation 116 [1/1] (0.00ns)   --->   "%specpipeline_ln25 = specpipeline void @_ssdm_op_SpecPipeline, i32 1, i32 0, i32 0, i32 0, void @empty_1" [kernel.cpp:25]   --->   Operation 116 'specpipeline' 'specpipeline_ln25' <Predicate = true> <Delay = 0.00>
ST_18 : Operation 117 [1/1] (0.00ns)   --->   "%speclooptripcount_ln24 = speclooptripcount void @_ssdm_op_SpecLoopTripCount, i64 0, i64 134217727, i64 67108863" [kernel.cpp:24]   --->   Operation 117 'speclooptripcount' 'speclooptripcount_ln24' <Predicate = true> <Delay = 0.00>
ST_18 : Operation 118 [1/1] (0.00ns)   --->   "%specloopname_ln24 = specloopname void @_ssdm_op_SpecLoopName, void @empty_9" [kernel.cpp:24]   --->   Operation 118 'specloopname' 'specloopname_ln24' <Predicate = true> <Delay = 0.00>
ST_18 : Operation 119 [1/2] (1.00ns)   --->   "%i8_15 = call i8 @__hls_fptosi_float_i8, i32 %val_15" [kernel.cpp:44]   --->   Operation 119 'call' 'i8_15' <Predicate = true> <Delay = 1.00> <CoreType = "Generic">   --->   Core 0 '' <Latency = 0> <II = 1> <Delay = 1.00> <Generic> <Opcode : >
ST_18 : Operation 120 [1/1] (0.00ns)   --->   "%pack_buffer = bitconcatenate i128 @_ssdm_op_BitConcatenate.i128.i8.i8.i8.i8.i8.i8.i8.i8.i8.i8.i8.i8.i8.i8.i8.i8, i8 %i8_15, i8 %i8_14, i8 %i8_13, i8 %i8_12, i8 %i8_11, i8 %i8_10, i8 %i8_9, i8 %i8_8, i8 %i8_7, i8 %i8_6, i8 %i8_5, i8 %i8_4, i8 %i8_3, i8 %i8_2, i8 %i8_1, i8 %i8" [kernel.cpp:49]   --->   Operation 120 'bitconcatenate' 'pack_buffer' <Predicate = true> <Delay = 0.00>
ST_18 : Operation 121 [1/1] (0.64ns)   --->   "%write_ln56 = write void @_ssdm_op_Write.axis.volatile.i128P0A.i16P0A.i16P0A.i1P0A, i128 %out_stream_V_data_V, i16 %out_stream_V_keep_V, i16 %out_stream_V_strb_V, i1 %out_stream_V_last_V, i128 %pack_buffer, i16 65535, i16 0, i1 %p_out_last" [kernel.cpp:56]   --->   Operation 121 'write' 'write_ln56' <Predicate = true> <Delay = 0.64> <CoreInst = "regslice">   --->   Core 148 'regslice' <Latency = 0> <II = 1> <Delay = 0.80> <Adapter> <Opcode : 'read' 'write'>
ST_18 : Operation 122 [1/1] (0.00ns)   --->   "%br_ln24 = br void %VITIS_LOOP_36_1" [kernel.cpp:24]   --->   Operation 122 'br' 'br_ln24' <Predicate = true> <Delay = 0.00>


============================================================
+ Verbose Summary: Timing violations
============================================================
Target clock period: 4.000ns, clock uncertainty: 1.080ns.

 <State 1>: 1.636ns
The critical path consists of the following:
	'store' operation 0 bit ('store_ln24', kernel.cpp:24) of constant 0 on local variable 'i', kernel.cpp:24 [18]  (0.387 ns)
	'load' operation 28 bit ('i', kernel.cpp:24) on local variable 'i', kernel.cpp:24 [21]  (0.000 ns)
	'icmp' operation 1 bit ('icmp_ln24', kernel.cpp:24) [23]  (0.862 ns)
	'store' operation 0 bit ('store_ln24', kernel.cpp:24) of variable 'i', kernel.cpp:24 on local variable 'i', kernel.cpp:24 [97]  (0.387 ns)

 <State 2>: 2.364ns
The critical path consists of the following:
	'call' operation 8 bit ('i8', kernel.cpp:44) to '__hls_fptosi_float_i8' [33]  (2.364 ns)

 <State 3>: 2.364ns
The critical path consists of the following:
	'call' operation 8 bit ('i8', kernel.cpp:44) to '__hls_fptosi_float_i8' [37]  (2.364 ns)

 <State 4>: 2.364ns
The critical path consists of the following:
	'call' operation 8 bit ('i8', kernel.cpp:44) to '__hls_fptosi_float_i8' [41]  (2.364 ns)

 <State 5>: 2.364ns
The critical path consists of the following:
	'call' operation 8 bit ('i8', kernel.cpp:44) to '__hls_fptosi_float_i8' [45]  (2.364 ns)

 <State 6>: 2.364ns
The critical path consists of the following:
	'call' operation 8 bit ('i8', kernel.cpp:44) to '__hls_fptosi_float_i8' [49]  (2.364 ns)

 <State 7>: 2.364ns
The critical path consists of the following:
	'call' operation 8 bit ('i8', kernel.cpp:44) to '__hls_fptosi_float_i8' [53]  (2.364 ns)

 <State 8>: 2.364ns
The critical path consists of the following:
	'call' operation 8 bit ('i8', kernel.cpp:44) to '__hls_fptosi_float_i8' [57]  (2.364 ns)

 <State 9>: 2.364ns
The critical path consists of the following:
	'call' operation 8 bit ('i8', kernel.cpp:44) to '__hls_fptosi_float_i8' [61]  (2.364 ns)

 <State 10>: 2.364ns
The critical path consists of the following:
	'call' operation 8 bit ('i8', kernel.cpp:44) to '__hls_fptosi_float_i8' [65]  (2.364 ns)

 <State 11>: 2.364ns
The critical path consists of the following:
	'call' operation 8 bit ('i8', kernel.cpp:44) to '__hls_fptosi_float_i8' [69]  (2.364 ns)

 <State 12>: 2.364ns
The critical path consists of the following:
	'call' operation 8 bit ('i8', kernel.cpp:44) to '__hls_fptosi_float_i8' [73]  (2.364 ns)

 <State 13>: 2.364ns
The critical path consists of the following:
	'call' operation 8 bit ('i8', kernel.cpp:44) to '__hls_fptosi_float_i8' [77]  (2.364 ns)

 <State 14>: 2.364ns
The critical path consists of the following:
	'call' operation 8 bit ('i8', kernel.cpp:44) to '__hls_fptosi_float_i8' [81]  (2.364 ns)

 <State 15>: 2.364ns
The critical path consists of the following:
	'call' operation 8 bit ('i8', kernel.cpp:44) to '__hls_fptosi_float_i8' [85]  (2.364 ns)

 <State 16>: 2.364ns
The critical path consists of the following:
	'call' operation 8 bit ('i8', kernel.cpp:44) to '__hls_fptosi_float_i8' [89]  (2.364 ns)

 <State 17>: 2.364ns
The critical path consists of the following:
	'call' operation 8 bit ('i8', kernel.cpp:44) to '__hls_fptosi_float_i8' [93]  (2.364 ns)

 <State 18>: 1.648ns
The critical path consists of the following:
	'call' operation 8 bit ('i8', kernel.cpp:44) to '__hls_fptosi_float_i8' [93]  (1.008 ns)
	axis write operation ('write_ln56', kernel.cpp:56) on port 'out_stream_V_data_V' (kernel.cpp:56) [96]  (0.640 ns)


============================================================
+ Verbose Summary: Binding
============================================================
N/A
* FSMD analyzer results:
  - Output states:
 - Input state : 
  - Chain level:
	State 1
	State 2
	State 3
	State 4
	State 5
	State 6
	State 7
	State 8
	State 9
	State 10
	State 11
	State 12
	State 13
	State 14
	State 15
	State 16
	State 17
	State 18


============================================================
+ Verbose Summary: Datapath Resource usage 
============================================================
N/A
