

================================================================
== Vitis HLS Report for 'kv_page_ops'
================================================================
* Date:           Sun Jan 25 13:12:25 2026

* Version:        2024.1 (Build 5069499 on May 21 2024)
* Project:        kv_page_ops_prj
* Solution:       sol1 (Vivado IP Flow Target)
* Product family: virtexuplus
* Target device:  xcvu9p-flga2104-2-i


================================================================
== Performance Estimates
================================================================
+ Timing: 
    * Summary: 
    +--------+---------+----------+------------+
    |  Clock |  Target | Estimated| Uncertainty|
    +--------+---------+----------+------------+
    |ap_clk  |  3.33 ns|  2.743 ns|     0.90 ns|
    +--------+---------+----------+------------+

+ Latency: 
    * Summary: 
    +---------+---------+----------+----------+-----+-----+-----------------------------------------------+
    |  Latency (cycles) |  Latency (absolute) |  Interval |                    Pipeline                   |
    |   min   |   max   |    min   |    max   | min | max |                      Type                     |
    +---------+---------+----------+----------+-----+-----+-----------------------------------------------+
    |        ?|        ?|         ?|         ?|    0|    0|  loop auto-rewind stp(delay=0 clock cycles(s))|
    +---------+---------+----------+----------+-----+-----+-----------------------------------------------+

    + Detail: 
        * Instance: 
        N/A

        * Loop: 
        +----------------+---------+---------+----------+-----------+-----------+------+----------+
        |                |  Latency (cycles) | Iteration|  Initiation Interval  | Trip |          |
        |    Loop Name   |   min   |   max   |  Latency |  achieved |   target  | Count| Pipelined|
        +----------------+---------+---------+----------+-----------+-----------+------+----------+
        |- process_loop  |        ?|        ?|         4|          1|          1|     ?|       yes|
        +----------------+---------+---------+----------+-----------+-----------+------+----------+



================================================================
== Utilization Estimates
================================================================
* Summary: 
+---------------------+---------+------+---------+---------+-----+
|         Name        | BRAM_18K|  DSP |    FF   |   LUT   | URAM|
+---------------------+---------+------+---------+---------+-----+
|DSP                  |        -|     -|        -|        -|    -|
|Expression           |        -|     -|        0|      161|    -|
|FIFO                 |        -|     -|        -|        -|    -|
|Instance             |        0|     -|       74|      104|    0|
|Memory               |       16|     -|        0|        0|    -|
|Multiplexer          |        -|     -|        0|       54|    -|
|Register             |        -|     -|      162|       32|    -|
+---------------------+---------+------+---------+---------+-----+
|Total                |       16|     0|      236|      351|    0|
+---------------------+---------+------+---------+---------+-----+
|Available SLR        |     1440|  2280|   788160|   394080|  320|
+---------------------+---------+------+---------+---------+-----+
|Utilization SLR (%)  |        1|     0|       ~0|       ~0|    0|
+---------------------+---------+------+---------+---------+-----+
|Available            |     4320|  6840|  2364480|  1182240|  960|
+---------------------+---------+------+---------+---------+-----+
|Utilization (%)      |       ~0|     0|       ~0|       ~0|    0|
+---------------------+---------+------+---------+---------+-----+

+ Detail: 
    * Instance: 
    +-----------------+---------------+---------+----+----+-----+-----+
    |     Instance    |     Module    | BRAM_18K| DSP| FF | LUT | URAM|
    +-----------------+---------------+---------+----+----+-----+-----+
    |control_s_axi_U  |control_s_axi  |        0|   0|  74|  104|    0|
    +-----------------+---------------+---------+----+----+-----+-----+
    |Total            |               |        0|   0|  74|  104|    0|
    +-----------------+---------------+---------+----+----+-----+-----+

    * DSP: 
    N/A

    * Memory: 
    +-------------+----------------------------+---------+---+----+-----+------+-----+------+-------------+
    |    Memory   |           Module           | BRAM_18K| FF| LUT| URAM| Words| Bits| Banks| W*Bits*Banks|
    +-------------+----------------------------+---------+---+----+-----+------+-----+------+-------------+
    |kv_memory_U  |kv_memory_RAM_2P_BRAM_1R1W  |       16|  0|   0|    0|  8192|   32|     1|       262144|
    +-------------+----------------------------+---------+---+----+-----+------+-----+------+-------------+
    |Total        |                            |       16|  0|   0|    0|  8192|   32|     1|       262144|
    +-------------+----------------------------+---------+---+----+-----+------+-----+------+-------------+

    * FIFO: 
    N/A

    * Expression: 
    +----------------------------------+----------+----+---+----+------------+------------+
    |           Variable Name          | Operation| DSP| FF| LUT| Bitwidth P0| Bitwidth P1|
    +----------------------------------+----------+----+---+----+------------+------------+
    |add_ln54_fu_217_p2                |         +|   0|  0|  38|          31|           1|
    |phys_addr_fu_277_p2               |         +|   0|  0|  24|          17|          17|
    |ap_block_state1_pp0_stage0_iter0  |       and|   0|  0|   2|           1|           1|
    |ap_block_state3_io                |       and|   0|  0|   2|           1|           1|
    |ap_block_state4_io                |       and|   0|  0|   2|           1|           1|
    |ap_condition_212                  |       and|   0|  0|   2|           1|           1|
    |grp_fu_193_p2                     |      icmp|   0|  0|  12|           4|           1|
    |icmp_ln54_fu_211_p2               |      icmp|   0|  0|  39|          32|          32|
    |ap_block_pp0_stage0_01001         |        or|   0|  0|   2|           1|           1|
    |ap_block_pp0_stage0_11001         |        or|   0|  0|   2|           1|           1|
    |ap_block_state3_pp0_stage0_iter2  |        or|   0|  0|   2|           1|           1|
    |resp_stream_TDATA_int_regslice    |    select|   0|  0|  32|           1|          32|
    |ap_enable_pp0                     |       xor|   0|  0|   2|           1|           2|
    +----------------------------------+----------+----+---+----+------------+------------+
    |Total                             |          |   0|  0| 161|          93|          92|
    +----------------------------------+----------+----+---+----+------------+------------+

    * Multiplexer: 
    +-------------------------+----+-----------+-----+-----------+
    |           Name          | LUT| Input Size| Bits| Total Bits|
    +-------------------------+----+-----------+-----+-----------+
    |ap_done_int              |   9|          2|    1|          2|
    |ap_enable_reg_pp0_iter1  |   9|          2|    1|          2|
    |ap_sig_allocacmp_i_load  |   9|          2|   31|         62|
    |cmd_stream_TDATA_blk_n   |   9|          2|    1|          2|
    |i_fu_118                 |   9|          2|   31|         62|
    |resp_stream_TDATA_blk_n  |   9|          2|    1|          2|
    +-------------------------+----+-----------+-----+-----------+
    |Total                    |  54|         12|   66|        132|
    +-------------------------+----+-----------+-----+-----------+

    * Register: 
    +----------------------------------+----+----+-----+-----------+
    |               Name               | FF | LUT| Bits| Const Bits|
    +----------------------------------+----+----+-----+-----------+
    |ap_CS_fsm                         |   1|   0|    1|          0|
    |ap_done_reg                       |   1|   0|    1|          0|
    |ap_enable_reg_pp0_iter1           |   1|   0|    1|          0|
    |ap_enable_reg_pp0_iter2           |   1|   0|    1|          0|
    |ap_enable_reg_pp0_iter3           |   1|   0|    1|          0|
    |ap_loop_exit_ready_pp0_iter1_reg  |   1|   0|    1|          0|
    |ap_loop_exit_ready_pp0_iter2_reg  |   1|   0|    1|          0|
    |ap_predicate_pred128_state3       |   1|   0|    1|          0|
    |ap_predicate_pred55_state4        |   1|   0|    1|          0|
    |data_in_reg_319                   |  32|   0|   32|          0|
    |i_fu_118                          |  31|   0|   31|          0|
    |icmp_ln78_reg_331                 |   1|   0|    1|          0|
    |op_reg_315                        |   8|   0|    8|          0|
    |phys_addr_reg_324                 |  17|   0|   17|          0|
    |op_reg_315                        |  64|  32|    8|          0|
    +----------------------------------+----+----+-----+-----------+
    |Total                             | 162|  32|  106|          0|
    +----------------------------------+----+----+-----+-----------+



================================================================
== Interface
================================================================
* Summary: 
+-----------------------+-----+-----+------------+----------------------+--------------+
|       RTL Ports       | Dir | Bits|  Protocol  |     Source Object    |    C Type    |
+-----------------------+-----+-----+------------+----------------------+--------------+
|s_axi_control_AWVALID  |   in|    1|       s_axi|               control|        scalar|
|s_axi_control_AWREADY  |  out|    1|       s_axi|               control|        scalar|
|s_axi_control_AWADDR   |   in|    5|       s_axi|               control|        scalar|
|s_axi_control_WVALID   |   in|    1|       s_axi|               control|        scalar|
|s_axi_control_WREADY   |  out|    1|       s_axi|               control|        scalar|
|s_axi_control_WDATA    |   in|   32|       s_axi|               control|        scalar|
|s_axi_control_WSTRB    |   in|    4|       s_axi|               control|        scalar|
|s_axi_control_ARVALID  |   in|    1|       s_axi|               control|        scalar|
|s_axi_control_ARREADY  |  out|    1|       s_axi|               control|        scalar|
|s_axi_control_ARADDR   |   in|    5|       s_axi|               control|        scalar|
|s_axi_control_RVALID   |  out|    1|       s_axi|               control|        scalar|
|s_axi_control_RREADY   |   in|    1|       s_axi|               control|        scalar|
|s_axi_control_RDATA    |  out|   32|       s_axi|               control|        scalar|
|s_axi_control_RRESP    |  out|    2|       s_axi|               control|        scalar|
|s_axi_control_BVALID   |  out|    1|       s_axi|               control|        scalar|
|s_axi_control_BREADY   |   in|    1|       s_axi|               control|        scalar|
|s_axi_control_BRESP    |  out|    2|       s_axi|               control|        scalar|
|ap_clk                 |   in|    1|  ap_ctrl_hs|           kv_page_ops|  return value|
|ap_rst_n               |   in|    1|  ap_ctrl_hs|           kv_page_ops|  return value|
|interrupt              |  out|    1|  ap_ctrl_hs|           kv_page_ops|  return value|
|cmd_stream_TVALID      |   in|    1|        axis|   cmd_stream_V_last_V|       pointer|
|cmd_stream_TREADY      |  out|    1|        axis|   cmd_stream_V_last_V|       pointer|
|cmd_stream_TLAST       |   in|    1|        axis|   cmd_stream_V_last_V|       pointer|
|resp_stream_TREADY     |   in|    1|        axis|  resp_stream_V_last_V|       pointer|
|resp_stream_TVALID     |  out|    1|        axis|  resp_stream_V_last_V|       pointer|
|resp_stream_TLAST      |  out|    1|        axis|  resp_stream_V_last_V|       pointer|
|cmd_stream_TDATA       |   in|   64|        axis|   cmd_stream_V_data_V|       pointer|
|cmd_stream_TKEEP       |   in|    8|        axis|   cmd_stream_V_keep_V|       pointer|
|cmd_stream_TSTRB       |   in|    8|        axis|   cmd_stream_V_strb_V|       pointer|
|resp_stream_TDATA      |  out|   32|        axis|  resp_stream_V_data_V|       pointer|
|resp_stream_TKEEP      |  out|    4|        axis|  resp_stream_V_keep_V|       pointer|
|resp_stream_TSTRB      |  out|    4|        axis|  resp_stream_V_strb_V|       pointer|
+-----------------------+-----+-----+------------+----------------------+--------------+

