

================================================================
== Vitis HLS Report for 'pack_int4_transpose'
================================================================
* Date:           Sun Jan 25 13:09:50 2026

* Version:        2024.1 (Build 5069499 on May 21 2024)
* Project:        pack_int4_transpose_prj
* Solution:       sol1 (Vivado IP Flow Target)
* Product family: virtexuplus
* Target device:  xcvu9p-flga2104-2-i


================================================================
== Performance Estimates
================================================================
+ Timing: 
    * Summary: 
    +--------+---------+----------+------------+
    |  Clock |  Target | Estimated| Uncertainty|
    +--------+---------+----------+------------+
    |ap_clk  |  3.33 ns|  2.364 ns|     0.90 ns|
    +--------+---------+----------+------------+

+ Latency: 
    * Summary: 
    +---------+------------+----------+-----------+-----+------------+---------+
    |   Latency (cycles)   |  Latency (absolute)  |     Interval     | Pipeline|
    |   min   |     max    |    min   |    max    | min |     max    |   Type  |
    +---------+------------+----------+-----------+-----+------------+---------+
    |        2|  2617245659|  6.660 ns|  8.715 sec|    3|  2617245660|       no|
    +---------+------------+----------+-----------+-----+------------+---------+

    + Detail: 
        * Instance: 
        N/A

        * Loop: 
        +--------------+---------+------------+----------+-----------+-----------+--------------+----------+
        |              |   Latency (cycles)   | Iteration|  Initiation Interval  |     Trip     |          |
        |   Loop Name  |   min   |     max    |  Latency |  achieved |   target  |     Count    | Pipelined|
        +--------------+---------+------------+----------+-----------+-----------+--------------+----------+
        |- block_loop  |        0|  2617245657|        39|          -|          -|  0 ~ 67108863|        no|
        +--------------+---------+------------+----------+-----------+-----------+--------------+----------+

============================================================
+ Verbose Summary: Synthesis Manager
============================================================
InlineROM: 1
ExposeGlobal: 0
============================================================
+ Verbose Summary: CDFG Model
============================================================
IsTopModel: 1
ResetActiveHigh: 1
IsCombinational: 0
IsDatapathOnly: 0
HasWiredReturn: 1
HasMFsm: 0
HasVarLatency: 1
IsPipeline: 0
IsRtlPipelined: 0
IsInstanceOverlapped: 0
IsDontTouch: 0
HasImplIP: 0
IsGatedGlobalClock: 0


============================================================
+ Verbose Summary: Schedule
============================================================
* Number of FSM states : 6
* Pipeline : 0
* Dataflow Pipeline: 0

* FSM state transitions: 
1 --> 2 
2 --> 3 
3 --> 4 
4 --> 5 
5 --> 6 
6 --> 3 

* FSM state operations: 

State 1 <SV = 0> <Delay = 1.88>
ST_1 : Operation 7 [1/1] (0.00ns)   --->   "%i = alloca i32 1" [kernel.cpp:23]   --->   Operation 7 'alloca' 'i' <Predicate = true> <Delay = 0.00>
ST_1 : Operation 8 [1/1] (1.00ns)   --->   "%num_elements_read = read i32 @_ssdm_op_Read.s_axilite.i32, i32 %num_elements"   --->   Operation 8 'read' 'num_elements_read' <Predicate = true> <Delay = 1.00> <CoreInst = "s_axilite">   --->   Core 120 's_axilite' <Latency = 0> <II = 1> <Delay = 1.00> <Adapter> <Opcode : 'read' 'write'>
ST_1 : Operation 9 [1/1] (0.00ns)   --->   "%buffer_loc = alloca i64 1"   --->   Operation 9 'alloca' 'buffer_loc' <Predicate = true> <Delay = 0.00>
ST_1 : Operation 10 [1/1] (0.00ns)   --->   "%buffer_1_loc = alloca i64 1"   --->   Operation 10 'alloca' 'buffer_1_loc' <Predicate = true> <Delay = 0.00>
ST_1 : Operation 11 [1/1] (0.00ns)   --->   "%buffer_2_loc = alloca i64 1"   --->   Operation 11 'alloca' 'buffer_2_loc' <Predicate = true> <Delay = 0.00>
ST_1 : Operation 12 [1/1] (0.00ns)   --->   "%buffer_3_loc = alloca i64 1"   --->   Operation 12 'alloca' 'buffer_3_loc' <Predicate = true> <Delay = 0.00>
ST_1 : Operation 13 [1/1] (0.00ns)   --->   "%buffer_4_loc = alloca i64 1"   --->   Operation 13 'alloca' 'buffer_4_loc' <Predicate = true> <Delay = 0.00>
ST_1 : Operation 14 [1/1] (0.00ns)   --->   "%buffer_5_loc = alloca i64 1"   --->   Operation 14 'alloca' 'buffer_5_loc' <Predicate = true> <Delay = 0.00>
ST_1 : Operation 15 [1/1] (0.00ns)   --->   "%buffer_6_loc = alloca i64 1"   --->   Operation 15 'alloca' 'buffer_6_loc' <Predicate = true> <Delay = 0.00>
ST_1 : Operation 16 [1/1] (0.00ns)   --->   "%buffer_7_loc = alloca i64 1"   --->   Operation 16 'alloca' 'buffer_7_loc' <Predicate = true> <Delay = 0.00>
ST_1 : Operation 17 [1/1] (0.00ns)   --->   "%buffer_8_loc = alloca i64 1"   --->   Operation 17 'alloca' 'buffer_8_loc' <Predicate = true> <Delay = 0.00>
ST_1 : Operation 18 [1/1] (0.00ns)   --->   "%buffer_9_loc = alloca i64 1"   --->   Operation 18 'alloca' 'buffer_9_loc' <Predicate = true> <Delay = 0.00>
ST_1 : Operation 19 [1/1] (0.00ns)   --->   "%buffer_10_loc = alloca i64 1"   --->   Operation 19 'alloca' 'buffer_10_loc' <Predicate = true> <Delay = 0.00>
ST_1 : Operation 20 [1/1] (0.00ns)   --->   "%buffer_11_loc = alloca i64 1"   --->   Operation 20 'alloca' 'buffer_11_loc' <Predicate = true> <Delay = 0.00>
ST_1 : Operation 21 [1/1] (0.00ns)   --->   "%buffer_12_loc = alloca i64 1"   --->   Operation 21 'alloca' 'buffer_12_loc' <Predicate = true> <Delay = 0.00>
ST_1 : Operation 22 [1/1] (0.00ns)   --->   "%buffer_13_loc = alloca i64 1"   --->   Operation 22 'alloca' 'buffer_13_loc' <Predicate = true> <Delay = 0.00>
ST_1 : Operation 23 [1/1] (0.00ns)   --->   "%buffer_14_loc = alloca i64 1"   --->   Operation 23 'alloca' 'buffer_14_loc' <Predicate = true> <Delay = 0.00>
ST_1 : Operation 24 [1/1] (0.00ns)   --->   "%buffer_15_loc = alloca i64 1"   --->   Operation 24 'alloca' 'buffer_15_loc' <Predicate = true> <Delay = 0.00>
ST_1 : Operation 25 [1/1] (0.00ns)   --->   "%buffer_16_loc = alloca i64 1"   --->   Operation 25 'alloca' 'buffer_16_loc' <Predicate = true> <Delay = 0.00>
ST_1 : Operation 26 [1/1] (0.00ns)   --->   "%buffer_17_loc = alloca i64 1"   --->   Operation 26 'alloca' 'buffer_17_loc' <Predicate = true> <Delay = 0.00>
ST_1 : Operation 27 [1/1] (0.00ns)   --->   "%buffer_18_loc = alloca i64 1"   --->   Operation 27 'alloca' 'buffer_18_loc' <Predicate = true> <Delay = 0.00>
ST_1 : Operation 28 [1/1] (0.00ns)   --->   "%buffer_19_loc = alloca i64 1"   --->   Operation 28 'alloca' 'buffer_19_loc' <Predicate = true> <Delay = 0.00>
ST_1 : Operation 29 [1/1] (0.00ns)   --->   "%buffer_20_loc = alloca i64 1"   --->   Operation 29 'alloca' 'buffer_20_loc' <Predicate = true> <Delay = 0.00>
ST_1 : Operation 30 [1/1] (0.00ns)   --->   "%buffer_21_loc = alloca i64 1"   --->   Operation 30 'alloca' 'buffer_21_loc' <Predicate = true> <Delay = 0.00>
ST_1 : Operation 31 [1/1] (0.00ns)   --->   "%buffer_22_loc = alloca i64 1"   --->   Operation 31 'alloca' 'buffer_22_loc' <Predicate = true> <Delay = 0.00>
ST_1 : Operation 32 [1/1] (0.00ns)   --->   "%buffer_23_loc = alloca i64 1"   --->   Operation 32 'alloca' 'buffer_23_loc' <Predicate = true> <Delay = 0.00>
ST_1 : Operation 33 [1/1] (0.00ns)   --->   "%buffer_24_loc = alloca i64 1"   --->   Operation 33 'alloca' 'buffer_24_loc' <Predicate = true> <Delay = 0.00>
ST_1 : Operation 34 [1/1] (0.00ns)   --->   "%buffer_25_loc = alloca i64 1"   --->   Operation 34 'alloca' 'buffer_25_loc' <Predicate = true> <Delay = 0.00>
ST_1 : Operation 35 [1/1] (0.00ns)   --->   "%buffer_26_loc = alloca i64 1"   --->   Operation 35 'alloca' 'buffer_26_loc' <Predicate = true> <Delay = 0.00>
ST_1 : Operation 36 [1/1] (0.00ns)   --->   "%buffer_27_loc = alloca i64 1"   --->   Operation 36 'alloca' 'buffer_27_loc' <Predicate = true> <Delay = 0.00>
ST_1 : Operation 37 [1/1] (0.00ns)   --->   "%buffer_28_loc = alloca i64 1"   --->   Operation 37 'alloca' 'buffer_28_loc' <Predicate = true> <Delay = 0.00>
ST_1 : Operation 38 [1/1] (0.00ns)   --->   "%buffer_29_loc = alloca i64 1"   --->   Operation 38 'alloca' 'buffer_29_loc' <Predicate = true> <Delay = 0.00>
ST_1 : Operation 39 [1/1] (0.00ns)   --->   "%buffer_30_loc = alloca i64 1"   --->   Operation 39 'alloca' 'buffer_30_loc' <Predicate = true> <Delay = 0.00>
ST_1 : Operation 40 [1/1] (0.00ns)   --->   "%buffer_31_loc = alloca i64 1"   --->   Operation 40 'alloca' 'buffer_31_loc' <Predicate = true> <Delay = 0.00>
ST_1 : Operation 41 [1/1] (0.00ns)   --->   "%tmp = bitselect i1 @_ssdm_op_BitSelect.i1.i32.i32, i32 %num_elements_read, i32 31" [kernel.cpp:21]   --->   Operation 41 'bitselect' 'tmp' <Predicate = true> <Delay = 0.00>
ST_1 : Operation 42 [1/1] (0.88ns)   --->   "%sub_ln21 = sub i32 0, i32 %num_elements_read" [kernel.cpp:21]   --->   Operation 42 'sub' 'sub_ln21' <Predicate = true> <Delay = 0.88> <CoreInst = "Adder">   --->   Core 1 'Adder' <Latency = 0> <II = 1> <Delay = 0.88> <FuncUnit> <Opcode : 'add' 'sub'> <InPorts = 2> <OutPorts = 1>
ST_1 : Operation 43 [1/1] (0.00ns)   --->   "%tmp_1 = partselect i27 @_ssdm_op_PartSelect.i27.i32.i32.i32, i32 %sub_ln21, i32 5, i32 31" [kernel.cpp:21]   --->   Operation 43 'partselect' 'tmp_1' <Predicate = true> <Delay = 0.00>
ST_1 : Operation 44 [1/1] (0.00ns)   --->   "%tmp_2 = partselect i27 @_ssdm_op_PartSelect.i27.i32.i32.i32, i32 %num_elements_read, i32 5, i32 31" [kernel.cpp:21]   --->   Operation 44 'partselect' 'tmp_2' <Predicate = true> <Delay = 0.00>
ST_1 : Operation 45 [1/1] (0.38ns)   --->   "%store_ln23 = store i27 0, i27 %i" [kernel.cpp:23]   --->   Operation 45 'store' 'store_ln23' <Predicate = true> <Delay = 0.38>

State 2 <SV = 1> <Delay = 2.03>
ST_2 : Operation 46 [1/1] (0.00ns)   --->   "%spectopmodule_ln15 = spectopmodule void @_ssdm_op_SpecTopModule, void @empty_8" [kernel.cpp:15]   --->   Operation 46 'spectopmodule' 'spectopmodule_ln15' <Predicate = true> <Delay = 0.00>
ST_2 : Operation 47 [1/1] (0.00ns)   --->   "%specinterface_ln0 = specinterface void @_ssdm_op_SpecInterface, i32 %in_stream_V_data_V, i4 %in_stream_V_keep_V, i4 %in_stream_V_strb_V, i1 %in_stream_V_last_V, void @empty, i32 1, i32 1, void @empty_0, i32 0, i32 0, void @empty_1, void @empty_1, void @empty_1, i32 0, i32 0, i32 0, i32 0, void @empty_1, void @empty_1, i32 4294967295, i32 0, i32 0"   --->   Operation 47 'specinterface' 'specinterface_ln0' <Predicate = true> <Delay = 0.00>
ST_2 : Operation 48 [1/1] (0.00ns)   --->   "%specbitsmap_ln0 = specbitsmap void @_ssdm_op_SpecBitsMap, i32 %in_stream_V_data_V"   --->   Operation 48 'specbitsmap' 'specbitsmap_ln0' <Predicate = true> <Delay = 0.00>
ST_2 : Operation 49 [1/1] (0.00ns)   --->   "%specbitsmap_ln0 = specbitsmap void @_ssdm_op_SpecBitsMap, i4 %in_stream_V_keep_V"   --->   Operation 49 'specbitsmap' 'specbitsmap_ln0' <Predicate = true> <Delay = 0.00>
ST_2 : Operation 50 [1/1] (0.00ns)   --->   "%specbitsmap_ln0 = specbitsmap void @_ssdm_op_SpecBitsMap, i4 %in_stream_V_strb_V"   --->   Operation 50 'specbitsmap' 'specbitsmap_ln0' <Predicate = true> <Delay = 0.00>
ST_2 : Operation 51 [1/1] (0.00ns)   --->   "%specbitsmap_ln0 = specbitsmap void @_ssdm_op_SpecBitsMap, i1 %in_stream_V_last_V"   --->   Operation 51 'specbitsmap' 'specbitsmap_ln0' <Predicate = true> <Delay = 0.00>
ST_2 : Operation 52 [1/1] (0.00ns)   --->   "%specinterface_ln0 = specinterface void @_ssdm_op_SpecInterface, i128 %out_stream_V_data_V, i16 %out_stream_V_keep_V, i16 %out_stream_V_strb_V, i1 %out_stream_V_last_V, void @empty, i32 1, i32 1, void @empty_0, i32 0, i32 0, void @empty_1, void @empty_1, void @empty_1, i32 0, i32 0, i32 0, i32 0, void @empty_1, void @empty_1, i32 4294967295, i32 0, i32 0"   --->   Operation 52 'specinterface' 'specinterface_ln0' <Predicate = true> <Delay = 0.00>
ST_2 : Operation 53 [1/1] (0.00ns)   --->   "%specbitsmap_ln0 = specbitsmap void @_ssdm_op_SpecBitsMap, i128 %out_stream_V_data_V"   --->   Operation 53 'specbitsmap' 'specbitsmap_ln0' <Predicate = true> <Delay = 0.00>
ST_2 : Operation 54 [1/1] (0.00ns)   --->   "%specbitsmap_ln0 = specbitsmap void @_ssdm_op_SpecBitsMap, i16 %out_stream_V_keep_V"   --->   Operation 54 'specbitsmap' 'specbitsmap_ln0' <Predicate = true> <Delay = 0.00>
ST_2 : Operation 55 [1/1] (0.00ns)   --->   "%specbitsmap_ln0 = specbitsmap void @_ssdm_op_SpecBitsMap, i16 %out_stream_V_strb_V"   --->   Operation 55 'specbitsmap' 'specbitsmap_ln0' <Predicate = true> <Delay = 0.00>
ST_2 : Operation 56 [1/1] (0.00ns)   --->   "%specbitsmap_ln0 = specbitsmap void @_ssdm_op_SpecBitsMap, i1 %out_stream_V_last_V"   --->   Operation 56 'specbitsmap' 'specbitsmap_ln0' <Predicate = true> <Delay = 0.00>
ST_2 : Operation 57 [1/1] (0.00ns)   --->   "%specbitsmap_ln0 = specbitsmap void @_ssdm_op_SpecBitsMap, i32 %num_elements"   --->   Operation 57 'specbitsmap' 'specbitsmap_ln0' <Predicate = true> <Delay = 0.00>
ST_2 : Operation 58 [1/1] (0.00ns)   --->   "%specinterface_ln0 = specinterface void @_ssdm_op_SpecInterface, i32 %num_elements, void @empty_2, i32 4294967295, i32 4294967295, void @empty_0, i32 0, i32 0, void @empty_3, void @empty_4, void @empty_1, i32 0, i32 0, i32 0, i32 0, void @empty_1, void @empty_1, i32 4294967295, i32 0, i32 0"   --->   Operation 58 'specinterface' 'specinterface_ln0' <Predicate = true> <Delay = 0.00>
ST_2 : Operation 59 [1/1] (0.00ns)   --->   "%specinterface_ln0 = specinterface void @_ssdm_op_SpecInterface, i32 %num_elements, void @empty_5, i32 4294967295, i32 4294967295, void @empty_1, i32 0, i32 0, void @empty_1, void @empty_1, void @empty_1, i32 0, i32 0, i32 0, i32 0, void @empty_1, void @empty_1, i32 4294967295, i32 0, i32 0"   --->   Operation 59 'specinterface' 'specinterface_ln0' <Predicate = true> <Delay = 0.00>
ST_2 : Operation 60 [1/1] (0.00ns)   --->   "%specinterface_ln0 = specinterface void @_ssdm_op_SpecInterface, i32 0, void @empty_2, i32 0, i32 0, void @empty_1, i32 0, i32 0, void @empty_3, void @empty_1, void @empty_1, i32 0, i32 0, i32 0, i32 0, void @empty_1, void @empty_1, i32 4294967295, i32 0, i32 0"   --->   Operation 60 'specinterface' 'specinterface_ln0' <Predicate = true> <Delay = 0.00>
ST_2 : Operation 61 [1/1] (0.00ns)   --->   "%zext_ln21 = zext i27 %tmp_1" [kernel.cpp:21]   --->   Operation 61 'zext' 'zext_ln21' <Predicate = (tmp)> <Delay = 0.00>
ST_2 : Operation 62 [1/1] (0.85ns)   --->   "%sub_ln21_1 = sub i28 0, i28 %zext_ln21" [kernel.cpp:21]   --->   Operation 62 'sub' 'sub_ln21_1' <Predicate = (tmp)> <Delay = 0.85> <CoreInst = "Adder">   --->   Core 1 'Adder' <Latency = 0> <II = 1> <Delay = 0.85> <FuncUnit> <Opcode : 'add' 'sub'> <InPorts = 2> <OutPorts = 1>
ST_2 : Operation 63 [1/1] (0.00ns)   --->   "%zext_ln21_1 = zext i27 %tmp_2" [kernel.cpp:21]   --->   Operation 63 'zext' 'zext_ln21_1' <Predicate = (!tmp)> <Delay = 0.00>
ST_2 : Operation 64 [1/1] (0.32ns)   --->   "%num_blocks = select i1 %tmp, i28 %sub_ln21_1, i28 %zext_ln21_1" [kernel.cpp:21]   --->   Operation 64 'select' 'num_blocks' <Predicate = true> <Delay = 0.32> <CoreInst = "Sel">   --->   Core 73 'Sel' <Latency = 0> <II = 1> <Delay = 0.32> <FuncUnit> <Opcode : 'select'> <InPorts = 3> <OutPorts = 1>
ST_2 : Operation 65 [1/1] (0.85ns)   --->   "%sub = add i28 %num_blocks, i28 268435455" [kernel.cpp:21]   --->   Operation 65 'add' 'sub' <Predicate = true> <Delay = 0.85> <CoreInst = "Adder">   --->   Core 1 'Adder' <Latency = 0> <II = 1> <Delay = 0.85> <FuncUnit> <Opcode : 'add' 'sub'> <InPorts = 2> <OutPorts = 1>
ST_2 : Operation 66 [1/1] (0.00ns)   --->   "%specaxissidechannel_ln23 = specaxissidechannel void @_ssdm_op_SpecAXISSideChannel, i128 %out_stream_V_data_V, i16 %out_stream_V_keep_V, i16 %out_stream_V_strb_V, i1 0, i1 %out_stream_V_last_V, i1 0, i1 0, void @empty_6" [kernel.cpp:23]   --->   Operation 66 'specaxissidechannel' 'specaxissidechannel_ln23' <Predicate = true> <Delay = 0.00>
ST_2 : Operation 67 [1/1] (0.00ns)   --->   "%specaxissidechannel_ln23 = specaxissidechannel void @_ssdm_op_SpecAXISSideChannel, i32 %in_stream_V_data_V, i4 %in_stream_V_keep_V, i4 %in_stream_V_strb_V, i1 0, i1 %in_stream_V_last_V, i1 0, i1 0, void @empty_7" [kernel.cpp:23]   --->   Operation 67 'specaxissidechannel' 'specaxissidechannel_ln23' <Predicate = true> <Delay = 0.00>
ST_2 : Operation 68 [1/1] (0.00ns)   --->   "%br_ln23 = br void %read_loop" [kernel.cpp:23]   --->   Operation 68 'br' 'br_ln23' <Predicate = true> <Delay = 0.00>

State 3 <SV = 2> <Delay = 1.94>
ST_3 : Operation 69 [1/1] (0.00ns)   --->   "%i_1 = load i27 %i" [kernel.cpp:23]   --->   Operation 69 'load' 'i_1' <Predicate = true> <Delay = 0.00>
ST_3 : Operation 70 [1/1] (0.00ns)   --->   "%zext_ln23 = zext i27 %i_1" [kernel.cpp:23]   --->   Operation 70 'zext' 'zext_ln23' <Predicate = true> <Delay = 0.00>
ST_3 : Operation 71 [1/1] (0.85ns)   --->   "%icmp_ln23 = icmp_slt  i28 %zext_ln23, i28 %num_blocks" [kernel.cpp:23]   --->   Operation 71 'icmp' 'icmp_ln23' <Predicate = true> <Delay = 0.85> <CoreInst = "Cmp">   --->   Core 9 'Cmp' <Latency = 0> <II = 1> <Delay = 0.85> <FuncUnit> <Opcode : 'seteq' 'setne' 'setle' 'setge' 'setlt' 'setgt'> <InPorts = 2> <OutPorts = 1>
ST_3 : Operation 72 [1/1] (0.85ns)   --->   "%i_2 = add i27 %i_1, i27 1" [kernel.cpp:23]   --->   Operation 72 'add' 'i_2' <Predicate = true> <Delay = 0.85> <CoreInst = "Adder">   --->   Core 1 'Adder' <Latency = 0> <II = 1> <Delay = 0.85> <FuncUnit> <Opcode : 'add' 'sub'> <InPorts = 2> <OutPorts = 1>
ST_3 : Operation 73 [1/1] (0.00ns)   --->   "%br_ln23 = br i1 %icmp_ln23, void %for.end32.loopexit, void %read_loop.split" [kernel.cpp:23]   --->   Operation 73 'br' 'br_ln23' <Predicate = true> <Delay = 0.00>
ST_3 : Operation 74 [1/1] (0.00ns)   --->   "%empty = wait i32 @_ssdm_op_Wait"   --->   Operation 74 'wait' 'empty' <Predicate = (icmp_ln23)> <Delay = 0.00>
ST_3 : Operation 75 [2/2] (1.08ns)   --->   "%call_ln0 = call void @pack_int4_transpose_Pipeline_read_loop, i32 %in_stream_V_data_V, i4 %in_stream_V_keep_V, i4 %in_stream_V_strb_V, i1 %in_stream_V_last_V, i4 %buffer_31_loc, i4 %buffer_30_loc, i4 %buffer_29_loc, i4 %buffer_28_loc, i4 %buffer_27_loc, i4 %buffer_26_loc, i4 %buffer_25_loc, i4 %buffer_24_loc, i4 %buffer_23_loc, i4 %buffer_22_loc, i4 %buffer_21_loc, i4 %buffer_20_loc, i4 %buffer_19_loc, i4 %buffer_18_loc, i4 %buffer_17_loc, i4 %buffer_16_loc, i4 %buffer_15_loc, i4 %buffer_14_loc, i4 %buffer_13_loc, i4 %buffer_12_loc, i4 %buffer_11_loc, i4 %buffer_10_loc, i4 %buffer_9_loc, i4 %buffer_8_loc, i4 %buffer_7_loc, i4 %buffer_6_loc, i4 %buffer_5_loc, i4 %buffer_4_loc, i4 %buffer_3_loc, i4 %buffer_2_loc, i4 %buffer_1_loc, i4 %buffer_loc"   --->   Operation 75 'call' 'call_ln0' <Predicate = (icmp_ln23)> <Delay = 1.08> <CoreType = "Generic">   --->   Core 0 '' <Latency = 0> <II = 1> <Delay = 1.00> <Generic> <Opcode : >
ST_3 : Operation 76 [1/1] (0.85ns)   --->   "%p_out_last = icmp_eq  i28 %zext_ln23, i28 %sub" [kernel.cpp:71]   --->   Operation 76 'icmp' 'p_out_last' <Predicate = (icmp_ln23)> <Delay = 0.85> <CoreInst = "Cmp">   --->   Core 9 'Cmp' <Latency = 0> <II = 1> <Delay = 0.85> <FuncUnit> <Opcode : 'seteq' 'setne' 'setle' 'setge' 'setlt' 'setgt'> <InPorts = 2> <OutPorts = 1>
ST_3 : Operation 77 [1/1] (0.38ns)   --->   "%store_ln23 = store i27 %i_2, i27 %i" [kernel.cpp:23]   --->   Operation 77 'store' 'store_ln23' <Predicate = (icmp_ln23)> <Delay = 0.38>
ST_3 : Operation 78 [1/1] (0.00ns)   --->   "%ret_ln74 = ret" [kernel.cpp:74]   --->   Operation 78 'ret' 'ret_ln74' <Predicate = (!icmp_ln23)> <Delay = 0.00>

State 4 <SV = 3> <Delay = 0.00>
ST_4 : Operation 79 [1/2] (0.00ns)   --->   "%call_ln0 = call void @pack_int4_transpose_Pipeline_read_loop, i32 %in_stream_V_data_V, i4 %in_stream_V_keep_V, i4 %in_stream_V_strb_V, i1 %in_stream_V_last_V, i4 %buffer_31_loc, i4 %buffer_30_loc, i4 %buffer_29_loc, i4 %buffer_28_loc, i4 %buffer_27_loc, i4 %buffer_26_loc, i4 %buffer_25_loc, i4 %buffer_24_loc, i4 %buffer_23_loc, i4 %buffer_22_loc, i4 %buffer_21_loc, i4 %buffer_20_loc, i4 %buffer_19_loc, i4 %buffer_18_loc, i4 %buffer_17_loc, i4 %buffer_16_loc, i4 %buffer_15_loc, i4 %buffer_14_loc, i4 %buffer_13_loc, i4 %buffer_12_loc, i4 %buffer_11_loc, i4 %buffer_10_loc, i4 %buffer_9_loc, i4 %buffer_8_loc, i4 %buffer_7_loc, i4 %buffer_6_loc, i4 %buffer_5_loc, i4 %buffer_4_loc, i4 %buffer_3_loc, i4 %buffer_2_loc, i4 %buffer_1_loc, i4 %buffer_loc"   --->   Operation 79 'call' 'call_ln0' <Predicate = true> <Delay = 0.00> <CoreType = "Generic">   --->   Core 0 '' <Latency = 0> <II = 1> <Delay = 1.00> <Generic> <Opcode : >

State 5 <SV = 4> <Delay = 0.64>
ST_5 : Operation 80 [1/1] (0.00ns)   --->   "%buffer_31_loc_load = load i4 %buffer_31_loc"   --->   Operation 80 'load' 'buffer_31_loc_load' <Predicate = true> <Delay = 0.00>
ST_5 : Operation 81 [1/1] (0.00ns)   --->   "%buffer_30_loc_load = load i4 %buffer_30_loc"   --->   Operation 81 'load' 'buffer_30_loc_load' <Predicate = true> <Delay = 0.00>
ST_5 : Operation 82 [1/1] (0.00ns)   --->   "%buffer_29_loc_load = load i4 %buffer_29_loc"   --->   Operation 82 'load' 'buffer_29_loc_load' <Predicate = true> <Delay = 0.00>
ST_5 : Operation 83 [1/1] (0.00ns)   --->   "%buffer_28_loc_load = load i4 %buffer_28_loc"   --->   Operation 83 'load' 'buffer_28_loc_load' <Predicate = true> <Delay = 0.00>
ST_5 : Operation 84 [1/1] (0.00ns)   --->   "%buffer_27_loc_load = load i4 %buffer_27_loc"   --->   Operation 84 'load' 'buffer_27_loc_load' <Predicate = true> <Delay = 0.00>
ST_5 : Operation 85 [1/1] (0.00ns)   --->   "%buffer_26_loc_load = load i4 %buffer_26_loc"   --->   Operation 85 'load' 'buffer_26_loc_load' <Predicate = true> <Delay = 0.00>
ST_5 : Operation 86 [1/1] (0.00ns)   --->   "%buffer_25_loc_load = load i4 %buffer_25_loc"   --->   Operation 86 'load' 'buffer_25_loc_load' <Predicate = true> <Delay = 0.00>
ST_5 : Operation 87 [1/1] (0.00ns)   --->   "%buffer_24_loc_load = load i4 %buffer_24_loc"   --->   Operation 87 'load' 'buffer_24_loc_load' <Predicate = true> <Delay = 0.00>
ST_5 : Operation 88 [1/1] (0.00ns)   --->   "%buffer_23_loc_load = load i4 %buffer_23_loc"   --->   Operation 88 'load' 'buffer_23_loc_load' <Predicate = true> <Delay = 0.00>
ST_5 : Operation 89 [1/1] (0.00ns)   --->   "%buffer_22_loc_load = load i4 %buffer_22_loc"   --->   Operation 89 'load' 'buffer_22_loc_load' <Predicate = true> <Delay = 0.00>
ST_5 : Operation 90 [1/1] (0.00ns)   --->   "%buffer_21_loc_load = load i4 %buffer_21_loc"   --->   Operation 90 'load' 'buffer_21_loc_load' <Predicate = true> <Delay = 0.00>
ST_5 : Operation 91 [1/1] (0.00ns)   --->   "%buffer_20_loc_load = load i4 %buffer_20_loc"   --->   Operation 91 'load' 'buffer_20_loc_load' <Predicate = true> <Delay = 0.00>
ST_5 : Operation 92 [1/1] (0.00ns)   --->   "%buffer_19_loc_load = load i4 %buffer_19_loc"   --->   Operation 92 'load' 'buffer_19_loc_load' <Predicate = true> <Delay = 0.00>
ST_5 : Operation 93 [1/1] (0.00ns)   --->   "%buffer_18_loc_load = load i4 %buffer_18_loc"   --->   Operation 93 'load' 'buffer_18_loc_load' <Predicate = true> <Delay = 0.00>
ST_5 : Operation 94 [1/1] (0.00ns)   --->   "%buffer_17_loc_load = load i4 %buffer_17_loc"   --->   Operation 94 'load' 'buffer_17_loc_load' <Predicate = true> <Delay = 0.00>
ST_5 : Operation 95 [1/1] (0.00ns)   --->   "%buffer_16_loc_load = load i4 %buffer_16_loc"   --->   Operation 95 'load' 'buffer_16_loc_load' <Predicate = true> <Delay = 0.00>
ST_5 : Operation 96 [1/1] (0.00ns)   --->   "%buffer_15_loc_load = load i4 %buffer_15_loc"   --->   Operation 96 'load' 'buffer_15_loc_load' <Predicate = true> <Delay = 0.00>
ST_5 : Operation 97 [1/1] (0.00ns)   --->   "%buffer_14_loc_load = load i4 %buffer_14_loc"   --->   Operation 97 'load' 'buffer_14_loc_load' <Predicate = true> <Delay = 0.00>
ST_5 : Operation 98 [1/1] (0.00ns)   --->   "%buffer_13_loc_load = load i4 %buffer_13_loc"   --->   Operation 98 'load' 'buffer_13_loc_load' <Predicate = true> <Delay = 0.00>
ST_5 : Operation 99 [1/1] (0.00ns)   --->   "%buffer_12_loc_load = load i4 %buffer_12_loc"   --->   Operation 99 'load' 'buffer_12_loc_load' <Predicate = true> <Delay = 0.00>
ST_5 : Operation 100 [1/1] (0.00ns)   --->   "%buffer_11_loc_load = load i4 %buffer_11_loc"   --->   Operation 100 'load' 'buffer_11_loc_load' <Predicate = true> <Delay = 0.00>
ST_5 : Operation 101 [1/1] (0.00ns)   --->   "%buffer_10_loc_load = load i4 %buffer_10_loc"   --->   Operation 101 'load' 'buffer_10_loc_load' <Predicate = true> <Delay = 0.00>
ST_5 : Operation 102 [1/1] (0.00ns)   --->   "%buffer_9_loc_load = load i4 %buffer_9_loc"   --->   Operation 102 'load' 'buffer_9_loc_load' <Predicate = true> <Delay = 0.00>
ST_5 : Operation 103 [1/1] (0.00ns)   --->   "%buffer_8_loc_load = load i4 %buffer_8_loc"   --->   Operation 103 'load' 'buffer_8_loc_load' <Predicate = true> <Delay = 0.00>
ST_5 : Operation 104 [1/1] (0.00ns)   --->   "%buffer_7_loc_load = load i4 %buffer_7_loc"   --->   Operation 104 'load' 'buffer_7_loc_load' <Predicate = true> <Delay = 0.00>
ST_5 : Operation 105 [1/1] (0.00ns)   --->   "%buffer_6_loc_load = load i4 %buffer_6_loc"   --->   Operation 105 'load' 'buffer_6_loc_load' <Predicate = true> <Delay = 0.00>
ST_5 : Operation 106 [1/1] (0.00ns)   --->   "%buffer_5_loc_load = load i4 %buffer_5_loc"   --->   Operation 106 'load' 'buffer_5_loc_load' <Predicate = true> <Delay = 0.00>
ST_5 : Operation 107 [1/1] (0.00ns)   --->   "%buffer_4_loc_load = load i4 %buffer_4_loc"   --->   Operation 107 'load' 'buffer_4_loc_load' <Predicate = true> <Delay = 0.00>
ST_5 : Operation 108 [1/1] (0.00ns)   --->   "%buffer_3_loc_load = load i4 %buffer_3_loc"   --->   Operation 108 'load' 'buffer_3_loc_load' <Predicate = true> <Delay = 0.00>
ST_5 : Operation 109 [1/1] (0.00ns)   --->   "%buffer_2_loc_load = load i4 %buffer_2_loc"   --->   Operation 109 'load' 'buffer_2_loc_load' <Predicate = true> <Delay = 0.00>
ST_5 : Operation 110 [1/1] (0.00ns)   --->   "%buffer_1_loc_load = load i4 %buffer_1_loc"   --->   Operation 110 'load' 'buffer_1_loc_load' <Predicate = true> <Delay = 0.00>
ST_5 : Operation 111 [1/1] (0.00ns)   --->   "%buffer_loc_load = load i4 %buffer_loc"   --->   Operation 111 'load' 'buffer_loc_load' <Predicate = true> <Delay = 0.00>
ST_5 : Operation 112 [1/1] (0.00ns)   --->   "%empty_20 = wait i32 @_ssdm_op_Wait"   --->   Operation 112 'wait' 'empty_20' <Predicate = true> <Delay = 0.00>
ST_5 : Operation 113 [1/1] (0.00ns)   --->   "%out_val = bitconcatenate i128 @_ssdm_op_BitConcatenate.i128.i4.i4.i4.i4.i4.i4.i4.i4.i4.i4.i4.i4.i4.i4.i4.i4.i4.i4.i4.i4.i4.i4.i4.i4.i4.i4.i4.i4.i4.i4.i4.i4, i4 %buffer_31_loc_load, i4 %buffer_27_loc_load, i4 %buffer_23_loc_load, i4 %buffer_19_loc_load, i4 %buffer_15_loc_load, i4 %buffer_11_loc_load, i4 %buffer_7_loc_load, i4 %buffer_3_loc_load, i4 %buffer_30_loc_load, i4 %buffer_26_loc_load, i4 %buffer_22_loc_load, i4 %buffer_18_loc_load, i4 %buffer_14_loc_load, i4 %buffer_10_loc_load, i4 %buffer_6_loc_load, i4 %buffer_2_loc_load, i4 %buffer_29_loc_load, i4 %buffer_25_loc_load, i4 %buffer_21_loc_load, i4 %buffer_17_loc_load, i4 %buffer_13_loc_load, i4 %buffer_9_loc_load, i4 %buffer_5_loc_load, i4 %buffer_1_loc_load, i4 %buffer_28_loc_load, i4 %buffer_24_loc_load, i4 %buffer_20_loc_load, i4 %buffer_16_loc_load, i4 %buffer_12_loc_load, i4 %buffer_8_loc_load, i4 %buffer_4_loc_load, i4 %buffer_loc_load" [kernel.cpp:65]   --->   Operation 113 'bitconcatenate' 'out_val' <Predicate = true> <Delay = 0.00>
ST_5 : Operation 114 [2/2] (0.64ns)   --->   "%write_ln72 = write void @_ssdm_op_Write.axis.volatile.i128P0A.i16P0A.i16P0A.i1P0A, i128 %out_stream_V_data_V, i16 %out_stream_V_keep_V, i16 %out_stream_V_strb_V, i1 %out_stream_V_last_V, i128 %out_val, i16 65535, i16 0, i1 %p_out_last" [kernel.cpp:72]   --->   Operation 114 'write' 'write_ln72' <Predicate = true> <Delay = 0.64> <CoreInst = "regslice">   --->   Core 148 'regslice' <Latency = 0> <II = 1> <Delay = 0.80> <Adapter> <Opcode : 'read' 'write'>

State 6 <SV = 5> <Delay = 0.64>
ST_6 : Operation 115 [1/1] (0.00ns)   --->   "%speclooptripcount_ln23 = speclooptripcount void @_ssdm_op_SpecLoopTripCount, i64 0, i64 67108863, i64 33554431" [kernel.cpp:23]   --->   Operation 115 'speclooptripcount' 'speclooptripcount_ln23' <Predicate = true> <Delay = 0.00>
ST_6 : Operation 116 [1/1] (0.00ns)   --->   "%specloopname_ln23 = specloopname void @_ssdm_op_SpecLoopName, void @empty_10" [kernel.cpp:23]   --->   Operation 116 'specloopname' 'specloopname_ln23' <Predicate = true> <Delay = 0.00>
ST_6 : Operation 117 [1/2] (0.64ns)   --->   "%write_ln72 = write void @_ssdm_op_Write.axis.volatile.i128P0A.i16P0A.i16P0A.i1P0A, i128 %out_stream_V_data_V, i16 %out_stream_V_keep_V, i16 %out_stream_V_strb_V, i1 %out_stream_V_last_V, i128 %out_val, i16 65535, i16 0, i1 %p_out_last" [kernel.cpp:72]   --->   Operation 117 'write' 'write_ln72' <Predicate = true> <Delay = 0.64> <CoreInst = "regslice">   --->   Core 148 'regslice' <Latency = 0> <II = 1> <Delay = 0.80> <Adapter> <Opcode : 'read' 'write'>
ST_6 : Operation 118 [1/1] (0.00ns)   --->   "%br_ln23 = br void %read_loop" [kernel.cpp:23]   --->   Operation 118 'br' 'br_ln23' <Predicate = true> <Delay = 0.00>


============================================================
+ Verbose Summary: Timing violations
============================================================
Target clock period: 3.330ns, clock uncertainty: 0.899ns.

 <State 1>: 1.880ns
The critical path consists of the following:
	s_axi read operation ('num_elements_read') on port 'num_elements' [11]  (1.000 ns)
	'sub' operation 32 bit ('sub_ln21', kernel.cpp:21) [60]  (0.880 ns)

 <State 2>: 2.031ns
The critical path consists of the following:
	'sub' operation 28 bit ('sub_ln21_1', kernel.cpp:21) [63]  (0.850 ns)
	'select' operation 28 bit ('num_blocks', kernel.cpp:21) [66]  (0.324 ns)
	'add' operation 28 bit ('sub', kernel.cpp:21) [67]  (0.856 ns)

 <State 3>: 1.942ns
The critical path consists of the following:
	'load' operation 27 bit ('i', kernel.cpp:23) on local variable 'i', kernel.cpp:23 [73]  (0.000 ns)
	'icmp' operation 1 bit ('icmp_ln23', kernel.cpp:23) [75]  (0.856 ns)
	'store' operation 0 bit ('store_ln23', kernel.cpp:23) of variable 'i', kernel.cpp:23 on local variable 'i', kernel.cpp:23 [119]  (0.387 ns)
	blocking operation 0.699 ns on control path)

 <State 4>: 0.000ns
The critical path consists of the following:

 <State 5>: 0.640ns
The critical path consists of the following:
	'load' operation 4 bit ('buffer_31_loc_load') on local variable 'buffer_31_loc' [83]  (0.000 ns)
	axis write operation ('write_ln72', kernel.cpp:72) on port 'out_stream_V_data_V' (kernel.cpp:72) [118]  (0.640 ns)

 <State 6>: 0.640ns
The critical path consists of the following:
	axis write operation ('write_ln72', kernel.cpp:72) on port 'out_stream_V_data_V' (kernel.cpp:72) [118]  (0.640 ns)


============================================================
+ Verbose Summary: Binding
============================================================
N/A
* FSMD analyzer results:
  - Output states:
 - Input state : 
  - Chain level:
	State 1
	State 2
	State 3
	State 4
	State 5
	State 6


============================================================
+ Verbose Summary: Datapath Resource usage 
============================================================
N/A
