

================================================================
== Vitis HLS Report for 'p_hls_fptosi_float_i8'
================================================================
* Date:           Sun Jan 25 12:59:18 2026

* Version:        2024.1 (Build 5069499 on May 21 2024)
* Project:        zed_hls_pack_int8
* Solution:       sol1 (Vivado IP Flow Target)
* Product family: virtexuplus
* Target device:  xcvu9p-flga2104-2-e


================================================================
== Performance Estimates
================================================================
+ Timing: 
    * Summary: 
    +--------+---------+----------+------------+
    |  Clock |  Target | Estimated| Uncertainty|
    +--------+---------+----------+------------+
    |ap_clk  |  4.00 ns|  2.364 ns|     1.08 ns|
    +--------+---------+----------+------------+

+ Latency: 
    * Summary: 
    +---------+---------+----------+----------+-----+-----+---------+
    |  Latency (cycles) |  Latency (absolute) |  Interval | Pipeline|
    |   min   |   max   |    min   |    max   | min | max |   Type  |
    +---------+---------+----------+----------+-----+-----+---------+
    |        1|        1|  4.000 ns|  4.000 ns|    1|    1|      yes|
    +---------+---------+----------+----------+-----+-----+---------+

    + Detail: 
        * Instance: 
        N/A

        * Loop: 
        N/A



================================================================
== Utilization Estimates
================================================================
* Summary: 
+---------------------+---------+------+---------+---------+-----+
|         Name        | BRAM_18K|  DSP |    FF   |   LUT   | URAM|
+---------------------+---------+------+---------+---------+-----+
|DSP                  |        -|     -|        -|        -|    -|
|Expression           |        -|     -|        0|      399|    -|
|FIFO                 |        -|     -|        -|        -|    -|
|Instance             |        -|     -|        -|        -|    -|
|Memory               |        -|     -|        -|        -|    -|
|Multiplexer          |        -|     -|        -|        -|    -|
|Register             |        -|     -|       11|        -|    -|
+---------------------+---------+------+---------+---------+-----+
|Total                |        0|     0|       11|      399|    0|
+---------------------+---------+------+---------+---------+-----+
|Available SLR        |     1440|  2280|   788160|   394080|  320|
+---------------------+---------+------+---------+---------+-----+
|Utilization SLR (%)  |        0|     0|       ~0|       ~0|    0|
+---------------------+---------+------+---------+---------+-----+
|Available            |     4320|  6840|  2364480|  1182240|  960|
+---------------------+---------+------+---------+---------+-----+
|Utilization (%)      |        0|     0|       ~0|       ~0|    0|
+---------------------+---------+------+---------+---------+-----+

+ Detail: 
    * Instance: 
    N/A

    * DSP: 
    N/A

    * Memory: 
    N/A

    * FIFO: 
    N/A

    * Expression: 
    +-----------------------+----------+----+---+-----+------------+------------+
    |     Variable Name     | Operation| DSP| FF| LUT | Bitwidth P0| Bitwidth P1|
    +-----------------------+----------+----+---+-----+------------+------------+
    |add_ln317_fu_84_p2     |         +|   0|  0|   16|           9|           8|
    |sub_ln18_fu_98_p2      |         -|   0|  0|   15|           7|           8|
    |sub_ln59_fu_164_p2     |         -|   0|  0|   15|           1|           8|
    |lshr_ln18_fu_124_p2    |      lshr|   0|  0|  163|          55|          55|
    |ap_return              |    select|   0|  0|    8|           1|           8|
    |select_ln18_fu_108_p3  |    select|   0|  0|    9|           1|           9|
    |val_fu_156_p3          |    select|   0|  0|    8|           1|           8|
    |shl_ln18_fu_130_p2     |       shl|   0|  0|  163|          55|          55|
    |ap_enable_pp0          |       xor|   0|  0|    2|           1|           2|
    +-----------------------+----------+----+---+-----+------------+------------+
    |Total                  |          |   0|  0|  399|         131|         161|
    +-----------------------+----------+----+---+-----+------------+------------+

    * Multiplexer: 
    N/A

    * Register: 
    +-------------------------+---+----+-----+-----------+
    |           Name          | FF| LUT| Bits| Const Bits|
    +-------------------------+---+----+-----+-----------+
    |ap_CS_fsm                |  1|   0|    1|          0|
    |ap_enable_reg_pp0_iter1  |  1|   0|    1|          0|
    |val_reg_180              |  8|   0|    8|          0|
    |xs_sign_reg_175          |  1|   0|    1|          0|
    +-------------------------+---+----+-----+-----------+
    |Total                    | 11|   0|   11|          0|
    +-------------------------+---+----+-----+-----------+



================================================================
== Interface
================================================================
* Summary: 
+-----------+-----+-----+------------+-----------------------+--------------+
| RTL Ports | Dir | Bits|  Protocol  |     Source Object     |    C Type    |
+-----------+-----+-----+------------+-----------------------+--------------+
|ap_clk     |   in|    1|  ap_ctrl_hs|  __hls_fptosi_float_i8|  return value|
|ap_rst     |   in|    1|  ap_ctrl_hs|  __hls_fptosi_float_i8|  return value|
|ap_start   |   in|    1|  ap_ctrl_hs|  __hls_fptosi_float_i8|  return value|
|ap_done    |  out|    1|  ap_ctrl_hs|  __hls_fptosi_float_i8|  return value|
|ap_idle    |  out|    1|  ap_ctrl_hs|  __hls_fptosi_float_i8|  return value|
|ap_ready   |  out|    1|  ap_ctrl_hs|  __hls_fptosi_float_i8|  return value|
|ap_ce      |   in|    1|  ap_ctrl_hs|  __hls_fptosi_float_i8|  return value|
|ap_return  |  out|    8|  ap_ctrl_hs|  __hls_fptosi_float_i8|  return value|
|x          |   in|   32|     ap_none|                      x|        scalar|
+-----------+-----+-----+------------+-----------------------+--------------+

