

================================================================
== Vitis HLS Report for 'p_hls_fptosi_float_i8'
================================================================
* Date:           Sun Jan 25 12:59:18 2026

* Version:        2024.1 (Build 5069499 on May 21 2024)
* Project:        zed_hls_pack_int8
* Solution:       sol1 (Vivado IP Flow Target)
* Product family: virtexuplus
* Target device:  xcvu9p-flga2104-2-e


================================================================
== Performance Estimates
================================================================
+ Timing: 
    * Summary: 
    +--------+---------+----------+------------+
    |  Clock |  Target | Estimated| Uncertainty|
    +--------+---------+----------+------------+
    |ap_clk  |  4.00 ns|  2.364 ns|     1.08 ns|
    +--------+---------+----------+------------+

+ Latency: 
    * Summary: 
    +---------+---------+----------+----------+-----+-----+---------+
    |  Latency (cycles) |  Latency (absolute) |  Interval | Pipeline|
    |   min   |   max   |    min   |    max   | min | max |   Type  |
    +---------+---------+----------+----------+-----+-----+---------+
    |        1|        1|  4.000 ns|  4.000 ns|    1|    1|      yes|
    +---------+---------+----------+----------+-----+-----+---------+

    + Detail: 
        * Instance: 
        N/A

        * Loop: 
        N/A



================================================================
== Utilization Estimates
================================================================
* Summary: 
+---------------------+---------+------+---------+---------+-----+
|         Name        | BRAM_18K|  DSP |    FF   |   LUT   | URAM|
+---------------------+---------+------+---------+---------+-----+
|DSP                  |        -|     -|        -|        -|    -|
|Expression           |        -|     -|        0|      399|    -|
|FIFO                 |        -|     -|        -|        -|    -|
|Instance             |        -|     -|        -|        -|    -|
|Memory               |        -|     -|        -|        -|    -|
|Multiplexer          |        -|     -|        -|        -|    -|
|Register             |        -|     -|       11|        -|    -|
+---------------------+---------+------+---------+---------+-----+
|Total                |        0|     0|       11|      399|    0|
+---------------------+---------+------+---------+---------+-----+
|Available SLR        |     1440|  2280|   788160|   394080|  320|
+---------------------+---------+------+---------+---------+-----+
|Utilization SLR (%)  |        0|     0|       ~0|       ~0|    0|
+---------------------+---------+------+---------+---------+-----+
|Available            |     4320|  6840|  2364480|  1182240|  960|
+---------------------+---------+------+---------+---------+-----+
|Utilization (%)      |        0|     0|       ~0|       ~0|    0|
+---------------------+---------+------+---------+---------+-----+

+ Detail: 
    * Instance: 
    N/A

    * DSP: 
    N/A

    * Memory: 
    N/A

    * FIFO: 
    N/A

    * Expression: 
    +-----------------------+----------+----+---+-----+------------+------------+
    |     Variable Name     | Operation| DSP| FF| LUT | Bitwidth P0| Bitwidth P1|
    +-----------------------+----------+----+---+-----+------------+------------+
    |add_ln317_fu_84_p2     |         +|   0|  0|   16|           9|           8|
    |sub_ln18_fu_98_p2      |         -|   0|  0|   15|           7|           8|
    |sub_ln59_fu_164_p2     |         -|   0|  0|   15|           1|           8|
    |lshr_ln18_fu_124_p2    |      lshr|   0|  0|  163|          55|          55|
    |ap_return              |    select|   0|  0|    8|           1|           8|
    |select_ln18_fu_108_p3  |    select|   0|  0|    9|           1|           9|
    |val_fu_156_p3          |    select|   0|  0|    8|           1|           8|
    |shl_ln18_fu_130_p2     |       shl|   0|  0|  163|          55|          55|
    |ap_enable_pp0          |       xor|   0|  0|    2|           1|           2|
    +-----------------------+----------+----+---+-----+------------+------------+
    |Total                  |          |   0|  0|  399|         131|         161|
    +-----------------------+----------+----+---+-----+------------+------------+

    * Multiplexer: 
    N/A

    * Register: 
    +-------------------------+---+----+-----+-----------+
    |           Name          | FF| LUT| Bits| Const Bits|
    +-------------------------+---+----+-----+-----------+
    |ap_CS_fsm                |  1|   0|    1|          0|
    |ap_enable_reg_pp0_iter1  |  1|   0|    1|          0|
    |val_reg_180              |  8|   0|    8|          0|
    |xs_sign_reg_175          |  1|   0|    1|          0|
    +-------------------------+---+----+-----+-----------+
    |Total                    | 11|   0|   11|          0|
    +-------------------------+---+----+-----+-----------+



================================================================
== Interface
================================================================
* Summary: 
+-----------+-----+-----+------------+-----------------------+--------------+
| RTL Ports | Dir | Bits|  Protocol  |     Source Object     |    C Type    |
+-----------+-----+-----+------------+-----------------------+--------------+
|ap_clk     |   in|    1|  ap_ctrl_hs|  __hls_fptosi_float_i8|  return value|
|ap_rst     |   in|    1|  ap_ctrl_hs|  __hls_fptosi_float_i8|  return value|
|ap_start   |   in|    1|  ap_ctrl_hs|  __hls_fptosi_float_i8|  return value|
|ap_done    |  out|    1|  ap_ctrl_hs|  __hls_fptosi_float_i8|  return value|
|ap_idle    |  out|    1|  ap_ctrl_hs|  __hls_fptosi_float_i8|  return value|
|ap_ready   |  out|    1|  ap_ctrl_hs|  __hls_fptosi_float_i8|  return value|
|ap_ce      |   in|    1|  ap_ctrl_hs|  __hls_fptosi_float_i8|  return value|
|ap_return  |  out|    8|  ap_ctrl_hs|  __hls_fptosi_float_i8|  return value|
|x          |   in|   32|     ap_none|                      x|        scalar|
+-----------+-----+-----+------------+-----------------------+--------------+

============================================================
+ Verbose Summary: Synthesis Manager
============================================================
InlineROM: 1
ExposeGlobal: 0
============================================================
+ Verbose Summary: CDFG Model
============================================================
IsTopModel: 0
ResetActiveHigh: 1
IsCombinational: 2
IsDatapathOnly: 2
HasWiredReturn: 1
HasMFsm: 2
HasVarLatency: 0
IsPipeline: 1
IsRtlPipelined: 1
IsInstanceOverlapped: 1
IsDontTouch: 0
HasImplIP: 0
IsGatedGlobalClock: 0

+ Individual pipeline summary: 
  * Pipeline-0: initiation interval (II) = 1, depth = 2


============================================================
+ Verbose Summary: Schedule
============================================================
* Number of FSM states : 2
* Pipeline : 1
  Pipeline-0 : II = 1, D = 2, States = { 1 2 }
* Dataflow Pipeline: 0

* FSM state transitions: 
1 --> 2 
2 --> 

* FSM state operations: 

State 1 <SV = 0> <Delay = 2.36>
ST_1 : Operation 3 [1/1] (0.00ns)   --->   "%x_read = read i32 @_ssdm_op_Read.ap_auto.float, i32 %x" [C:\scratch\2024.1\hls_product\545\2024.1\src\shared\hls\clib\hlsmath\src\lib_floatconversion.cpp:49]   --->   Operation 3 'read' 'x_read' <Predicate = true> <Delay = 0.00>
ST_1 : Operation 4 [1/1] (0.00ns)   --->   "%data = bitcast i32 %x_read" [C:\scratch\2024.1\hls_product\545\2024.1\src\shared\hls\clib/src/hls\utils/x_hls_utils.h:288->C:\scratch\2024.1\hls_product\545\2024.1\src\shared\hls\clib/hlsmath/include/FloatingPoint\hls_case_IEEE754.h:13->C:\scratch\2024.1\hls_product\545\2024.1\src\shared\hls\clib/hlsmath/include/FloatingPoint\hls_case_IEEE754.h:117->C:\scratch\2024.1\hls_product\545\2024.1\src\shared\hls\clib\hlsmath\src\lib_floatconversion.cpp:49]   --->   Operation 4 'bitcast' 'data' <Predicate = true> <Delay = 0.00>
ST_1 : Operation 5 [1/1] (0.00ns)   --->   "%xs_sign = bitselect i1 @_ssdm_op_BitSelect.i1.i32.i32, i32 %data, i32 31" [C:\scratch\2024.1\hls_product\545\2024.1\src\shared\hls\clib/src/hls\utils/x_hls_utils.h:294->C:\scratch\2024.1\hls_product\545\2024.1\src\shared\hls\clib/hlsmath/include/FloatingPoint\hls_case_IEEE754.h:13->C:\scratch\2024.1\hls_product\545\2024.1\src\shared\hls\clib/hlsmath/include/FloatingPoint\hls_case_IEEE754.h:117->C:\scratch\2024.1\hls_product\545\2024.1\src\shared\hls\clib\hlsmath\src\lib_floatconversion.cpp:49]   --->   Operation 5 'bitselect' 'xs_sign' <Predicate = true> <Delay = 0.00>
ST_1 : Operation 6 [1/1] (0.00ns)   --->   "%xs_exp = partselect i8 @_ssdm_op_PartSelect.i8.i32.i32.i32, i32 %data, i32 23, i32 30" [C:\scratch\2024.1\hls_product\545\2024.1\src\shared\hls\clib/src/hls\utils/x_hls_utils.h:295->C:\scratch\2024.1\hls_product\545\2024.1\src\shared\hls\clib/hlsmath/include/FloatingPoint\hls_case_IEEE754.h:13->C:\scratch\2024.1\hls_product\545\2024.1\src\shared\hls\clib/hlsmath/include/FloatingPoint\hls_case_IEEE754.h:117->C:\scratch\2024.1\hls_product\545\2024.1\src\shared\hls\clib\hlsmath\src\lib_floatconversion.cpp:49]   --->   Operation 6 'partselect' 'xs_exp' <Predicate = true> <Delay = 0.00>
ST_1 : Operation 7 [1/1] (0.00ns)   --->   "%trunc_ln342 = trunc i32 %data" [C:\scratch\2024.1\hls_product\545\2024.1\src\shared\hls\clib/src/hls\utils/x_hls_utils.h:342->C:\scratch\2024.1\hls_product\545\2024.1\src\shared\hls\clib/hlsmath/include/FloatingPoint\hls_case_IEEE754.h:15->C:\scratch\2024.1\hls_product\545\2024.1\src\shared\hls\clib/hlsmath/include/FloatingPoint\hls_case_IEEE754.h:117->C:\scratch\2024.1\hls_product\545\2024.1\src\shared\hls\clib\hlsmath\src\lib_floatconversion.cpp:49]   --->   Operation 7 'trunc' 'trunc_ln342' <Predicate = true> <Delay = 0.00>
ST_1 : Operation 8 [1/1] (0.00ns)   --->   "%mantissa = bitconcatenate i25 @_ssdm_op_BitConcatenate.i25.i1.i23.i1, i1 1, i23 %trunc_ln342, i1 0" [C:\scratch\2024.1\hls_product\545\2024.1\src\shared\hls\clib/hlsmath/include/FloatingPoint\hls_case_IEEE754.h:15->C:\scratch\2024.1\hls_product\545\2024.1\src\shared\hls\clib/hlsmath/include/FloatingPoint\hls_case_IEEE754.h:117->C:\scratch\2024.1\hls_product\545\2024.1\src\shared\hls\clib\hlsmath\src\lib_floatconversion.cpp:49]   --->   Operation 8 'bitconcatenate' 'mantissa' <Predicate = true> <Delay = 0.00>
ST_1 : Operation 9 [1/1] (0.00ns)   --->   "%zext_ln15 = zext i25 %mantissa" [C:\scratch\2024.1\hls_product\545\2024.1\src\shared\hls\clib/hlsmath/include/FloatingPoint\hls_case_IEEE754.h:15->C:\scratch\2024.1\hls_product\545\2024.1\src\shared\hls\clib/hlsmath/include/FloatingPoint\hls_case_IEEE754.h:117->C:\scratch\2024.1\hls_product\545\2024.1\src\shared\hls\clib\hlsmath\src\lib_floatconversion.cpp:49]   --->   Operation 9 'zext' 'zext_ln15' <Predicate = true> <Delay = 0.00>
ST_1 : Operation 10 [1/1] (0.00ns)   --->   "%zext_ln317 = zext i8 %xs_exp" [C:\scratch\2024.1\hls_product\545\2024.1\src\shared\hls\clib/src/hls\utils/x_hls_utils.h:317->C:\scratch\2024.1\hls_product\545\2024.1\src\shared\hls\clib/hlsmath/include/FloatingPoint\hls_case_IEEE754.h:18->C:\scratch\2024.1\hls_product\545\2024.1\src\shared\hls\clib/hlsmath/include/FloatingPoint\hls_case_IEEE754.h:117->C:\scratch\2024.1\hls_product\545\2024.1\src\shared\hls\clib\hlsmath\src\lib_floatconversion.cpp:49]   --->   Operation 10 'zext' 'zext_ln317' <Predicate = true> <Delay = 0.00>
ST_1 : Operation 11 [1/1] (0.70ns)   --->   "%add_ln317 = add i9 %zext_ln317, i9 385" [C:\scratch\2024.1\hls_product\545\2024.1\src\shared\hls\clib/src/hls\utils/x_hls_utils.h:317->C:\scratch\2024.1\hls_product\545\2024.1\src\shared\hls\clib/hlsmath/include/FloatingPoint\hls_case_IEEE754.h:18->C:\scratch\2024.1\hls_product\545\2024.1\src\shared\hls\clib/hlsmath/include/FloatingPoint\hls_case_IEEE754.h:117->C:\scratch\2024.1\hls_product\545\2024.1\src\shared\hls\clib\hlsmath\src\lib_floatconversion.cpp:49]   --->   Operation 11 'add' 'add_ln317' <Predicate = true> <Delay = 0.70> <CoreInst = "Adder">   --->   Core 1 'Adder' <Latency = 0> <II = 1> <Delay = 0.71> <FuncUnit> <Opcode : 'add' 'sub'> <InPorts = 2> <OutPorts = 1>
ST_1 : Operation 12 [1/1] (0.00ns)   --->   "%tmp = bitselect i1 @_ssdm_op_BitSelect.i1.i9.i32, i9 %add_ln317, i32 8" [C:\scratch\2024.1\hls_product\545\2024.1\src\shared\hls\clib/hlsmath/include/FloatingPoint\hls_case_IEEE754.h:18->C:\scratch\2024.1\hls_product\545\2024.1\src\shared\hls\clib/hlsmath/include/FloatingPoint\hls_case_IEEE754.h:117->C:\scratch\2024.1\hls_product\545\2024.1\src\shared\hls\clib\hlsmath\src\lib_floatconversion.cpp:49]   --->   Operation 12 'bitselect' 'tmp' <Predicate = true> <Delay = 0.00>
ST_1 : Operation 13 [1/1] (0.70ns)   --->   "%sub_ln18 = sub i8 127, i8 %xs_exp" [C:\scratch\2024.1\hls_product\545\2024.1\src\shared\hls\clib/hlsmath/include/FloatingPoint\hls_case_IEEE754.h:18->C:\scratch\2024.1\hls_product\545\2024.1\src\shared\hls\clib/hlsmath/include/FloatingPoint\hls_case_IEEE754.h:117->C:\scratch\2024.1\hls_product\545\2024.1\src\shared\hls\clib\hlsmath\src\lib_floatconversion.cpp:49]   --->   Operation 13 'sub' 'sub_ln18' <Predicate = true> <Delay = 0.70> <CoreInst = "Adder">   --->   Core 1 'Adder' <Latency = 0> <II = 1> <Delay = 0.70> <FuncUnit> <Opcode : 'add' 'sub'> <InPorts = 2> <OutPorts = 1>
ST_1 : Operation 14 [1/1] (0.00ns)   --->   "%sext_ln18 = sext i8 %sub_ln18" [C:\scratch\2024.1\hls_product\545\2024.1\src\shared\hls\clib/hlsmath/include/FloatingPoint\hls_case_IEEE754.h:18->C:\scratch\2024.1\hls_product\545\2024.1\src\shared\hls\clib/hlsmath/include/FloatingPoint\hls_case_IEEE754.h:117->C:\scratch\2024.1\hls_product\545\2024.1\src\shared\hls\clib\hlsmath\src\lib_floatconversion.cpp:49]   --->   Operation 14 'sext' 'sext_ln18' <Predicate = true> <Delay = 0.00>
ST_1 : Operation 15 [1/1] (0.30ns)   --->   "%select_ln18 = select i1 %tmp, i9 %sext_ln18, i9 %add_ln317" [C:\scratch\2024.1\hls_product\545\2024.1\src\shared\hls\clib/hlsmath/include/FloatingPoint\hls_case_IEEE754.h:18->C:\scratch\2024.1\hls_product\545\2024.1\src\shared\hls\clib/hlsmath/include/FloatingPoint\hls_case_IEEE754.h:117->C:\scratch\2024.1\hls_product\545\2024.1\src\shared\hls\clib\hlsmath\src\lib_floatconversion.cpp:49]   --->   Operation 15 'select' 'select_ln18' <Predicate = true> <Delay = 0.30> <CoreInst = "Sel">   --->   Core 73 'Sel' <Latency = 0> <II = 1> <Delay = 0.30> <FuncUnit> <Opcode : 'select'> <InPorts = 3> <OutPorts = 1>
ST_1 : Operation 16 [1/1] (0.00ns)   --->   "%sext_ln18_1 = sext i9 %select_ln18" [C:\scratch\2024.1\hls_product\545\2024.1\src\shared\hls\clib/hlsmath/include/FloatingPoint\hls_case_IEEE754.h:18->C:\scratch\2024.1\hls_product\545\2024.1\src\shared\hls\clib/hlsmath/include/FloatingPoint\hls_case_IEEE754.h:117->C:\scratch\2024.1\hls_product\545\2024.1\src\shared\hls\clib\hlsmath\src\lib_floatconversion.cpp:49]   --->   Operation 16 'sext' 'sext_ln18_1' <Predicate = true> <Delay = 0.00>
ST_1 : Operation 17 [1/1] (0.00ns)   --->   "%zext_ln18 = zext i32 %sext_ln18_1" [C:\scratch\2024.1\hls_product\545\2024.1\src\shared\hls\clib/hlsmath/include/FloatingPoint\hls_case_IEEE754.h:18->C:\scratch\2024.1\hls_product\545\2024.1\src\shared\hls\clib/hlsmath/include/FloatingPoint\hls_case_IEEE754.h:117->C:\scratch\2024.1\hls_product\545\2024.1\src\shared\hls\clib\hlsmath\src\lib_floatconversion.cpp:49]   --->   Operation 17 'zext' 'zext_ln18' <Predicate = true> <Delay = 0.00>
ST_1 : Operation 18 [1/1] (1.05ns)   --->   "%lshr_ln18 = lshr i55 %zext_ln15, i55 %zext_ln18" [C:\scratch\2024.1\hls_product\545\2024.1\src\shared\hls\clib/hlsmath/include/FloatingPoint\hls_case_IEEE754.h:18->C:\scratch\2024.1\hls_product\545\2024.1\src\shared\hls\clib/hlsmath/include/FloatingPoint\hls_case_IEEE754.h:117->C:\scratch\2024.1\hls_product\545\2024.1\src\shared\hls\clib\hlsmath\src\lib_floatconversion.cpp:49]   --->   Operation 18 'lshr' 'lshr_ln18' <Predicate = true> <Delay = 1.05> <CoreInst = "Shifter">   --->   Core 75 'Shifter' <Latency = 0> <II = 1> <Delay = 1.12> <FuncUnit> <Opcode : 'shl' 'lshr' 'ashr'> <InPorts = 2> <OutPorts = 1>
ST_1 : Operation 19 [1/1] (1.05ns)   --->   "%shl_ln18 = shl i55 %zext_ln15, i55 %zext_ln18" [C:\scratch\2024.1\hls_product\545\2024.1\src\shared\hls\clib/hlsmath/include/FloatingPoint\hls_case_IEEE754.h:18->C:\scratch\2024.1\hls_product\545\2024.1\src\shared\hls\clib/hlsmath/include/FloatingPoint\hls_case_IEEE754.h:117->C:\scratch\2024.1\hls_product\545\2024.1\src\shared\hls\clib\hlsmath\src\lib_floatconversion.cpp:49]   --->   Operation 19 'shl' 'shl_ln18' <Predicate = true> <Delay = 1.05> <CoreInst = "Shifter">   --->   Core 75 'Shifter' <Latency = 0> <II = 1> <Delay = 1.12> <FuncUnit> <Opcode : 'shl' 'lshr' 'ashr'> <InPorts = 2> <OutPorts = 1>
ST_1 : Operation 20 [1/1] (0.00ns)   --->   "%tmp_2 = partselect i8 @_ssdm_op_PartSelect.i8.i55.i32.i32, i55 %lshr_ln18, i32 24, i32 31" [C:\scratch\2024.1\hls_product\545\2024.1\src\shared\hls\clib/hlsmath/include/FloatingPoint\hls_case_IEEE754.h:21->C:\scratch\2024.1\hls_product\545\2024.1\src\shared\hls\clib/hlsmath/include/FloatingPoint\hls_case_IEEE754.h:117->C:\scratch\2024.1\hls_product\545\2024.1\src\shared\hls\clib\hlsmath\src\lib_floatconversion.cpp:49]   --->   Operation 20 'partselect' 'tmp_2' <Predicate = true> <Delay = 0.00>
ST_1 : Operation 21 [1/1] (0.00ns)   --->   "%tmp_3 = partselect i8 @_ssdm_op_PartSelect.i8.i55.i32.i32, i55 %shl_ln18, i32 24, i32 31" [C:\scratch\2024.1\hls_product\545\2024.1\src\shared\hls\clib/hlsmath/include/FloatingPoint\hls_case_IEEE754.h:21->C:\scratch\2024.1\hls_product\545\2024.1\src\shared\hls\clib/hlsmath/include/FloatingPoint\hls_case_IEEE754.h:117->C:\scratch\2024.1\hls_product\545\2024.1\src\shared\hls\clib\hlsmath\src\lib_floatconversion.cpp:49]   --->   Operation 21 'partselect' 'tmp_3' <Predicate = true> <Delay = 0.00>
ST_1 : Operation 22 [1/1] (0.30ns)   --->   "%val = select i1 %tmp, i8 %tmp_2, i8 %tmp_3" [C:\scratch\2024.1\hls_product\545\2024.1\src\shared\hls\clib/hlsmath/include/FloatingPoint\hls_case_IEEE754.h:18->C:\scratch\2024.1\hls_product\545\2024.1\src\shared\hls\clib/hlsmath/include/FloatingPoint\hls_case_IEEE754.h:117->C:\scratch\2024.1\hls_product\545\2024.1\src\shared\hls\clib\hlsmath\src\lib_floatconversion.cpp:49]   --->   Operation 22 'select' 'val' <Predicate = true> <Delay = 0.30> <CoreInst = "Sel">   --->   Core 73 'Sel' <Latency = 0> <II = 1> <Delay = 0.30> <FuncUnit> <Opcode : 'select'> <InPorts = 3> <OutPorts = 1>

State 2 <SV = 1> <Delay = 1.00>
ST_2 : Operation 23 [1/1] (0.70ns)   --->   "%sub_ln59 = sub i8 0, i8 %val" [C:\scratch\2024.1\hls_product\545\2024.1\src\shared\hls\clib/hlsmath/include/FloatingPoint\hls_case_IEEE754.h:59->C:\scratch\2024.1\hls_product\545\2024.1\src\shared\hls\clib/hlsmath/include/FloatingPoint\hls_case_IEEE754.h:117->C:\scratch\2024.1\hls_product\545\2024.1\src\shared\hls\clib\hlsmath\src\lib_floatconversion.cpp:49]   --->   Operation 23 'sub' 'sub_ln59' <Predicate = (xs_sign)> <Delay = 0.70> <CoreInst = "Adder">   --->   Core 1 'Adder' <Latency = 0> <II = 1> <Delay = 0.70> <FuncUnit> <Opcode : 'add' 'sub'> <InPorts = 2> <OutPorts = 1>
ST_2 : Operation 24 [1/1] (0.30ns)   --->   "%result_1 = select i1 %xs_sign, i8 %sub_ln59, i8 %val" [C:\scratch\2024.1\hls_product\545\2024.1\src\shared\hls\clib/hlsmath/include/FloatingPoint\hls_case_IEEE754.h:59->C:\scratch\2024.1\hls_product\545\2024.1\src\shared\hls\clib/hlsmath/include/FloatingPoint\hls_case_IEEE754.h:117->C:\scratch\2024.1\hls_product\545\2024.1\src\shared\hls\clib\hlsmath\src\lib_floatconversion.cpp:49]   --->   Operation 24 'select' 'result_1' <Predicate = true> <Delay = 0.30> <CoreInst = "Sel">   --->   Core 73 'Sel' <Latency = 0> <II = 1> <Delay = 0.30> <FuncUnit> <Opcode : 'select'> <InPorts = 3> <OutPorts = 1>
ST_2 : Operation 25 [1/1] (0.00ns)   --->   "%ret_ln49 = ret i8 %result_1" [C:\scratch\2024.1\hls_product\545\2024.1\src\shared\hls\clib\hlsmath\src\lib_floatconversion.cpp:49]   --->   Operation 25 'ret' 'ret_ln49' <Predicate = true> <Delay = 0.00>


============================================================
+ Verbose Summary: Binding
============================================================
STG Binding: 
---------------- STG Properties BEGIN ----------------
- Is combinational: 0
- Is one-state seq: 0
- Is datapath-only: 0
- Is pipelined: 1
- Is top level: 0
Port [ Return ] is wired: 1; IO mode=ap_ctrl_hs:ce=0
Port [ x]:  wired=1; compound=0; hidden=0; nouse=0; global=0; static=0; extern=0; dir=0; type=0; pingpong=0; private_global=0; IO mode=ap_none:ce=0
---------------- STG Properties END ------------------

---------------- Datapath Model BEGIN ----------------

<LifeTime>
<method=bitvector/>
x_read      (read          ) [ 000]
data        (bitcast       ) [ 000]
xs_sign     (bitselect     ) [ 011]
xs_exp      (partselect    ) [ 000]
trunc_ln342 (trunc         ) [ 000]
mantissa    (bitconcatenate) [ 000]
zext_ln15   (zext          ) [ 000]
zext_ln317  (zext          ) [ 000]
add_ln317   (add           ) [ 000]
tmp         (bitselect     ) [ 000]
sub_ln18    (sub           ) [ 000]
sext_ln18   (sext          ) [ 000]
select_ln18 (select        ) [ 000]
sext_ln18_1 (sext          ) [ 000]
zext_ln18   (zext          ) [ 000]
lshr_ln18   (lshr          ) [ 000]
shl_ln18    (shl           ) [ 000]
tmp_2       (partselect    ) [ 000]
tmp_3       (partselect    ) [ 000]
val         (select        ) [ 011]
sub_ln59    (sub           ) [ 000]
result_1    (select        ) [ 000]
ret_ln49    (ret           ) [ 000]
</LifeTime>

<model>

<comp_list>
<comp id="0" class="1000" name="x">
<pin_list>
<pin id="1" dir="1" index="0" bw="1" slack="0"/>
</pin_list>
<bind>
<StgValue><ssdm name="x"/></StgValue>
</bind>
</comp>

<comp id="2" class="1001" name="const_2">
<pin_list>
<pin id="3" dir="1" index="0" bw="1" slack="0"/>
</pin_list>
<bind>
<StgValue><ssdm name="_ssdm_op_Read.ap_auto.float"/></StgValue>
</bind>
</comp>

<comp id="4" class="1001" name="const_4">
<pin_list>
<pin id="5" dir="1" index="0" bw="1" slack="0"/>
</pin_list>
<bind>
<StgValue><ssdm name="_ssdm_op_BitSelect.i1.i32.i32"/></StgValue>
</bind>
</comp>

<comp id="6" class="1001" name="const_6">
<pin_list>
<pin id="7" dir="1" index="0" bw="1" slack="0"/>
</pin_list>
<bind>
<StgValue><ssdm name=""/></StgValue>
</bind>
</comp>

<comp id="8" class="1001" name="const_8">
<pin_list>
<pin id="9" dir="1" index="0" bw="1" slack="0"/>
</pin_list>
<bind>
<StgValue><ssdm name="_ssdm_op_PartSelect.i8.i32.i32.i32"/></StgValue>
</bind>
</comp>

<comp id="10" class="1001" name="const_10">
<pin_list>
<pin id="11" dir="1" index="0" bw="1" slack="0"/>
</pin_list>
<bind>
<StgValue><ssdm name=""/></StgValue>
</bind>
</comp>

<comp id="12" class="1001" name="const_12">
<pin_list>
<pin id="13" dir="1" index="0" bw="1" slack="0"/>
</pin_list>
<bind>
<StgValue><ssdm name=""/></StgValue>
</bind>
</comp>

<comp id="14" class="1001" name="const_14">
<pin_list>
<pin id="15" dir="1" index="0" bw="1" slack="0"/>
</pin_list>
<bind>
<StgValue><ssdm name="_ssdm_op_BitConcatenate.i25.i1.i23.i1"/></StgValue>
</bind>
</comp>

<comp id="16" class="1001" name="const_16">
<pin_list>
<pin id="17" dir="1" index="0" bw="1" slack="0"/>
</pin_list>
<bind>
<StgValue><ssdm name=""/></StgValue>
</bind>
</comp>

<comp id="18" class="1001" name="const_18">
<pin_list>
<pin id="19" dir="1" index="0" bw="1" slack="0"/>
</pin_list>
<bind>
<StgValue><ssdm name=""/></StgValue>
</bind>
</comp>

<comp id="20" class="1001" name="const_20">
<pin_list>
<pin id="21" dir="1" index="0" bw="1" slack="0"/>
</pin_list>
<bind>
<StgValue><ssdm name=""/></StgValue>
</bind>
</comp>

<comp id="22" class="1001" name="const_22">
<pin_list>
<pin id="23" dir="1" index="0" bw="1" slack="0"/>
</pin_list>
<bind>
<StgValue><ssdm name="_ssdm_op_BitSelect.i1.i9.i32"/></StgValue>
</bind>
</comp>

<comp id="24" class="1001" name="const_24">
<pin_list>
<pin id="25" dir="1" index="0" bw="1" slack="0"/>
</pin_list>
<bind>
<StgValue><ssdm name=""/></StgValue>
</bind>
</comp>

<comp id="26" class="1001" name="const_26">
<pin_list>
<pin id="27" dir="1" index="0" bw="1" slack="0"/>
</pin_list>
<bind>
<StgValue><ssdm name=""/></StgValue>
</bind>
</comp>

<comp id="28" class="1001" name="const_28">
<pin_list>
<pin id="29" dir="1" index="0" bw="1" slack="0"/>
</pin_list>
<bind>
<StgValue><ssdm name="_ssdm_op_PartSelect.i8.i55.i32.i32"/></StgValue>
</bind>
</comp>

<comp id="30" class="1001" name="const_30">
<pin_list>
<pin id="31" dir="1" index="0" bw="1" slack="0"/>
</pin_list>
<bind>
<StgValue><ssdm name=""/></StgValue>
</bind>
</comp>

<comp id="32" class="1001" name="const_32">
<pin_list>
<pin id="33" dir="1" index="0" bw="1" slack="0"/>
</pin_list>
<bind>
<StgValue><ssdm name=""/></StgValue>
</bind>
</comp>

<comp id="34" class="1004" name="x_read_read_fu_34">
<pin_list>
<pin id="35" dir="0" index="0" bw="32" slack="0"/>
<pin id="36" dir="0" index="1" bw="32" slack="0"/>
<pin id="37" dir="1" index="2" bw="32" slack="0"/>
</pin_list>
<bind>
<opcode="read(1150) " fcode="read"/>
<opset="x_read/1 "/>
</bind>
</comp>

<comp id="40" class="1004" name="data_fu_40">
<pin_list>
<pin id="41" dir="0" index="0" bw="32" slack="0"/>
<pin id="42" dir="1" index="1" bw="32" slack="0"/>
</pin_list>
<bind>
<opcode="bitcast(44) " fcode="bitcast"/>
<opset="data/1 "/>
</bind>
</comp>

<comp id="44" class="1004" name="xs_sign_fu_44">
<pin_list>
<pin id="45" dir="0" index="0" bw="1" slack="0"/>
<pin id="46" dir="0" index="1" bw="32" slack="0"/>
<pin id="47" dir="0" index="2" bw="6" slack="0"/>
<pin id="48" dir="1" index="3" bw="1" slack="1"/>
</pin_list>
<bind>
<opcode="bitselect(1000) " fcode="bitselect"/>
<opset="xs_sign/1 "/>
</bind>
</comp>

<comp id="52" class="1004" name="xs_exp_fu_52">
<pin_list>
<pin id="53" dir="0" index="0" bw="8" slack="0"/>
<pin id="54" dir="0" index="1" bw="32" slack="0"/>
<pin id="55" dir="0" index="2" bw="6" slack="0"/>
<pin id="56" dir="0" index="3" bw="6" slack="0"/>
<pin id="57" dir="1" index="4" bw="8" slack="0"/>
</pin_list>
<bind>
<opcode="partselect(1002) " fcode="partselect"/>
<opset="xs_exp/1 "/>
</bind>
</comp>

<comp id="62" class="1004" name="trunc_ln342_fu_62">
<pin_list>
<pin id="63" dir="0" index="0" bw="32" slack="0"/>
<pin id="64" dir="1" index="1" bw="23" slack="0"/>
</pin_list>
<bind>
<opcode="trunc(33) " fcode="trunc"/>
<opset="trunc_ln342/1 "/>
</bind>
</comp>

<comp id="66" class="1004" name="mantissa_fu_66">
<pin_list>
<pin id="67" dir="0" index="0" bw="25" slack="0"/>
<pin id="68" dir="0" index="1" bw="1" slack="0"/>
<pin id="69" dir="0" index="2" bw="23" slack="0"/>
<pin id="70" dir="0" index="3" bw="1" slack="0"/>
<pin id="71" dir="1" index="4" bw="25" slack="0"/>
</pin_list>
<bind>
<opcode="bitconcatenate(1004) " fcode="bitconcatenate"/>
<opset="mantissa/1 "/>
</bind>
</comp>

<comp id="76" class="1004" name="zext_ln15_fu_76">
<pin_list>
<pin id="77" dir="0" index="0" bw="25" slack="0"/>
<pin id="78" dir="1" index="1" bw="55" slack="0"/>
</pin_list>
<bind>
<opcode="zext(34) " fcode="zext"/>
<opset="zext_ln15/1 "/>
</bind>
</comp>

<comp id="80" class="1004" name="zext_ln317_fu_80">
<pin_list>
<pin id="81" dir="0" index="0" bw="8" slack="0"/>
<pin id="82" dir="1" index="1" bw="9" slack="0"/>
</pin_list>
<bind>
<opcode="zext(34) " fcode="zext"/>
<opset="zext_ln317/1 "/>
</bind>
</comp>

<comp id="84" class="1004" name="add_ln317_fu_84">
<pin_list>
<pin id="85" dir="0" index="0" bw="8" slack="0"/>
<pin id="86" dir="0" index="1" bw="8" slack="0"/>
<pin id="87" dir="1" index="2" bw="9" slack="0"/>
</pin_list>
<bind>
<opcode="add(8) " fcode="add"/>
<opset="add_ln317/1 "/>
</bind>
</comp>

<comp id="90" class="1004" name="tmp_fu_90">
<pin_list>
<pin id="91" dir="0" index="0" bw="1" slack="0"/>
<pin id="92" dir="0" index="1" bw="9" slack="0"/>
<pin id="93" dir="0" index="2" bw="5" slack="0"/>
<pin id="94" dir="1" index="3" bw="1" slack="0"/>
</pin_list>
<bind>
<opcode="bitselect(1000) " fcode="bitselect"/>
<opset="tmp/1 "/>
</bind>
</comp>

<comp id="98" class="1004" name="sub_ln18_fu_98">
<pin_list>
<pin id="99" dir="0" index="0" bw="8" slack="0"/>
<pin id="100" dir="0" index="1" bw="8" slack="0"/>
<pin id="101" dir="1" index="2" bw="8" slack="0"/>
</pin_list>
<bind>
<opcode="sub(10) " fcode="sub"/>
<opset="sub_ln18/1 "/>
</bind>
</comp>

<comp id="104" class="1004" name="sext_ln18_fu_104">
<pin_list>
<pin id="105" dir="0" index="0" bw="8" slack="0"/>
<pin id="106" dir="1" index="1" bw="9" slack="0"/>
</pin_list>
<bind>
<opcode="sext(35) " fcode="sext"/>
<opset="sext_ln18/1 "/>
</bind>
</comp>

<comp id="108" class="1004" name="select_ln18_fu_108">
<pin_list>
<pin id="109" dir="0" index="0" bw="1" slack="0"/>
<pin id="110" dir="0" index="1" bw="9" slack="0"/>
<pin id="111" dir="0" index="2" bw="9" slack="0"/>
<pin id="112" dir="1" index="3" bw="9" slack="0"/>
</pin_list>
<bind>
<opcode="select(49) " fcode="select"/>
<opset="select_ln18/1 "/>
</bind>
</comp>

<comp id="116" class="1004" name="sext_ln18_1_fu_116">
<pin_list>
<pin id="117" dir="0" index="0" bw="9" slack="0"/>
<pin id="118" dir="1" index="1" bw="32" slack="0"/>
</pin_list>
<bind>
<opcode="sext(35) " fcode="sext"/>
<opset="sext_ln18_1/1 "/>
</bind>
</comp>

<comp id="120" class="1004" name="zext_ln18_fu_120">
<pin_list>
<pin id="121" dir="0" index="0" bw="9" slack="0"/>
<pin id="122" dir="1" index="1" bw="55" slack="0"/>
</pin_list>
<bind>
<opcode="zext(34) " fcode="zext"/>
<opset="zext_ln18/1 "/>
</bind>
</comp>

<comp id="124" class="1004" name="lshr_ln18_fu_124">
<pin_list>
<pin id="125" dir="0" index="0" bw="25" slack="0"/>
<pin id="126" dir="0" index="1" bw="32" slack="0"/>
<pin id="127" dir="1" index="2" bw="55" slack="0"/>
</pin_list>
<bind>
<opcode="lshr(21) " fcode="lshr"/>
<opset="lshr_ln18/1 "/>
</bind>
</comp>

<comp id="130" class="1004" name="shl_ln18_fu_130">
<pin_list>
<pin id="131" dir="0" index="0" bw="25" slack="0"/>
<pin id="132" dir="0" index="1" bw="32" slack="0"/>
<pin id="133" dir="1" index="2" bw="55" slack="0"/>
</pin_list>
<bind>
<opcode="shl(20) " fcode="shl"/>
<opset="shl_ln18/1 "/>
</bind>
</comp>

<comp id="136" class="1004" name="tmp_2_fu_136">
<pin_list>
<pin id="137" dir="0" index="0" bw="8" slack="0"/>
<pin id="138" dir="0" index="1" bw="55" slack="0"/>
<pin id="139" dir="0" index="2" bw="6" slack="0"/>
<pin id="140" dir="0" index="3" bw="6" slack="0"/>
<pin id="141" dir="1" index="4" bw="8" slack="0"/>
</pin_list>
<bind>
<opcode="partselect(1002) " fcode="partselect"/>
<opset="tmp_2/1 "/>
</bind>
</comp>

<comp id="146" class="1004" name="tmp_3_fu_146">
<pin_list>
<pin id="147" dir="0" index="0" bw="8" slack="0"/>
<pin id="148" dir="0" index="1" bw="55" slack="0"/>
<pin id="149" dir="0" index="2" bw="6" slack="0"/>
<pin id="150" dir="0" index="3" bw="6" slack="0"/>
<pin id="151" dir="1" index="4" bw="8" slack="0"/>
</pin_list>
<bind>
<opcode="partselect(1002) " fcode="partselect"/>
<opset="tmp_3/1 "/>
</bind>
</comp>

<comp id="156" class="1004" name="val_fu_156">
<pin_list>
<pin id="157" dir="0" index="0" bw="1" slack="0"/>
<pin id="158" dir="0" index="1" bw="8" slack="0"/>
<pin id="159" dir="0" index="2" bw="8" slack="0"/>
<pin id="160" dir="1" index="3" bw="8" slack="1"/>
</pin_list>
<bind>
<opcode="select(49) " fcode="select"/>
<opset="val/1 "/>
</bind>
</comp>

<comp id="164" class="1004" name="sub_ln59_fu_164">
<pin_list>
<pin id="165" dir="0" index="0" bw="1" slack="0"/>
<pin id="166" dir="0" index="1" bw="8" slack="1"/>
<pin id="167" dir="1" index="2" bw="8" slack="0"/>
</pin_list>
<bind>
<opcode="sub(10) " fcode="sub"/>
<opset="sub_ln59/2 "/>
</bind>
</comp>

<comp id="169" class="1004" name="result_1_fu_169">
<pin_list>
<pin id="170" dir="0" index="0" bw="1" slack="1"/>
<pin id="171" dir="0" index="1" bw="8" slack="0"/>
<pin id="172" dir="0" index="2" bw="8" slack="1"/>
<pin id="173" dir="1" index="3" bw="8" slack="2147483647"/>
</pin_list>
<bind>
<opcode="select(49) " fcode="select"/>
<opset="result_1/2 "/>
</bind>
</comp>

<comp id="175" class="1005" name="xs_sign_reg_175">
<pin_list>
<pin id="176" dir="0" index="0" bw="1" slack="1"/>
<pin id="177" dir="1" index="1" bw="1" slack="1"/>
</pin_list>
<bind>
<opset="xs_sign "/>
</bind>
</comp>

<comp id="180" class="1005" name="val_reg_180">
<pin_list>
<pin id="181" dir="0" index="0" bw="8" slack="1"/>
<pin id="182" dir="1" index="1" bw="8" slack="1"/>
</pin_list>
<bind>
<opset="val "/>
</bind>
</comp>

</comp_list>

<net_list>
<net id="38"><net_src comp="2" pin="0"/><net_sink comp="34" pin=0"/></net>

<net id="39"><net_src comp="0" pin="0"/><net_sink comp="34" pin=1"/></net>

<net id="43"><net_src comp="34" pin="2"/><net_sink comp="40" pin=0"/></net>

<net id="49"><net_src comp="4" pin="0"/><net_sink comp="44" pin=0"/></net>

<net id="50"><net_src comp="40" pin="1"/><net_sink comp="44" pin=1"/></net>

<net id="51"><net_src comp="6" pin="0"/><net_sink comp="44" pin=2"/></net>

<net id="58"><net_src comp="8" pin="0"/><net_sink comp="52" pin=0"/></net>

<net id="59"><net_src comp="40" pin="1"/><net_sink comp="52" pin=1"/></net>

<net id="60"><net_src comp="10" pin="0"/><net_sink comp="52" pin=2"/></net>

<net id="61"><net_src comp="12" pin="0"/><net_sink comp="52" pin=3"/></net>

<net id="65"><net_src comp="40" pin="1"/><net_sink comp="62" pin=0"/></net>

<net id="72"><net_src comp="14" pin="0"/><net_sink comp="66" pin=0"/></net>

<net id="73"><net_src comp="16" pin="0"/><net_sink comp="66" pin=1"/></net>

<net id="74"><net_src comp="62" pin="1"/><net_sink comp="66" pin=2"/></net>

<net id="75"><net_src comp="18" pin="0"/><net_sink comp="66" pin=3"/></net>

<net id="79"><net_src comp="66" pin="4"/><net_sink comp="76" pin=0"/></net>

<net id="83"><net_src comp="52" pin="4"/><net_sink comp="80" pin=0"/></net>

<net id="88"><net_src comp="80" pin="1"/><net_sink comp="84" pin=0"/></net>

<net id="89"><net_src comp="20" pin="0"/><net_sink comp="84" pin=1"/></net>

<net id="95"><net_src comp="22" pin="0"/><net_sink comp="90" pin=0"/></net>

<net id="96"><net_src comp="84" pin="2"/><net_sink comp="90" pin=1"/></net>

<net id="97"><net_src comp="24" pin="0"/><net_sink comp="90" pin=2"/></net>

<net id="102"><net_src comp="26" pin="0"/><net_sink comp="98" pin=0"/></net>

<net id="103"><net_src comp="52" pin="4"/><net_sink comp="98" pin=1"/></net>

<net id="107"><net_src comp="98" pin="2"/><net_sink comp="104" pin=0"/></net>

<net id="113"><net_src comp="90" pin="3"/><net_sink comp="108" pin=0"/></net>

<net id="114"><net_src comp="104" pin="1"/><net_sink comp="108" pin=1"/></net>

<net id="115"><net_src comp="84" pin="2"/><net_sink comp="108" pin=2"/></net>

<net id="119"><net_src comp="108" pin="3"/><net_sink comp="116" pin=0"/></net>

<net id="123"><net_src comp="116" pin="1"/><net_sink comp="120" pin=0"/></net>

<net id="128"><net_src comp="76" pin="1"/><net_sink comp="124" pin=0"/></net>

<net id="129"><net_src comp="120" pin="1"/><net_sink comp="124" pin=1"/></net>

<net id="134"><net_src comp="76" pin="1"/><net_sink comp="130" pin=0"/></net>

<net id="135"><net_src comp="120" pin="1"/><net_sink comp="130" pin=1"/></net>

<net id="142"><net_src comp="28" pin="0"/><net_sink comp="136" pin=0"/></net>

<net id="143"><net_src comp="124" pin="2"/><net_sink comp="136" pin=1"/></net>

<net id="144"><net_src comp="30" pin="0"/><net_sink comp="136" pin=2"/></net>

<net id="145"><net_src comp="6" pin="0"/><net_sink comp="136" pin=3"/></net>

<net id="152"><net_src comp="28" pin="0"/><net_sink comp="146" pin=0"/></net>

<net id="153"><net_src comp="130" pin="2"/><net_sink comp="146" pin=1"/></net>

<net id="154"><net_src comp="30" pin="0"/><net_sink comp="146" pin=2"/></net>

<net id="155"><net_src comp="6" pin="0"/><net_sink comp="146" pin=3"/></net>

<net id="161"><net_src comp="90" pin="3"/><net_sink comp="156" pin=0"/></net>

<net id="162"><net_src comp="136" pin="4"/><net_sink comp="156" pin=1"/></net>

<net id="163"><net_src comp="146" pin="4"/><net_sink comp="156" pin=2"/></net>

<net id="168"><net_src comp="32" pin="0"/><net_sink comp="164" pin=0"/></net>

<net id="174"><net_src comp="164" pin="2"/><net_sink comp="169" pin=1"/></net>

<net id="178"><net_src comp="44" pin="3"/><net_sink comp="175" pin=0"/></net>

<net id="179"><net_src comp="175" pin="1"/><net_sink comp="169" pin=0"/></net>

<net id="183"><net_src comp="156" pin="3"/><net_sink comp="180" pin=0"/></net>

<net id="184"><net_src comp="180" pin="1"/><net_sink comp="164" pin=1"/></net>

<net id="185"><net_src comp="180" pin="1"/><net_sink comp="169" pin=2"/></net>

</net_list>

</model> 
---------------- Datapath Model END ------------------

* FSMD analyzer results:
  - Output states:
	Port: x | {}
 - Input state : 
	Port: __hls_fptosi_float_i8 : x | {1 }
  - Chain level:
	State 1
		xs_sign : 1
		xs_exp : 1
		trunc_ln342 : 1
		mantissa : 2
		zext_ln15 : 3
		zext_ln317 : 2
		add_ln317 : 3
		tmp : 4
		sub_ln18 : 2
		sext_ln18 : 3
		select_ln18 : 5
		sext_ln18_1 : 6
		zext_ln18 : 7
		lshr_ln18 : 8
		shl_ln18 : 8
		tmp_2 : 9
		tmp_3 : 9
		val : 10
	State 2
		result_1 : 1
		ret_ln49 : 2


============================================================
+ Verbose Summary: Datapath Resource usage 
============================================================

* Functional unit list:
|----------|--------------------|---------|---------|
| Operation|   Functional Unit  |    FF   |   LUT   |
|----------|--------------------|---------|---------|
|   lshr   |  lshr_ln18_fu_124  |    0    |    92   |
|----------|--------------------|---------|---------|
|    shl   |   shl_ln18_fu_130  |    0    |    92   |
|----------|--------------------|---------|---------|
|    sub   |   sub_ln18_fu_98   |    0    |    15   |
|          |   sub_ln59_fu_164  |    0    |    15   |
|----------|--------------------|---------|---------|
|          | select_ln18_fu_108 |    0    |    9    |
|  select  |     val_fu_156     |    0    |    8    |
|          |   result_1_fu_169  |    0    |    8    |
|----------|--------------------|---------|---------|
|    add   |   add_ln317_fu_84  |    0    |    15   |
|----------|--------------------|---------|---------|
|   read   |  x_read_read_fu_34 |    0    |    0    |
|----------|--------------------|---------|---------|
| bitselect|    xs_sign_fu_44   |    0    |    0    |
|          |      tmp_fu_90     |    0    |    0    |
|----------|--------------------|---------|---------|
|          |    xs_exp_fu_52    |    0    |    0    |
|partselect|    tmp_2_fu_136    |    0    |    0    |
|          |    tmp_3_fu_146    |    0    |    0    |
|----------|--------------------|---------|---------|
|   trunc  |  trunc_ln342_fu_62 |    0    |    0    |
|----------|--------------------|---------|---------|
|bitconcatenate|   mantissa_fu_66   |    0    |    0    |
|----------|--------------------|---------|---------|
|          |   zext_ln15_fu_76  |    0    |    0    |
|   zext   |  zext_ln317_fu_80  |    0    |    0    |
|          |  zext_ln18_fu_120  |    0    |    0    |
|----------|--------------------|---------|---------|
|   sext   |  sext_ln18_fu_104  |    0    |    0    |
|          | sext_ln18_1_fu_116 |    0    |    0    |
|----------|--------------------|---------|---------|
|   Total  |                    |    0    |   254   |
|----------|--------------------|---------|---------|

Memories:
N/A

* Register list:
+---------------+--------+
|               |   FF   |
+---------------+--------+
|  val_reg_180  |    8   |
|xs_sign_reg_175|    1   |
+---------------+--------+
|     Total     |    9   |
+---------------+--------+

* Multiplexer (MUX) list: 
|--------|------|------|------|--------|
|  Comp  |  Pin | Size |  BW  | S x BW |
|--------|------|------|------|--------|
|  Total |      |      |      |    0   |
|--------|------|------|------|--------|



* Summary:
+-----------+--------+--------+
|           |   FF   |   LUT  |
+-----------+--------+--------+
|  Function |    0   |   254  |
|   Memory  |    -   |    -   |
|Multiplexer|    -   |    -   |
|  Register |    9   |    -   |
+-----------+--------+--------+
|   Total   |    9   |   254  |
+-----------+--------+--------+
