

================================================================
== Vitis HLS Report for 'pack_int8_Pipeline_pack_loop'
================================================================
* Date:           Sun Jan 25 12:59:18 2026

* Version:        2024.1 (Build 5069499 on May 21 2024)
* Project:        zed_hls_pack_int8
* Solution:       sol1 (Vivado IP Flow Target)
* Product family: virtexuplus
* Target device:  xcvu9p-flga2104-2-e


================================================================
== Performance Estimates
================================================================
+ Timing: 
    * Summary: 
    +--------+---------+----------+------------+
    |  Clock |  Target | Estimated| Uncertainty|
    +--------+---------+----------+------------+
    |ap_clk  |  4.00 ns|  2.596 ns|     1.08 ns|
    +--------+---------+----------+------------+

+ Latency: 
    * Summary: 
    +---------+------------+----------+-----------+-----+------------+-----------------------------------------------+
    |   Latency (cycles)   |  Latency (absolute)  |     Interval     |                    Pipeline                   |
    |   min   |     max    |    min   |    max    | min |     max    |                      Type                     |
    +---------+------------+----------+-----------+-----+------------+-----------------------------------------------+
    |        2|  2147483635|  8.000 ns|  8.590 sec|    1|  2147483634|  loop auto-rewind stp(delay=0 clock cycles(s))|
    +---------+------------+----------+-----------+-----+------------+-----------------------------------------------+

    + Detail: 
        * Instance: 
        +----------------------------------+-----------------------+---------+---------+----------+----------+-----+-----+---------+
        |                                  |                       |  Latency (cycles) |  Latency (absolute) |  Interval | Pipeline|
        |             Instance             |         Module        |   min   |   max   |    min   |    max   | min | max |   Type  |
        +----------------------------------+-----------------------+---------+---------+----------+----------+-----+-----+---------+
        |grp_p_hls_fptosi_float_i8_fu_120  |p_hls_fptosi_float_i8  |        1|        1|  4.000 ns|  4.000 ns|    1|    1|      yes|
        +----------------------------------+-----------------------+---------+---------+----------+----------+-----+-----+---------+

        * Loop: 
        +-------------+---------+------------+----------+-----------+-----------+---------------+----------+
        |             |   Latency (cycles)   | Iteration|  Initiation Interval  |      Trip     |          |
        |  Loop Name  |   min   |     max    |  Latency |  achieved |   target  |     Count     | Pipelined|
        +-------------+---------+------------+----------+-----------+-----------+---------------+----------+
        |- pack_loop  |        0|  2147483633|        18|         16|          1|  0 ~ 134217727|       yes|
        +-------------+---------+------------+----------+-----------+-----------+---------------+----------+



================================================================
== Utilization Estimates
================================================================
* Summary: 
+---------------------+---------+------+---------+---------+-----+
|         Name        | BRAM_18K|  DSP |    FF   |   LUT   | URAM|
+---------------------+---------+------+---------+---------+-----+
|DSP                  |        -|     -|        -|        -|    -|
|Expression           |        -|     -|        0|      211|    -|
|FIFO                 |        -|     -|        -|        -|    -|
|Instance             |        -|     -|       11|      399|    -|
|Memory               |        -|     -|        -|        -|    -|
|Multiplexer          |        -|     -|        0|      234|    -|
|Register             |        -|     -|      203|        -|    -|
+---------------------+---------+------+---------+---------+-----+
|Total                |        0|     0|      214|      844|    0|
+---------------------+---------+------+---------+---------+-----+
|Available SLR        |     1440|  2280|   788160|   394080|  320|
+---------------------+---------+------+---------+---------+-----+
|Utilization SLR (%)  |        0|     0|       ~0|       ~0|    0|
+---------------------+---------+------+---------+---------+-----+
|Available            |     4320|  6840|  2364480|  1182240|  960|
+---------------------+---------+------+---------+---------+-----+
|Utilization (%)      |        0|     0|       ~0|       ~0|    0|
+---------------------+---------+------+---------+---------+-----+

+ Detail: 
    * Instance: 
    +----------------------------------+-----------------------+---------+----+----+-----+-----+
    |             Instance             |         Module        | BRAM_18K| DSP| FF | LUT | URAM|
    +----------------------------------+-----------------------+---------+----+----+-----+-----+
    |grp_p_hls_fptosi_float_i8_fu_120  |p_hls_fptosi_float_i8  |        0|   0|  11|  399|    0|
    +----------------------------------+-----------------------+---------+----+----+-----+-----+
    |Total                             |                       |        0|   0|  11|  399|    0|
    +----------------------------------+-----------------------+---------+----+----+-----+-----+

    * DSP: 
    N/A

    * Memory: 
    N/A

    * FIFO: 
    N/A

    * Expression: 
    +--------------------------------------------+----------+----+---+----+------------+------------+
    |                Variable Name               | Operation| DSP| FF| LUT| Bitwidth P0| Bitwidth P1|
    +--------------------------------------------+----------+----+---+----+------------+------------+
    |i_1_fu_151_p2                               |         +|   0|  0|  35|          28|           1|
    |ap_block_pp0_stage0_11001                   |       and|   0|  0|   2|           1|           1|
    |ap_block_pp0_stage0_11001_ignoreCallOp113   |       and|   0|  0|   2|           1|           1|
    |ap_block_pp0_stage10_11001                  |       and|   0|  0|   2|           1|           1|
    |ap_block_pp0_stage10_11001_ignoreCallOp83   |       and|   0|  0|   2|           1|           1|
    |ap_block_pp0_stage11_11001                  |       and|   0|  0|   2|           1|           1|
    |ap_block_pp0_stage11_11001_ignoreCallOp88   |       and|   0|  0|   2|           1|           1|
    |ap_block_pp0_stage12_11001                  |       and|   0|  0|   2|           1|           1|
    |ap_block_pp0_stage12_11001_ignoreCallOp93   |       and|   0|  0|   2|           1|           1|
    |ap_block_pp0_stage13_11001                  |       and|   0|  0|   2|           1|           1|
    |ap_block_pp0_stage13_11001_ignoreCallOp98   |       and|   0|  0|   2|           1|           1|
    |ap_block_pp0_stage14_11001                  |       and|   0|  0|   2|           1|           1|
    |ap_block_pp0_stage14_11001_ignoreCallOp103  |       and|   0|  0|   2|           1|           1|
    |ap_block_pp0_stage15_11001                  |       and|   0|  0|   2|           1|           1|
    |ap_block_pp0_stage15_11001_ignoreCallOp108  |       and|   0|  0|   2|           1|           1|
    |ap_block_pp0_stage2_11001                   |       and|   0|  0|   2|           1|           1|
    |ap_block_pp0_stage2_11001_ignoreCallOp43    |       and|   0|  0|   2|           1|           1|
    |ap_block_pp0_stage3_11001                   |       and|   0|  0|   2|           1|           1|
    |ap_block_pp0_stage3_11001_ignoreCallOp48    |       and|   0|  0|   2|           1|           1|
    |ap_block_pp0_stage4_11001                   |       and|   0|  0|   2|           1|           1|
    |ap_block_pp0_stage4_11001_ignoreCallOp53    |       and|   0|  0|   2|           1|           1|
    |ap_block_pp0_stage5_11001                   |       and|   0|  0|   2|           1|           1|
    |ap_block_pp0_stage5_11001_ignoreCallOp58    |       and|   0|  0|   2|           1|           1|
    |ap_block_pp0_stage6_11001                   |       and|   0|  0|   2|           1|           1|
    |ap_block_pp0_stage6_11001_ignoreCallOp63    |       and|   0|  0|   2|           1|           1|
    |ap_block_pp0_stage7_11001                   |       and|   0|  0|   2|           1|           1|
    |ap_block_pp0_stage7_11001_ignoreCallOp68    |       and|   0|  0|   2|           1|           1|
    |ap_block_pp0_stage8_11001                   |       and|   0|  0|   2|           1|           1|
    |ap_block_pp0_stage8_11001_ignoreCallOp73    |       and|   0|  0|   2|           1|           1|
    |ap_block_pp0_stage9_11001                   |       and|   0|  0|   2|           1|           1|
    |ap_block_pp0_stage9_11001_ignoreCallOp78    |       and|   0|  0|   2|           1|           1|
    |ap_block_state10_pp0_stage9_iter0           |       and|   0|  0|   2|           1|           1|
    |ap_block_state1_pp0_stage0_iter0            |       and|   0|  0|   2|           1|           1|
    |ap_condition_615                            |       and|   0|  0|   2|           1|           1|
    |ap_condition_621                            |       and|   0|  0|   2|           1|           1|
    |ap_condition_627                            |       and|   0|  0|   2|           1|           1|
    |ap_condition_633                            |       and|   0|  0|   2|           1|           1|
    |ap_condition_639                            |       and|   0|  0|   2|           1|           1|
    |ap_condition_645                            |       and|   0|  0|   2|           1|           1|
    |ap_condition_651                            |       and|   0|  0|   2|           1|           1|
    |ap_condition_657                            |       and|   0|  0|   2|           1|           1|
    |ap_condition_663                            |       and|   0|  0|   2|           1|           1|
    |ap_condition_669                            |       and|   0|  0|   2|           1|           1|
    |ap_condition_675                            |       and|   0|  0|   2|           1|           1|
    |ap_condition_681                            |       and|   0|  0|   2|           1|           1|
    |ap_condition_687                            |       and|   0|  0|   2|           1|           1|
    |ap_condition_693                            |       and|   0|  0|   2|           1|           1|
    |ap_condition_699                            |       and|   0|  0|   2|           1|           1|
    |ap_condition_705                            |       and|   0|  0|   2|           1|           1|
    |icmp_ln24_fu_145_p2                         |      icmp|   0|  0|  36|          29|          29|
    |p_out_last_fu_157_p2                        |      icmp|   0|  0|  36|          29|          29|
    |ap_block_pp0_stage1_01001                   |        or|   0|  0|   2|           1|           1|
    |ap_block_pp0_stage1_11001                   |        or|   0|  0|   2|           1|           1|
    |ap_block_pp0_stage1_11001_ignoreCallOp40    |        or|   0|  0|   2|           1|           1|
    |ap_enable_pp0                               |       xor|   0|  0|   2|           1|           2|
    +--------------------------------------------+----------+----+---+----+------------+------------+
    |Total                                       |          |   0|  0| 211|         138|         112|
    +--------------------------------------------+----------+----+---+----+------------+------------+

    * Multiplexer: 
    +------------------------------------+----+-----------+-----+-----------+
    |                Name                | LUT| Input Size| Bits| Total Bits|
    +------------------------------------+----+-----------+-----+-----------+
    |ap_NS_fsm                           |  81|         17|    1|         17|
    |ap_done_int                         |   9|          2|    1|          2|
    |ap_enable_reg_pp0_iter0             |   9|          2|    1|          2|
    |ap_enable_reg_pp0_iter0_reg         |   9|          2|    1|          2|
    |ap_enable_reg_pp0_iter1             |   9|          2|    1|          2|
    |ap_sig_allocacmp_i_2                |   9|          2|   28|         56|
    |grp_p_hls_fptosi_float_i8_fu_120_x  |  81|         17|   32|        544|
    |i_fu_74                             |   9|          2|   28|         56|
    |in_stream_TDATA_blk_n               |   9|          2|    1|          2|
    |out_stream_TDATA_blk_n              |   9|          2|    1|          2|
    +------------------------------------+----+-----------+-----+-----------+
    |Total                               | 234|         50|   95|        685|
    +------------------------------------+----+-----------+-----+-----------+

    * Register: 
    +-----------------------------------------------+----+----+-----+-----------+
    |                      Name                     | FF | LUT| Bits| Const Bits|
    +-----------------------------------------------+----+----+-----+-----------+
    |ap_CS_fsm                                      |  16|   0|   16|          0|
    |ap_done_reg                                    |   1|   0|    1|          0|
    |ap_enable_reg_pp0_iter0_reg                    |   1|   0|    1|          0|
    |ap_enable_reg_pp0_iter1                        |   1|   0|    1|          0|
    |grp_p_hls_fptosi_float_i8_fu_120_ap_start_reg  |   1|   0|    1|          0|
    |i8_10_reg_336                                  |   8|   0|    8|          0|
    |i8_11_reg_341                                  |   8|   0|    8|          0|
    |i8_12_reg_346                                  |   8|   0|    8|          0|
    |i8_13_reg_351                                  |   8|   0|    8|          0|
    |i8_14_reg_356                                  |   8|   0|    8|          0|
    |i8_1_reg_291                                   |   8|   0|    8|          0|
    |i8_2_reg_296                                   |   8|   0|    8|          0|
    |i8_3_reg_301                                   |   8|   0|    8|          0|
    |i8_4_reg_306                                   |   8|   0|    8|          0|
    |i8_5_reg_311                                   |   8|   0|    8|          0|
    |i8_6_reg_316                                   |   8|   0|    8|          0|
    |i8_7_reg_321                                   |   8|   0|    8|          0|
    |i8_8_reg_326                                   |   8|   0|    8|          0|
    |i8_9_reg_331                                   |   8|   0|    8|          0|
    |i8_reg_286                                     |   8|   0|    8|          0|
    |i_fu_74                                        |  28|   0|   28|          0|
    |icmp_ln24_reg_277                              |   1|   0|    1|          0|
    |p_out_last_reg_281                             |   1|   0|    1|          0|
    |p_out_last_reg_281_pp0_iter1_reg               |   1|   0|    1|          0|
    |reg_129                                        |  32|   0|   32|          0|
    +-----------------------------------------------+----+----+-----+-----------+
    |Total                                          | 203|   0|  203|          0|
    +-----------------------------------------------+----+----+-----+-----------+



================================================================
== Interface
================================================================
* Summary: 
+-------------------+-----+-----+------------+------------------------------+--------------+
|     RTL Ports     | Dir | Bits|  Protocol  |         Source Object        |    C Type    |
+-------------------+-----+-----+------------+------------------------------+--------------+
|ap_clk             |   in|    1|  ap_ctrl_hs|  pack_int8_Pipeline_pack_loop|  return value|
|ap_rst             |   in|    1|  ap_ctrl_hs|  pack_int8_Pipeline_pack_loop|  return value|
|ap_start           |   in|    1|  ap_ctrl_hs|  pack_int8_Pipeline_pack_loop|  return value|
|ap_done            |  out|    1|  ap_ctrl_hs|  pack_int8_Pipeline_pack_loop|  return value|
|ap_idle            |  out|    1|  ap_ctrl_hs|  pack_int8_Pipeline_pack_loop|  return value|
|ap_ready           |  out|    1|  ap_ctrl_hs|  pack_int8_Pipeline_pack_loop|  return value|
|in_stream_TVALID   |   in|    1|        axis|            in_stream_V_data_V|       pointer|
|in_stream_TDATA    |   in|   32|        axis|            in_stream_V_data_V|       pointer|
|out_stream_TREADY  |   in|    1|        axis|           out_stream_V_data_V|       pointer|
|out_stream_TDATA   |  out|  128|        axis|           out_stream_V_data_V|       pointer|
|num_packs          |   in|   29|     ap_none|                     num_packs|        scalar|
|in_stream_TREADY   |  out|    1|        axis|            in_stream_V_last_V|       pointer|
|in_stream_TLAST    |   in|    1|        axis|            in_stream_V_last_V|       pointer|
|in_stream_TKEEP    |   in|    4|        axis|            in_stream_V_keep_V|       pointer|
|in_stream_TSTRB    |   in|    4|        axis|            in_stream_V_strb_V|       pointer|
|sub                |   in|   29|     ap_none|                           sub|        scalar|
|out_stream_TVALID  |  out|    1|        axis|           out_stream_V_last_V|       pointer|
|out_stream_TLAST   |  out|    1|        axis|           out_stream_V_last_V|       pointer|
|out_stream_TKEEP   |  out|   16|        axis|           out_stream_V_keep_V|       pointer|
|out_stream_TSTRB   |  out|   16|        axis|           out_stream_V_strb_V|       pointer|
+-------------------+-----+-----+------------+------------------------------+--------------+

============================================================
+ Verbose Summary: Synthesis Manager
============================================================
InlineROM: 1
ExposeGlobal: 0
============================================================
+ Verbose Summary: CDFG Model
============================================================
IsTopModel: 0
ResetActiveHigh: 1
IsCombinational: 2
IsDatapathOnly: 2
HasWiredReturn: 1
HasMFsm: 2
HasVarLatency: 1
IsPipeline: 0
IsRtlPipelined: 0
IsInstanceOverlapped: 0
IsDontTouch: 0
HasImplIP: 0
IsGatedGlobalClock: 0

+ Individual pipeline summary: 
  * Pipeline-0: initiation interval (II) = 16, depth = 18


============================================================
+ Verbose Summary: Schedule
============================================================
* Number of FSM states : 18
* Pipeline : 1
  Pipeline-0 : II = 16, D = 18, States = { 1 2 3 4 5 6 7 8 9 10 11 12 13 14 15 16 17 18 }
* Dataflow Pipeline: 0

* FSM state transitions: 
1 --> 2 
2 --> 3 
3 --> 4 
4 --> 5 
5 --> 6 
6 --> 7 
7 --> 8 
8 --> 9 
9 --> 10 
10 --> 11 
11 --> 12 
12 --> 13 
13 --> 14 
14 --> 15 
15 --> 16 
16 --> 17 
17 --> 18 
18 --> 

* FSM state operations: 

State 1 <SV = 0> <Delay = 1.63>
ST_1 : Operation 21 [1/1] (0.00ns)   --->   "%i = alloca i32 1" [kernel.cpp:24]   --->   Operation 21 'alloca' 'i' <Predicate = true> <Delay = 0.00>
ST_1 : Operation 22 [1/1] (0.00ns)   --->   "%specaxissidechannel_ln0 = specaxissidechannel void @_ssdm_op_SpecAXISSideChannel, i128 %out_stream_V_data_V, i16 %out_stream_V_keep_V, i16 %out_stream_V_strb_V, i1 0, i1 %out_stream_V_last_V, i1 0, i1 0, void @empty_6"   --->   Operation 22 'specaxissidechannel' 'specaxissidechannel_ln0' <Predicate = true> <Delay = 0.00>
ST_1 : Operation 23 [1/1] (0.00ns)   --->   "%specaxissidechannel_ln0 = specaxissidechannel void @_ssdm_op_SpecAXISSideChannel, i32 %in_stream_V_data_V, i4 %in_stream_V_keep_V, i4 %in_stream_V_strb_V, i1 0, i1 %in_stream_V_last_V, i1 0, i1 0, void @empty_7"   --->   Operation 23 'specaxissidechannel' 'specaxissidechannel_ln0' <Predicate = true> <Delay = 0.00>
ST_1 : Operation 24 [1/1] (0.00ns)   --->   "%specinterface_ln0 = specinterface void @_ssdm_op_SpecInterface, i1 %out_stream_V_last_V, i16 %out_stream_V_strb_V, i16 %out_stream_V_keep_V, i128 %out_stream_V_data_V, void @empty, i32 0, i32 0, void @empty_0, i32 0, i32 0, void @empty_1, void @empty_1, void @empty_1, i32 0, i32 0, i32 0, i32 0, void @empty_1, void @empty_1, i32 4294967295, i32 0, i32 0"   --->   Operation 24 'specinterface' 'specinterface_ln0' <Predicate = true> <Delay = 0.00>
ST_1 : Operation 25 [1/1] (0.00ns)   --->   "%specinterface_ln0 = specinterface void @_ssdm_op_SpecInterface, i1 %in_stream_V_last_V, i4 %in_stream_V_strb_V, i4 %in_stream_V_keep_V, i32 %in_stream_V_data_V, void @empty, i32 0, i32 0, void @empty_0, i32 0, i32 0, void @empty_1, void @empty_1, void @empty_1, i32 0, i32 0, i32 0, i32 0, void @empty_1, void @empty_1, i32 4294967295, i32 0, i32 0"   --->   Operation 25 'specinterface' 'specinterface_ln0' <Predicate = true> <Delay = 0.00>
ST_1 : Operation 26 [1/1] (0.00ns)   --->   "%sub_read = read i29 @_ssdm_op_Read.ap_auto.i29, i29 %sub"   --->   Operation 26 'read' 'sub_read' <Predicate = true> <Delay = 0.00>
ST_1 : Operation 27 [1/1] (0.00ns)   --->   "%num_packs_read = read i29 @_ssdm_op_Read.ap_auto.i29, i29 %num_packs"   --->   Operation 27 'read' 'num_packs_read' <Predicate = true> <Delay = 0.00>
ST_1 : Operation 28 [1/1] (0.38ns)   --->   "%store_ln24 = store i28 0, i28 %i" [kernel.cpp:24]   --->   Operation 28 'store' 'store_ln24' <Predicate = true> <Delay = 0.38>
ST_1 : Operation 29 [1/1] (0.00ns)   --->   "%br_ln24 = br void %VITIS_LOOP_36_1" [kernel.cpp:24]   --->   Operation 29 'br' 'br_ln24' <Predicate = true> <Delay = 0.00>
ST_1 : Operation 30 [1/1] (0.00ns)   --->   "%i_2 = load i28 %i" [kernel.cpp:24]   --->   Operation 30 'load' 'i_2' <Predicate = true> <Delay = 0.00>
ST_1 : Operation 31 [1/1] (0.00ns)   --->   "%zext_ln24 = zext i28 %i_2" [kernel.cpp:24]   --->   Operation 31 'zext' 'zext_ln24' <Predicate = true> <Delay = 0.00>
ST_1 : Operation 32 [1/1] (0.86ns)   --->   "%icmp_ln24 = icmp_slt  i29 %zext_ln24, i29 %num_packs_read" [kernel.cpp:24]   --->   Operation 32 'icmp' 'icmp_ln24' <Predicate = true> <Delay = 0.86> <CoreInst = "Cmp">   --->   Core 9 'Cmp' <Latency = 0> <II = 1> <Delay = 0.86> <FuncUnit> <Opcode : 'seteq' 'setne' 'setle' 'setge' 'setlt' 'setgt'> <InPorts = 2> <OutPorts = 1>
ST_1 : Operation 33 [1/1] (0.00ns)   --->   "%br_ln24 = br i1 %icmp_ln24, void %for.end13.loopexit.exitStub, void %VITIS_LOOP_36_1.split" [kernel.cpp:24]   --->   Operation 33 'br' 'br_ln24' <Predicate = true> <Delay = 0.00>
ST_1 : Operation 34 [1/1] (0.85ns)   --->   "%i_1 = add i28 %i_2, i28 1" [kernel.cpp:24]   --->   Operation 34 'add' 'i_1' <Predicate = (icmp_ln24)> <Delay = 0.85> <CoreInst = "Adder">   --->   Core 1 'Adder' <Latency = 0> <II = 1> <Delay = 0.85> <FuncUnit> <Opcode : 'add' 'sub'> <InPorts = 2> <OutPorts = 1>
ST_1 : Operation 35 [1/1] (0.07ns)   --->   "%empty = read i41 @_ssdm_op_Read.axis.volatile.i32P0A.i4P0A.i4P0A.i1P0A, i32 %in_stream_V_data_V, i4 %in_stream_V_keep_V, i4 %in_stream_V_strb_V, i1 %in_stream_V_last_V" [kernel.cpp:37]   --->   Operation 35 'read' 'empty' <Predicate = (icmp_ln24)> <Delay = 0.07> <CoreInst = "regslice">   --->   Core 148 'regslice' <Latency = 0> <II = 1> <Delay = 0.65> <Adapter> <Opcode : 'read' 'write'>
ST_1 : Operation 36 [1/1] (0.00ns)   --->   "%f_p_data = extractvalue i41 %empty" [kernel.cpp:37]   --->   Operation 36 'extractvalue' 'f_p_data' <Predicate = (icmp_ln24)> <Delay = 0.00>
ST_1 : Operation 37 [1/1] (0.86ns)   --->   "%p_out_last = icmp_eq  i29 %zext_ln24, i29 %sub_read" [kernel.cpp:55]   --->   Operation 37 'icmp' 'p_out_last' <Predicate = (icmp_ln24)> <Delay = 0.86> <CoreInst = "Cmp">   --->   Core 9 'Cmp' <Latency = 0> <II = 1> <Delay = 0.86> <FuncUnit> <Opcode : 'seteq' 'setne' 'setle' 'setge' 'setlt' 'setgt'> <InPorts = 2> <OutPorts = 1>
ST_1 : Operation 38 [1/1] (0.38ns)   --->   "%store_ln24 = store i28 %i_1, i28 %i" [kernel.cpp:24]   --->   Operation 38 'store' 'store_ln24' <Predicate = (icmp_ln24)> <Delay = 0.38>

State 2 <SV = 1> <Delay = 2.59>
ST_2 : Operation 39 [1/1] (0.00ns)   --->   "%val = bitcast i32 %f_p_data" [kernel.cpp:40]   --->   Operation 39 'bitcast' 'val' <Predicate = (icmp_ln24)> <Delay = 0.00>
ST_2 : Operation 40 [2/2] (2.59ns)   --->   "%i8 = call i8 @__hls_fptosi_float_i8, i32 %val" [kernel.cpp:44]   --->   Operation 40 'call' 'i8' <Predicate = (icmp_ln24)> <Delay = 2.59> <CoreType = "Generic">   --->   Core 0 '' <Latency = 0> <II = 1> <Delay = 1.00> <Generic> <Opcode : >
ST_2 : Operation 41 [1/1] (0.07ns)   --->   "%empty_17 = read i41 @_ssdm_op_Read.axis.volatile.i32P0A.i4P0A.i4P0A.i1P0A, i32 %in_stream_V_data_V, i4 %in_stream_V_keep_V, i4 %in_stream_V_strb_V, i1 %in_stream_V_last_V" [kernel.cpp:37]   --->   Operation 41 'read' 'empty_17' <Predicate = (icmp_ln24)> <Delay = 0.07> <CoreInst = "regslice">   --->   Core 148 'regslice' <Latency = 0> <II = 1> <Delay = 0.65> <Adapter> <Opcode : 'read' 'write'>
ST_2 : Operation 42 [1/1] (0.00ns)   --->   "%f_p_data_1 = extractvalue i41 %empty_17" [kernel.cpp:37]   --->   Operation 42 'extractvalue' 'f_p_data_1' <Predicate = (icmp_ln24)> <Delay = 0.00>
ST_2 : Operation 123 [1/1] (0.38ns)   --->   "%ret_ln0 = ret"   --->   Operation 123 'ret' 'ret_ln0' <Predicate = (!icmp_ln24)> <Delay = 0.38>

State 3 <SV = 2> <Delay = 2.59>
ST_3 : Operation 43 [1/2] (1.00ns)   --->   "%i8 = call i8 @__hls_fptosi_float_i8, i32 %val" [kernel.cpp:44]   --->   Operation 43 'call' 'i8' <Predicate = (icmp_ln24)> <Delay = 1.00> <CoreType = "Generic">   --->   Core 0 '' <Latency = 0> <II = 1> <Delay = 1.00> <Generic> <Opcode : >
ST_3 : Operation 44 [1/1] (0.00ns)   --->   "%val_1 = bitcast i32 %f_p_data_1" [kernel.cpp:40]   --->   Operation 44 'bitcast' 'val_1' <Predicate = (icmp_ln24)> <Delay = 0.00>
ST_3 : Operation 45 [2/2] (2.59ns)   --->   "%i8_1 = call i8 @__hls_fptosi_float_i8, i32 %val_1" [kernel.cpp:44]   --->   Operation 45 'call' 'i8_1' <Predicate = (icmp_ln24)> <Delay = 2.59> <CoreType = "Generic">   --->   Core 0 '' <Latency = 0> <II = 1> <Delay = 1.00> <Generic> <Opcode : >
ST_3 : Operation 46 [1/1] (0.07ns)   --->   "%empty_18 = read i41 @_ssdm_op_Read.axis.volatile.i32P0A.i4P0A.i4P0A.i1P0A, i32 %in_stream_V_data_V, i4 %in_stream_V_keep_V, i4 %in_stream_V_strb_V, i1 %in_stream_V_last_V" [kernel.cpp:37]   --->   Operation 46 'read' 'empty_18' <Predicate = (icmp_ln24)> <Delay = 0.07> <CoreInst = "regslice">   --->   Core 148 'regslice' <Latency = 0> <II = 1> <Delay = 0.65> <Adapter> <Opcode : 'read' 'write'>
ST_3 : Operation 47 [1/1] (0.00ns)   --->   "%f_p_data_2 = extractvalue i41 %empty_18" [kernel.cpp:37]   --->   Operation 47 'extractvalue' 'f_p_data_2' <Predicate = (icmp_ln24)> <Delay = 0.00>

State 4 <SV = 3> <Delay = 2.59>
ST_4 : Operation 48 [1/2] (1.00ns)   --->   "%i8_1 = call i8 @__hls_fptosi_float_i8, i32 %val_1" [kernel.cpp:44]   --->   Operation 48 'call' 'i8_1' <Predicate = (icmp_ln24)> <Delay = 1.00> <CoreType = "Generic">   --->   Core 0 '' <Latency = 0> <II = 1> <Delay = 1.00> <Generic> <Opcode : >
ST_4 : Operation 49 [1/1] (0.00ns)   --->   "%val_2 = bitcast i32 %f_p_data_2" [kernel.cpp:40]   --->   Operation 49 'bitcast' 'val_2' <Predicate = (icmp_ln24)> <Delay = 0.00>
ST_4 : Operation 50 [2/2] (2.59ns)   --->   "%i8_2 = call i8 @__hls_fptosi_float_i8, i32 %val_2" [kernel.cpp:44]   --->   Operation 50 'call' 'i8_2' <Predicate = (icmp_ln24)> <Delay = 2.59> <CoreType = "Generic">   --->   Core 0 '' <Latency = 0> <II = 1> <Delay = 1.00> <Generic> <Opcode : >
ST_4 : Operation 51 [1/1] (0.07ns)   --->   "%empty_19 = read i41 @_ssdm_op_Read.axis.volatile.i32P0A.i4P0A.i4P0A.i1P0A, i32 %in_stream_V_data_V, i4 %in_stream_V_keep_V, i4 %in_stream_V_strb_V, i1 %in_stream_V_last_V" [kernel.cpp:37]   --->   Operation 51 'read' 'empty_19' <Predicate = (icmp_ln24)> <Delay = 0.07> <CoreInst = "regslice">   --->   Core 148 'regslice' <Latency = 0> <II = 1> <Delay = 0.65> <Adapter> <Opcode : 'read' 'write'>
ST_4 : Operation 52 [1/1] (0.00ns)   --->   "%f_p_data_3 = extractvalue i41 %empty_19" [kernel.cpp:37]   --->   Operation 52 'extractvalue' 'f_p_data_3' <Predicate = (icmp_ln24)> <Delay = 0.00>

State 5 <SV = 4> <Delay = 2.59>
ST_5 : Operation 53 [1/2] (1.00ns)   --->   "%i8_2 = call i8 @__hls_fptosi_float_i8, i32 %val_2" [kernel.cpp:44]   --->   Operation 53 'call' 'i8_2' <Predicate = (icmp_ln24)> <Delay = 1.00> <CoreType = "Generic">   --->   Core 0 '' <Latency = 0> <II = 1> <Delay = 1.00> <Generic> <Opcode : >
ST_5 : Operation 54 [1/1] (0.00ns)   --->   "%val_3 = bitcast i32 %f_p_data_3" [kernel.cpp:40]   --->   Operation 54 'bitcast' 'val_3' <Predicate = (icmp_ln24)> <Delay = 0.00>
ST_5 : Operation 55 [2/2] (2.59ns)   --->   "%i8_3 = call i8 @__hls_fptosi_float_i8, i32 %val_3" [kernel.cpp:44]   --->   Operation 55 'call' 'i8_3' <Predicate = (icmp_ln24)> <Delay = 2.59> <CoreType = "Generic">   --->   Core 0 '' <Latency = 0> <II = 1> <Delay = 1.00> <Generic> <Opcode : >
ST_5 : Operation 56 [1/1] (0.07ns)   --->   "%empty_20 = read i41 @_ssdm_op_Read.axis.volatile.i32P0A.i4P0A.i4P0A.i1P0A, i32 %in_stream_V_data_V, i4 %in_stream_V_keep_V, i4 %in_stream_V_strb_V, i1 %in_stream_V_last_V" [kernel.cpp:37]   --->   Operation 56 'read' 'empty_20' <Predicate = (icmp_ln24)> <Delay = 0.07> <CoreInst = "regslice">   --->   Core 148 'regslice' <Latency = 0> <II = 1> <Delay = 0.65> <Adapter> <Opcode : 'read' 'write'>
ST_5 : Operation 57 [1/1] (0.00ns)   --->   "%f_p_data_4 = extractvalue i41 %empty_20" [kernel.cpp:37]   --->   Operation 57 'extractvalue' 'f_p_data_4' <Predicate = (icmp_ln24)> <Delay = 0.00>

State 6 <SV = 5> <Delay = 2.59>
ST_6 : Operation 58 [1/2] (1.00ns)   --->   "%i8_3 = call i8 @__hls_fptosi_float_i8, i32 %val_3" [kernel.cpp:44]   --->   Operation 58 'call' 'i8_3' <Predicate = (icmp_ln24)> <Delay = 1.00> <CoreType = "Generic">   --->   Core 0 '' <Latency = 0> <II = 1> <Delay = 1.00> <Generic> <Opcode : >
ST_6 : Operation 59 [1/1] (0.00ns)   --->   "%val_4 = bitcast i32 %f_p_data_4" [kernel.cpp:40]   --->   Operation 59 'bitcast' 'val_4' <Predicate = (icmp_ln24)> <Delay = 0.00>
ST_6 : Operation 60 [2/2] (2.59ns)   --->   "%i8_4 = call i8 @__hls_fptosi_float_i8, i32 %val_4" [kernel.cpp:44]   --->   Operation 60 'call' 'i8_4' <Predicate = (icmp_ln24)> <Delay = 2.59> <CoreType = "Generic">   --->   Core 0 '' <Latency = 0> <II = 1> <Delay = 1.00> <Generic> <Opcode : >
ST_6 : Operation 61 [1/1] (0.07ns)   --->   "%empty_21 = read i41 @_ssdm_op_Read.axis.volatile.i32P0A.i4P0A.i4P0A.i1P0A, i32 %in_stream_V_data_V, i4 %in_stream_V_keep_V, i4 %in_stream_V_strb_V, i1 %in_stream_V_last_V" [kernel.cpp:37]   --->   Operation 61 'read' 'empty_21' <Predicate = (icmp_ln24)> <Delay = 0.07> <CoreInst = "regslice">   --->   Core 148 'regslice' <Latency = 0> <II = 1> <Delay = 0.65> <Adapter> <Opcode : 'read' 'write'>
ST_6 : Operation 62 [1/1] (0.00ns)   --->   "%f_p_data_5 = extractvalue i41 %empty_21" [kernel.cpp:37]   --->   Operation 62 'extractvalue' 'f_p_data_5' <Predicate = (icmp_ln24)> <Delay = 0.00>

State 7 <SV = 6> <Delay = 2.59>
ST_7 : Operation 63 [1/2] (1.00ns)   --->   "%i8_4 = call i8 @__hls_fptosi_float_i8, i32 %val_4" [kernel.cpp:44]   --->   Operation 63 'call' 'i8_4' <Predicate = (icmp_ln24)> <Delay = 1.00> <CoreType = "Generic">   --->   Core 0 '' <Latency = 0> <II = 1> <Delay = 1.00> <Generic> <Opcode : >
ST_7 : Operation 64 [1/1] (0.00ns)   --->   "%val_5 = bitcast i32 %f_p_data_5" [kernel.cpp:40]   --->   Operation 64 'bitcast' 'val_5' <Predicate = (icmp_ln24)> <Delay = 0.00>
ST_7 : Operation 65 [2/2] (2.59ns)   --->   "%i8_5 = call i8 @__hls_fptosi_float_i8, i32 %val_5" [kernel.cpp:44]   --->   Operation 65 'call' 'i8_5' <Predicate = (icmp_ln24)> <Delay = 2.59> <CoreType = "Generic">   --->   Core 0 '' <Latency = 0> <II = 1> <Delay = 1.00> <Generic> <Opcode : >
ST_7 : Operation 66 [1/1] (0.07ns)   --->   "%empty_22 = read i41 @_ssdm_op_Read.axis.volatile.i32P0A.i4P0A.i4P0A.i1P0A, i32 %in_stream_V_data_V, i4 %in_stream_V_keep_V, i4 %in_stream_V_strb_V, i1 %in_stream_V_last_V" [kernel.cpp:37]   --->   Operation 66 'read' 'empty_22' <Predicate = (icmp_ln24)> <Delay = 0.07> <CoreInst = "regslice">   --->   Core 148 'regslice' <Latency = 0> <II = 1> <Delay = 0.65> <Adapter> <Opcode : 'read' 'write'>
ST_7 : Operation 67 [1/1] (0.00ns)   --->   "%f_p_data_6 = extractvalue i41 %empty_22" [kernel.cpp:37]   --->   Operation 67 'extractvalue' 'f_p_data_6' <Predicate = (icmp_ln24)> <Delay = 0.00>

State 8 <SV = 7> <Delay = 2.59>
ST_8 : Operation 68 [1/2] (1.00ns)   --->   "%i8_5 = call i8 @__hls_fptosi_float_i8, i32 %val_5" [kernel.cpp:44]   --->   Operation 68 'call' 'i8_5' <Predicate = (icmp_ln24)> <Delay = 1.00> <CoreType = "Generic">   --->   Core 0 '' <Latency = 0> <II = 1> <Delay = 1.00> <Generic> <Opcode : >
ST_8 : Operation 69 [1/1] (0.00ns)   --->   "%val_6 = bitcast i32 %f_p_data_6" [kernel.cpp:40]   --->   Operation 69 'bitcast' 'val_6' <Predicate = (icmp_ln24)> <Delay = 0.00>
ST_8 : Operation 70 [2/2] (2.59ns)   --->   "%i8_6 = call i8 @__hls_fptosi_float_i8, i32 %val_6" [kernel.cpp:44]   --->   Operation 70 'call' 'i8_6' <Predicate = (icmp_ln24)> <Delay = 2.59> <CoreType = "Generic">   --->   Core 0 '' <Latency = 0> <II = 1> <Delay = 1.00> <Generic> <Opcode : >
ST_8 : Operation 71 [1/1] (0.07ns)   --->   "%empty_23 = read i41 @_ssdm_op_Read.axis.volatile.i32P0A.i4P0A.i4P0A.i1P0A, i32 %in_stream_V_data_V, i4 %in_stream_V_keep_V, i4 %in_stream_V_strb_V, i1 %in_stream_V_last_V" [kernel.cpp:37]   --->   Operation 71 'read' 'empty_23' <Predicate = (icmp_ln24)> <Delay = 0.07> <CoreInst = "regslice">   --->   Core 148 'regslice' <Latency = 0> <II = 1> <Delay = 0.65> <Adapter> <Opcode : 'read' 'write'>
ST_8 : Operation 72 [1/1] (0.00ns)   --->   "%f_p_data_7 = extractvalue i41 %empty_23" [kernel.cpp:37]   --->   Operation 72 'extractvalue' 'f_p_data_7' <Predicate = (icmp_ln24)> <Delay = 0.00>

State 9 <SV = 8> <Delay = 2.59>
ST_9 : Operation 73 [1/2] (1.00ns)   --->   "%i8_6 = call i8 @__hls_fptosi_float_i8, i32 %val_6" [kernel.cpp:44]   --->   Operation 73 'call' 'i8_6' <Predicate = (icmp_ln24)> <Delay = 1.00> <CoreType = "Generic">   --->   Core 0 '' <Latency = 0> <II = 1> <Delay = 1.00> <Generic> <Opcode : >
ST_9 : Operation 74 [1/1] (0.00ns)   --->   "%val_7 = bitcast i32 %f_p_data_7" [kernel.cpp:40]   --->   Operation 74 'bitcast' 'val_7' <Predicate = (icmp_ln24)> <Delay = 0.00>
ST_9 : Operation 75 [2/2] (2.59ns)   --->   "%i8_7 = call i8 @__hls_fptosi_float_i8, i32 %val_7" [kernel.cpp:44]   --->   Operation 75 'call' 'i8_7' <Predicate = (icmp_ln24)> <Delay = 2.59> <CoreType = "Generic">   --->   Core 0 '' <Latency = 0> <II = 1> <Delay = 1.00> <Generic> <Opcode : >
ST_9 : Operation 76 [1/1] (0.07ns)   --->   "%empty_24 = read i41 @_ssdm_op_Read.axis.volatile.i32P0A.i4P0A.i4P0A.i1P0A, i32 %in_stream_V_data_V, i4 %in_stream_V_keep_V, i4 %in_stream_V_strb_V, i1 %in_stream_V_last_V" [kernel.cpp:37]   --->   Operation 76 'read' 'empty_24' <Predicate = (icmp_ln24)> <Delay = 0.07> <CoreInst = "regslice">   --->   Core 148 'regslice' <Latency = 0> <II = 1> <Delay = 0.65> <Adapter> <Opcode : 'read' 'write'>
ST_9 : Operation 77 [1/1] (0.00ns)   --->   "%f_p_data_8 = extractvalue i41 %empty_24" [kernel.cpp:37]   --->   Operation 77 'extractvalue' 'f_p_data_8' <Predicate = (icmp_ln24)> <Delay = 0.00>

State 10 <SV = 9> <Delay = 2.59>
ST_10 : Operation 78 [1/2] (1.00ns)   --->   "%i8_7 = call i8 @__hls_fptosi_float_i8, i32 %val_7" [kernel.cpp:44]   --->   Operation 78 'call' 'i8_7' <Predicate = (icmp_ln24)> <Delay = 1.00> <CoreType = "Generic">   --->   Core 0 '' <Latency = 0> <II = 1> <Delay = 1.00> <Generic> <Opcode : >
ST_10 : Operation 79 [1/1] (0.00ns)   --->   "%val_8 = bitcast i32 %f_p_data_8" [kernel.cpp:40]   --->   Operation 79 'bitcast' 'val_8' <Predicate = (icmp_ln24)> <Delay = 0.00>
ST_10 : Operation 80 [2/2] (2.59ns)   --->   "%i8_8 = call i8 @__hls_fptosi_float_i8, i32 %val_8" [kernel.cpp:44]   --->   Operation 80 'call' 'i8_8' <Predicate = (icmp_ln24)> <Delay = 2.59> <CoreType = "Generic">   --->   Core 0 '' <Latency = 0> <II = 1> <Delay = 1.00> <Generic> <Opcode : >
ST_10 : Operation 81 [1/1] (0.07ns)   --->   "%empty_25 = read i41 @_ssdm_op_Read.axis.volatile.i32P0A.i4P0A.i4P0A.i1P0A, i32 %in_stream_V_data_V, i4 %in_stream_V_keep_V, i4 %in_stream_V_strb_V, i1 %in_stream_V_last_V" [kernel.cpp:37]   --->   Operation 81 'read' 'empty_25' <Predicate = (icmp_ln24)> <Delay = 0.07> <CoreInst = "regslice">   --->   Core 148 'regslice' <Latency = 0> <II = 1> <Delay = 0.65> <Adapter> <Opcode : 'read' 'write'>
ST_10 : Operation 82 [1/1] (0.00ns)   --->   "%f_p_data_9 = extractvalue i41 %empty_25" [kernel.cpp:37]   --->   Operation 82 'extractvalue' 'f_p_data_9' <Predicate = (icmp_ln24)> <Delay = 0.00>

State 11 <SV = 10> <Delay = 2.59>
ST_11 : Operation 83 [1/2] (1.00ns)   --->   "%i8_8 = call i8 @__hls_fptosi_float_i8, i32 %val_8" [kernel.cpp:44]   --->   Operation 83 'call' 'i8_8' <Predicate = (icmp_ln24)> <Delay = 1.00> <CoreType = "Generic">   --->   Core 0 '' <Latency = 0> <II = 1> <Delay = 1.00> <Generic> <Opcode : >
ST_11 : Operation 84 [1/1] (0.00ns)   --->   "%val_9 = bitcast i32 %f_p_data_9" [kernel.cpp:40]   --->   Operation 84 'bitcast' 'val_9' <Predicate = (icmp_ln24)> <Delay = 0.00>
ST_11 : Operation 85 [2/2] (2.59ns)   --->   "%i8_9 = call i8 @__hls_fptosi_float_i8, i32 %val_9" [kernel.cpp:44]   --->   Operation 85 'call' 'i8_9' <Predicate = (icmp_ln24)> <Delay = 2.59> <CoreType = "Generic">   --->   Core 0 '' <Latency = 0> <II = 1> <Delay = 1.00> <Generic> <Opcode : >
ST_11 : Operation 86 [1/1] (0.07ns)   --->   "%empty_26 = read i41 @_ssdm_op_Read.axis.volatile.i32P0A.i4P0A.i4P0A.i1P0A, i32 %in_stream_V_data_V, i4 %in_stream_V_keep_V, i4 %in_stream_V_strb_V, i1 %in_stream_V_last_V" [kernel.cpp:37]   --->   Operation 86 'read' 'empty_26' <Predicate = (icmp_ln24)> <Delay = 0.07> <CoreInst = "regslice">   --->   Core 148 'regslice' <Latency = 0> <II = 1> <Delay = 0.65> <Adapter> <Opcode : 'read' 'write'>
ST_11 : Operation 87 [1/1] (0.00ns)   --->   "%f_p_data_10 = extractvalue i41 %empty_26" [kernel.cpp:37]   --->   Operation 87 'extractvalue' 'f_p_data_10' <Predicate = (icmp_ln24)> <Delay = 0.00>

State 12 <SV = 11> <Delay = 2.59>
ST_12 : Operation 88 [1/2] (1.00ns)   --->   "%i8_9 = call i8 @__hls_fptosi_float_i8, i32 %val_9" [kernel.cpp:44]   --->   Operation 88 'call' 'i8_9' <Predicate = (icmp_ln24)> <Delay = 1.00> <CoreType = "Generic">   --->   Core 0 '' <Latency = 0> <II = 1> <Delay = 1.00> <Generic> <Opcode : >
ST_12 : Operation 89 [1/1] (0.00ns)   --->   "%val_10 = bitcast i32 %f_p_data_10" [kernel.cpp:40]   --->   Operation 89 'bitcast' 'val_10' <Predicate = (icmp_ln24)> <Delay = 0.00>
ST_12 : Operation 90 [2/2] (2.59ns)   --->   "%i8_10 = call i8 @__hls_fptosi_float_i8, i32 %val_10" [kernel.cpp:44]   --->   Operation 90 'call' 'i8_10' <Predicate = (icmp_ln24)> <Delay = 2.59> <CoreType = "Generic">   --->   Core 0 '' <Latency = 0> <II = 1> <Delay = 1.00> <Generic> <Opcode : >
ST_12 : Operation 91 [1/1] (0.07ns)   --->   "%empty_27 = read i41 @_ssdm_op_Read.axis.volatile.i32P0A.i4P0A.i4P0A.i1P0A, i32 %in_stream_V_data_V, i4 %in_stream_V_keep_V, i4 %in_stream_V_strb_V, i1 %in_stream_V_last_V" [kernel.cpp:37]   --->   Operation 91 'read' 'empty_27' <Predicate = (icmp_ln24)> <Delay = 0.07> <CoreInst = "regslice">   --->   Core 148 'regslice' <Latency = 0> <II = 1> <Delay = 0.65> <Adapter> <Opcode : 'read' 'write'>
ST_12 : Operation 92 [1/1] (0.00ns)   --->   "%f_p_data_11 = extractvalue i41 %empty_27" [kernel.cpp:37]   --->   Operation 92 'extractvalue' 'f_p_data_11' <Predicate = (icmp_ln24)> <Delay = 0.00>

State 13 <SV = 12> <Delay = 2.59>
ST_13 : Operation 93 [1/2] (1.00ns)   --->   "%i8_10 = call i8 @__hls_fptosi_float_i8, i32 %val_10" [kernel.cpp:44]   --->   Operation 93 'call' 'i8_10' <Predicate = (icmp_ln24)> <Delay = 1.00> <CoreType = "Generic">   --->   Core 0 '' <Latency = 0> <II = 1> <Delay = 1.00> <Generic> <Opcode : >
ST_13 : Operation 94 [1/1] (0.00ns)   --->   "%val_11 = bitcast i32 %f_p_data_11" [kernel.cpp:40]   --->   Operation 94 'bitcast' 'val_11' <Predicate = (icmp_ln24)> <Delay = 0.00>
ST_13 : Operation 95 [2/2] (2.59ns)   --->   "%i8_11 = call i8 @__hls_fptosi_float_i8, i32 %val_11" [kernel.cpp:44]   --->   Operation 95 'call' 'i8_11' <Predicate = (icmp_ln24)> <Delay = 2.59> <CoreType = "Generic">   --->   Core 0 '' <Latency = 0> <II = 1> <Delay = 1.00> <Generic> <Opcode : >
ST_13 : Operation 96 [1/1] (0.07ns)   --->   "%empty_28 = read i41 @_ssdm_op_Read.axis.volatile.i32P0A.i4P0A.i4P0A.i1P0A, i32 %in_stream_V_data_V, i4 %in_stream_V_keep_V, i4 %in_stream_V_strb_V, i1 %in_stream_V_last_V" [kernel.cpp:37]   --->   Operation 96 'read' 'empty_28' <Predicate = (icmp_ln24)> <Delay = 0.07> <CoreInst = "regslice">   --->   Core 148 'regslice' <Latency = 0> <II = 1> <Delay = 0.65> <Adapter> <Opcode : 'read' 'write'>
ST_13 : Operation 97 [1/1] (0.00ns)   --->   "%f_p_data_12 = extractvalue i41 %empty_28" [kernel.cpp:37]   --->   Operation 97 'extractvalue' 'f_p_data_12' <Predicate = (icmp_ln24)> <Delay = 0.00>

State 14 <SV = 13> <Delay = 2.59>
ST_14 : Operation 98 [1/2] (1.00ns)   --->   "%i8_11 = call i8 @__hls_fptosi_float_i8, i32 %val_11" [kernel.cpp:44]   --->   Operation 98 'call' 'i8_11' <Predicate = (icmp_ln24)> <Delay = 1.00> <CoreType = "Generic">   --->   Core 0 '' <Latency = 0> <II = 1> <Delay = 1.00> <Generic> <Opcode : >
ST_14 : Operation 99 [1/1] (0.00ns)   --->   "%val_12 = bitcast i32 %f_p_data_12" [kernel.cpp:40]   --->   Operation 99 'bitcast' 'val_12' <Predicate = (icmp_ln24)> <Delay = 0.00>
ST_14 : Operation 100 [2/2] (2.59ns)   --->   "%i8_12 = call i8 @__hls_fptosi_float_i8, i32 %val_12" [kernel.cpp:44]   --->   Operation 100 'call' 'i8_12' <Predicate = (icmp_ln24)> <Delay = 2.59> <CoreType = "Generic">   --->   Core 0 '' <Latency = 0> <II = 1> <Delay = 1.00> <Generic> <Opcode : >
ST_14 : Operation 101 [1/1] (0.07ns)   --->   "%empty_29 = read i41 @_ssdm_op_Read.axis.volatile.i32P0A.i4P0A.i4P0A.i1P0A, i32 %in_stream_V_data_V, i4 %in_stream_V_keep_V, i4 %in_stream_V_strb_V, i1 %in_stream_V_last_V" [kernel.cpp:37]   --->   Operation 101 'read' 'empty_29' <Predicate = (icmp_ln24)> <Delay = 0.07> <CoreInst = "regslice">   --->   Core 148 'regslice' <Latency = 0> <II = 1> <Delay = 0.65> <Adapter> <Opcode : 'read' 'write'>
ST_14 : Operation 102 [1/1] (0.00ns)   --->   "%f_p_data_13 = extractvalue i41 %empty_29" [kernel.cpp:37]   --->   Operation 102 'extractvalue' 'f_p_data_13' <Predicate = (icmp_ln24)> <Delay = 0.00>

State 15 <SV = 14> <Delay = 2.59>
ST_15 : Operation 103 [1/2] (1.00ns)   --->   "%i8_12 = call i8 @__hls_fptosi_float_i8, i32 %val_12" [kernel.cpp:44]   --->   Operation 103 'call' 'i8_12' <Predicate = (icmp_ln24)> <Delay = 1.00> <CoreType = "Generic">   --->   Core 0 '' <Latency = 0> <II = 1> <Delay = 1.00> <Generic> <Opcode : >
ST_15 : Operation 104 [1/1] (0.00ns)   --->   "%val_13 = bitcast i32 %f_p_data_13" [kernel.cpp:40]   --->   Operation 104 'bitcast' 'val_13' <Predicate = (icmp_ln24)> <Delay = 0.00>
ST_15 : Operation 105 [2/2] (2.59ns)   --->   "%i8_13 = call i8 @__hls_fptosi_float_i8, i32 %val_13" [kernel.cpp:44]   --->   Operation 105 'call' 'i8_13' <Predicate = (icmp_ln24)> <Delay = 2.59> <CoreType = "Generic">   --->   Core 0 '' <Latency = 0> <II = 1> <Delay = 1.00> <Generic> <Opcode : >
ST_15 : Operation 106 [1/1] (0.07ns)   --->   "%empty_30 = read i41 @_ssdm_op_Read.axis.volatile.i32P0A.i4P0A.i4P0A.i1P0A, i32 %in_stream_V_data_V, i4 %in_stream_V_keep_V, i4 %in_stream_V_strb_V, i1 %in_stream_V_last_V" [kernel.cpp:37]   --->   Operation 106 'read' 'empty_30' <Predicate = (icmp_ln24)> <Delay = 0.07> <CoreInst = "regslice">   --->   Core 148 'regslice' <Latency = 0> <II = 1> <Delay = 0.65> <Adapter> <Opcode : 'read' 'write'>
ST_15 : Operation 107 [1/1] (0.00ns)   --->   "%f_p_data_14 = extractvalue i41 %empty_30" [kernel.cpp:37]   --->   Operation 107 'extractvalue' 'f_p_data_14' <Predicate = (icmp_ln24)> <Delay = 0.00>

State 16 <SV = 15> <Delay = 2.59>
ST_16 : Operation 108 [1/2] (1.00ns)   --->   "%i8_13 = call i8 @__hls_fptosi_float_i8, i32 %val_13" [kernel.cpp:44]   --->   Operation 108 'call' 'i8_13' <Predicate = (icmp_ln24)> <Delay = 1.00> <CoreType = "Generic">   --->   Core 0 '' <Latency = 0> <II = 1> <Delay = 1.00> <Generic> <Opcode : >
ST_16 : Operation 109 [1/1] (0.00ns)   --->   "%val_14 = bitcast i32 %f_p_data_14" [kernel.cpp:40]   --->   Operation 109 'bitcast' 'val_14' <Predicate = (icmp_ln24)> <Delay = 0.00>
ST_16 : Operation 110 [2/2] (2.59ns)   --->   "%i8_14 = call i8 @__hls_fptosi_float_i8, i32 %val_14" [kernel.cpp:44]   --->   Operation 110 'call' 'i8_14' <Predicate = (icmp_ln24)> <Delay = 2.59> <CoreType = "Generic">   --->   Core 0 '' <Latency = 0> <II = 1> <Delay = 1.00> <Generic> <Opcode : >
ST_16 : Operation 111 [1/1] (0.07ns)   --->   "%empty_31 = read i41 @_ssdm_op_Read.axis.volatile.i32P0A.i4P0A.i4P0A.i1P0A, i32 %in_stream_V_data_V, i4 %in_stream_V_keep_V, i4 %in_stream_V_strb_V, i1 %in_stream_V_last_V" [kernel.cpp:37]   --->   Operation 111 'read' 'empty_31' <Predicate = (icmp_ln24)> <Delay = 0.07> <CoreInst = "regslice">   --->   Core 148 'regslice' <Latency = 0> <II = 1> <Delay = 0.65> <Adapter> <Opcode : 'read' 'write'>
ST_16 : Operation 112 [1/1] (0.00ns)   --->   "%f_p_data_15 = extractvalue i41 %empty_31" [kernel.cpp:37]   --->   Operation 112 'extractvalue' 'f_p_data_15' <Predicate = (icmp_ln24)> <Delay = 0.00>

State 17 <SV = 16> <Delay = 2.59>
ST_17 : Operation 113 [1/2] (1.00ns)   --->   "%i8_14 = call i8 @__hls_fptosi_float_i8, i32 %val_14" [kernel.cpp:44]   --->   Operation 113 'call' 'i8_14' <Predicate = (icmp_ln24)> <Delay = 1.00> <CoreType = "Generic">   --->   Core 0 '' <Latency = 0> <II = 1> <Delay = 1.00> <Generic> <Opcode : >
ST_17 : Operation 114 [1/1] (0.00ns)   --->   "%val_15 = bitcast i32 %f_p_data_15" [kernel.cpp:40]   --->   Operation 114 'bitcast' 'val_15' <Predicate = true> <Delay = 0.00>
ST_17 : Operation 115 [2/2] (2.59ns)   --->   "%i8_15 = call i8 @__hls_fptosi_float_i8, i32 %val_15" [kernel.cpp:44]   --->   Operation 115 'call' 'i8_15' <Predicate = (icmp_ln24)> <Delay = 2.59> <CoreType = "Generic">   --->   Core 0 '' <Latency = 0> <II = 1> <Delay = 1.00> <Generic> <Opcode : >

State 18 <SV = 17> <Delay = 1.64>
ST_18 : Operation 116 [1/1] (0.00ns)   --->   "%specpipeline_ln25 = specpipeline void @_ssdm_op_SpecPipeline, i32 1, i32 0, i32 0, i32 0, void @empty_1" [kernel.cpp:25]   --->   Operation 116 'specpipeline' 'specpipeline_ln25' <Predicate = true> <Delay = 0.00>
ST_18 : Operation 117 [1/1] (0.00ns)   --->   "%speclooptripcount_ln24 = speclooptripcount void @_ssdm_op_SpecLoopTripCount, i64 0, i64 134217727, i64 67108863" [kernel.cpp:24]   --->   Operation 117 'speclooptripcount' 'speclooptripcount_ln24' <Predicate = true> <Delay = 0.00>
ST_18 : Operation 118 [1/1] (0.00ns)   --->   "%specloopname_ln24 = specloopname void @_ssdm_op_SpecLoopName, void @empty_9" [kernel.cpp:24]   --->   Operation 118 'specloopname' 'specloopname_ln24' <Predicate = true> <Delay = 0.00>
ST_18 : Operation 119 [1/2] (1.00ns)   --->   "%i8_15 = call i8 @__hls_fptosi_float_i8, i32 %val_15" [kernel.cpp:44]   --->   Operation 119 'call' 'i8_15' <Predicate = true> <Delay = 1.00> <CoreType = "Generic">   --->   Core 0 '' <Latency = 0> <II = 1> <Delay = 1.00> <Generic> <Opcode : >
ST_18 : Operation 120 [1/1] (0.00ns)   --->   "%pack_buffer = bitconcatenate i128 @_ssdm_op_BitConcatenate.i128.i8.i8.i8.i8.i8.i8.i8.i8.i8.i8.i8.i8.i8.i8.i8.i8, i8 %i8_15, i8 %i8_14, i8 %i8_13, i8 %i8_12, i8 %i8_11, i8 %i8_10, i8 %i8_9, i8 %i8_8, i8 %i8_7, i8 %i8_6, i8 %i8_5, i8 %i8_4, i8 %i8_3, i8 %i8_2, i8 %i8_1, i8 %i8" [kernel.cpp:49]   --->   Operation 120 'bitconcatenate' 'pack_buffer' <Predicate = true> <Delay = 0.00>
ST_18 : Operation 121 [1/1] (0.64ns)   --->   "%write_ln56 = write void @_ssdm_op_Write.axis.volatile.i128P0A.i16P0A.i16P0A.i1P0A, i128 %out_stream_V_data_V, i16 %out_stream_V_keep_V, i16 %out_stream_V_strb_V, i1 %out_stream_V_last_V, i128 %pack_buffer, i16 65535, i16 0, i1 %p_out_last" [kernel.cpp:56]   --->   Operation 121 'write' 'write_ln56' <Predicate = true> <Delay = 0.64> <CoreInst = "regslice">   --->   Core 148 'regslice' <Latency = 0> <II = 1> <Delay = 0.80> <Adapter> <Opcode : 'read' 'write'>
ST_18 : Operation 122 [1/1] (0.00ns)   --->   "%br_ln24 = br void %VITIS_LOOP_36_1" [kernel.cpp:24]   --->   Operation 122 'br' 'br_ln24' <Predicate = true> <Delay = 0.00>


============================================================
+ Verbose Summary: Binding
============================================================
STG Binding: 
---------------- STG Properties BEGIN ----------------
- Is combinational: 0
- Is one-state seq: 0
- Is datapath-only: 0
- Is pipelined: 0
- Is top level: 0
Port [ Return ] is wired: 1; IO mode=ap_ctrl_hs:ce=0
Port [ num_packs]:  wired=1; compound=0; hidden=0; nouse=0; global=0; static=0; extern=0; dir=0; type=0; pingpong=0; private_global=0; IO mode=ap_none:ce=0
Port [ in_stream_V_data_V]:  wired=1; compound=1; hidden=0; nouse=0; global=0; static=0; extern=0; dir=0; type=0; pingpong=0; private_global=0; IO mode=axis:ce=0
Port [ in_stream_V_keep_V]:  wired=1; compound=1; hidden=0; nouse=0; global=0; static=0; extern=0; dir=0; type=0; pingpong=0; private_global=0; IO mode=axis:ce=0
Port [ in_stream_V_strb_V]:  wired=1; compound=1; hidden=0; nouse=0; global=0; static=0; extern=0; dir=0; type=0; pingpong=0; private_global=0; IO mode=axis:ce=0
Port [ in_stream_V_last_V]:  wired=1; compound=1; hidden=0; nouse=0; global=0; static=0; extern=0; dir=0; type=0; pingpong=0; private_global=0; IO mode=axis:ce=0
Port [ sub]:  wired=1; compound=0; hidden=0; nouse=0; global=0; static=0; extern=0; dir=0; type=0; pingpong=0; private_global=0; IO mode=ap_none:ce=0
Port [ out_stream_V_data_V]:  wired=1; compound=1; hidden=0; nouse=0; global=0; static=0; extern=0; dir=1; type=0; pingpong=0; private_global=0; IO mode=axis:ce=0
Port [ out_stream_V_keep_V]:  wired=1; compound=1; hidden=0; nouse=0; global=0; static=0; extern=0; dir=1; type=0; pingpong=0; private_global=0; IO mode=axis:ce=0
Port [ out_stream_V_strb_V]:  wired=1; compound=1; hidden=0; nouse=0; global=0; static=0; extern=0; dir=1; type=0; pingpong=0; private_global=0; IO mode=axis:ce=0
Port [ out_stream_V_last_V]:  wired=1; compound=1; hidden=0; nouse=0; global=0; static=0; extern=0; dir=1; type=0; pingpong=0; private_global=0; IO mode=axis:ce=0
---------------- STG Properties END ------------------

---------------- Datapath Model BEGIN ----------------

<LifeTime>
<method=bitvector/>
i                       (alloca             ) [ 0100000000000000000]
specaxissidechannel_ln0 (specaxissidechannel) [ 0000000000000000000]
specaxissidechannel_ln0 (specaxissidechannel) [ 0000000000000000000]
specinterface_ln0       (specinterface      ) [ 0000000000000000000]
specinterface_ln0       (specinterface      ) [ 0000000000000000000]
sub_read                (read               ) [ 0000000000000000000]
num_packs_read          (read               ) [ 0000000000000000000]
store_ln24              (store              ) [ 0000000000000000000]
br_ln24                 (br                 ) [ 0000000000000000000]
i_2                     (load               ) [ 0000000000000000000]
zext_ln24               (zext               ) [ 0000000000000000000]
icmp_ln24               (icmp               ) [ 0111111111111111110]
br_ln24                 (br                 ) [ 0000000000000000000]
i_1                     (add                ) [ 0000000000000000000]
empty                   (read               ) [ 0000000000000000000]
f_p_data                (extractvalue       ) [ 0010000000000000000]
p_out_last              (icmp               ) [ 0111111111111111111]
store_ln24              (store              ) [ 0000000000000000000]
val                     (bitcast            ) [ 0000000000000000000]
empty_17                (read               ) [ 0000000000000000000]
f_p_data_1              (extractvalue       ) [ 0001000000000000000]
i8                      (call               ) [ 0110111111111111111]
val_1                   (bitcast            ) [ 0000000000000000000]
empty_18                (read               ) [ 0000000000000000000]
f_p_data_2              (extractvalue       ) [ 0000100000000000000]
i8_1                    (call               ) [ 0110011111111111111]
val_2                   (bitcast            ) [ 0000000000000000000]
empty_19                (read               ) [ 0000000000000000000]
f_p_data_3              (extractvalue       ) [ 0000010000000000000]
i8_2                    (call               ) [ 0110001111111111111]
val_3                   (bitcast            ) [ 0000000000000000000]
empty_20                (read               ) [ 0000000000000000000]
f_p_data_4              (extractvalue       ) [ 0000001000000000000]
i8_3                    (call               ) [ 0110000111111111111]
val_4                   (bitcast            ) [ 0000000000000000000]
empty_21                (read               ) [ 0000000000000000000]
f_p_data_5              (extractvalue       ) [ 0000000100000000000]
i8_4                    (call               ) [ 0110000011111111111]
val_5                   (bitcast            ) [ 0000000000000000000]
empty_22                (read               ) [ 0000000000000000000]
f_p_data_6              (extractvalue       ) [ 0000000010000000000]
i8_5                    (call               ) [ 0110000001111111111]
val_6                   (bitcast            ) [ 0000000000000000000]
empty_23                (read               ) [ 0000000000000000000]
f_p_data_7              (extractvalue       ) [ 0000000001000000000]
i8_6                    (call               ) [ 0110000000111111111]
val_7                   (bitcast            ) [ 0000000000000000000]
empty_24                (read               ) [ 0000000000000000000]
f_p_data_8              (extractvalue       ) [ 0000000000100000000]
i8_7                    (call               ) [ 0110000000011111111]
val_8                   (bitcast            ) [ 0000000000000000000]
empty_25                (read               ) [ 0000000000000000000]
f_p_data_9              (extractvalue       ) [ 0000000000010000000]
i8_8                    (call               ) [ 0110000000001111111]
val_9                   (bitcast            ) [ 0000000000000000000]
empty_26                (read               ) [ 0000000000000000000]
f_p_data_10             (extractvalue       ) [ 0000000000001000000]
i8_9                    (call               ) [ 0110000000000111111]
val_10                  (bitcast            ) [ 0000000000000000000]
empty_27                (read               ) [ 0000000000000000000]
f_p_data_11             (extractvalue       ) [ 0000000000000100000]
i8_10                   (call               ) [ 0110000000000011111]
val_11                  (bitcast            ) [ 0000000000000000000]
empty_28                (read               ) [ 0000000000000000000]
f_p_data_12             (extractvalue       ) [ 0000000000000010000]
i8_11                   (call               ) [ 0110000000000001111]
val_12                  (bitcast            ) [ 0000000000000000000]
empty_29                (read               ) [ 0000000000000000000]
f_p_data_13             (extractvalue       ) [ 0000000000000001000]
i8_12                   (call               ) [ 0110000000000000111]
val_13                  (bitcast            ) [ 0000000000000000000]
empty_30                (read               ) [ 0000000000000000000]
f_p_data_14             (extractvalue       ) [ 0000000000000000100]
i8_13                   (call               ) [ 0110000000000000011]
val_14                  (bitcast            ) [ 0000000000000000000]
empty_31                (read               ) [ 0000000000000000000]
f_p_data_15             (extractvalue       ) [ 0100000000000000010]
i8_14                   (call               ) [ 0010000000000000001]
val_15                  (bitcast            ) [ 0000000000000000000]
specpipeline_ln25       (specpipeline       ) [ 0000000000000000000]
speclooptripcount_ln24  (speclooptripcount  ) [ 0000000000000000000]
specloopname_ln24       (specloopname       ) [ 0000000000000000000]
i8_15                   (call               ) [ 0000000000000000000]
pack_buffer             (bitconcatenate     ) [ 0000000000000000000]
write_ln56              (write              ) [ 0000000000000000000]
br_ln24                 (br                 ) [ 0000000000000000000]
ret_ln0                 (ret                ) [ 0000000000000000000]
</LifeTime>

<model>

<comp_list>
<comp id="0" class="1000" name="num_packs">
<pin_list>
<pin id="1" dir="1" index="0" bw="1" slack="0"/>
</pin_list>
<bind>
<StgValue><ssdm name="num_packs"/></StgValue>
</bind>
</comp>

<comp id="2" class="1000" name="in_stream_V_data_V">
<pin_list>
<pin id="3" dir="1" index="0" bw="1" slack="0"/>
</pin_list>
<bind>
<StgValue><ssdm name="in_stream_V_data_V"/></StgValue>
</bind>
</comp>

<comp id="4" class="1000" name="in_stream_V_keep_V">
<pin_list>
<pin id="5" dir="1" index="0" bw="1" slack="0"/>
</pin_list>
<bind>
<StgValue><ssdm name="in_stream_V_keep_V"/></StgValue>
</bind>
</comp>

<comp id="6" class="1000" name="in_stream_V_strb_V">
<pin_list>
<pin id="7" dir="1" index="0" bw="1" slack="0"/>
</pin_list>
<bind>
<StgValue><ssdm name="in_stream_V_strb_V"/></StgValue>
</bind>
</comp>

<comp id="8" class="1000" name="in_stream_V_last_V">
<pin_list>
<pin id="9" dir="1" index="0" bw="1" slack="0"/>
</pin_list>
<bind>
<StgValue><ssdm name="in_stream_V_last_V"/></StgValue>
</bind>
</comp>

<comp id="10" class="1000" name="sub">
<pin_list>
<pin id="11" dir="1" index="0" bw="1" slack="0"/>
</pin_list>
<bind>
<StgValue><ssdm name="sub"/></StgValue>
</bind>
</comp>

<comp id="12" class="1000" name="out_stream_V_data_V">
<pin_list>
<pin id="13" dir="1" index="0" bw="1" slack="0"/>
</pin_list>
<bind>
<StgValue><ssdm name="out_stream_V_data_V"/></StgValue>
</bind>
</comp>

<comp id="14" class="1000" name="out_stream_V_keep_V">
<pin_list>
<pin id="15" dir="1" index="0" bw="1" slack="0"/>
</pin_list>
<bind>
<StgValue><ssdm name="out_stream_V_keep_V"/></StgValue>
</bind>
</comp>

<comp id="16" class="1000" name="out_stream_V_strb_V">
<pin_list>
<pin id="17" dir="1" index="0" bw="1" slack="0"/>
</pin_list>
<bind>
<StgValue><ssdm name="out_stream_V_strb_V"/></StgValue>
</bind>
</comp>

<comp id="18" class="1000" name="out_stream_V_last_V">
<pin_list>
<pin id="19" dir="1" index="0" bw="1" slack="0"/>
</pin_list>
<bind>
<StgValue><ssdm name="out_stream_V_last_V"/></StgValue>
</bind>
</comp>

<comp id="20" class="1001" name="const_20">
<pin_list>
<pin id="21" dir="1" index="0" bw="1" slack="0"/>
</pin_list>
<bind>
<StgValue><ssdm name=""/></StgValue>
</bind>
</comp>

<comp id="22" class="1001" name="const_22">
<pin_list>
<pin id="23" dir="1" index="0" bw="1" slack="2147483647"/>
</pin_list>
<bind>
<StgValue><ssdm name="_ssdm_op_SpecAXISSideChannel"/></StgValue>
</bind>
</comp>

<comp id="24" class="1001" name="const_24">
<pin_list>
<pin id="25" dir="1" index="0" bw="1" slack="2147483647"/>
</pin_list>
<bind>
<StgValue><ssdm name=""/></StgValue>
</bind>
</comp>

<comp id="26" class="1001" name="const_26">
<pin_list>
<pin id="27" dir="1" index="0" bw="1" slack="2147483647"/>
</pin_list>
<bind>
<StgValue><ssdm name="empty_6"/></StgValue>
</bind>
</comp>

<comp id="28" class="1001" name="const_28">
<pin_list>
<pin id="29" dir="1" index="0" bw="1" slack="2147483647"/>
</pin_list>
<bind>
<StgValue><ssdm name="empty_7"/></StgValue>
</bind>
</comp>

<comp id="30" class="1001" name="const_30">
<pin_list>
<pin id="31" dir="1" index="0" bw="1" slack="2147483647"/>
</pin_list>
<bind>
<StgValue><ssdm name="_ssdm_op_SpecInterface"/></StgValue>
</bind>
</comp>

<comp id="32" class="1001" name="const_32">
<pin_list>
<pin id="33" dir="1" index="0" bw="1" slack="2147483647"/>
</pin_list>
<bind>
<StgValue><ssdm name="empty"/></StgValue>
</bind>
</comp>

<comp id="34" class="1001" name="const_34">
<pin_list>
<pin id="35" dir="1" index="0" bw="1" slack="2147483647"/>
</pin_list>
<bind>
<StgValue><ssdm name=""/></StgValue>
</bind>
</comp>

<comp id="36" class="1001" name="const_36">
<pin_list>
<pin id="37" dir="1" index="0" bw="1" slack="2147483647"/>
</pin_list>
<bind>
<StgValue><ssdm name="empty_0"/></StgValue>
</bind>
</comp>

<comp id="38" class="1001" name="const_38">
<pin_list>
<pin id="39" dir="1" index="0" bw="1" slack="2147483647"/>
</pin_list>
<bind>
<StgValue><ssdm name="empty_1"/></StgValue>
</bind>
</comp>

<comp id="40" class="1001" name="const_40">
<pin_list>
<pin id="41" dir="1" index="0" bw="1" slack="2147483647"/>
</pin_list>
<bind>
<StgValue><ssdm name=""/></StgValue>
</bind>
</comp>

<comp id="42" class="1001" name="const_42">
<pin_list>
<pin id="43" dir="1" index="0" bw="1" slack="0"/>
</pin_list>
<bind>
<StgValue><ssdm name="_ssdm_op_Read.ap_auto.i29"/></StgValue>
</bind>
</comp>

<comp id="44" class="1001" name="const_44">
<pin_list>
<pin id="45" dir="1" index="0" bw="1" slack="0"/>
</pin_list>
<bind>
<StgValue><ssdm name=""/></StgValue>
</bind>
</comp>

<comp id="46" class="1001" name="const_46">
<pin_list>
<pin id="47" dir="1" index="0" bw="1" slack="0"/>
</pin_list>
<bind>
<StgValue><ssdm name=""/></StgValue>
</bind>
</comp>

<comp id="48" class="1001" name="const_48">
<pin_list>
<pin id="49" dir="1" index="0" bw="1" slack="0"/>
</pin_list>
<bind>
<StgValue><ssdm name="_ssdm_op_Read.axis.volatile.i32P0A.i4P0A.i4P0A.i1P0A"/></StgValue>
</bind>
</comp>

<comp id="50" class="1001" name="const_50">
<pin_list>
<pin id="51" dir="1" index="0" bw="1" slack="0"/>
</pin_list>
<bind>
<StgValue><ssdm name="__hls_fptosi_float_i8"/></StgValue>
</bind>
</comp>

<comp id="52" class="1001" name="const_52">
<pin_list>
<pin id="53" dir="1" index="0" bw="1" slack="2147483647"/>
</pin_list>
<bind>
<StgValue><ssdm name="_ssdm_op_SpecPipeline"/></StgValue>
</bind>
</comp>

<comp id="54" class="1001" name="const_54">
<pin_list>
<pin id="55" dir="1" index="0" bw="1" slack="2147483647"/>
</pin_list>
<bind>
<StgValue><ssdm name="_ssdm_op_SpecLoopTripCount"/></StgValue>
</bind>
</comp>

<comp id="56" class="1001" name="const_56">
<pin_list>
<pin id="57" dir="1" index="0" bw="1" slack="2147483647"/>
</pin_list>
<bind>
<StgValue><ssdm name=""/></StgValue>
</bind>
</comp>

<comp id="58" class="1001" name="const_58">
<pin_list>
<pin id="59" dir="1" index="0" bw="1" slack="2147483647"/>
</pin_list>
<bind>
<StgValue><ssdm name=""/></StgValue>
</bind>
</comp>

<comp id="60" class="1001" name="const_60">
<pin_list>
<pin id="61" dir="1" index="0" bw="1" slack="2147483647"/>
</pin_list>
<bind>
<StgValue><ssdm name=""/></StgValue>
</bind>
</comp>

<comp id="62" class="1001" name="const_62">
<pin_list>
<pin id="63" dir="1" index="0" bw="1" slack="2147483647"/>
</pin_list>
<bind>
<StgValue><ssdm name="_ssdm_op_SpecLoopName"/></StgValue>
</bind>
</comp>

<comp id="64" class="1001" name="const_64">
<pin_list>
<pin id="65" dir="1" index="0" bw="1" slack="2147483647"/>
</pin_list>
<bind>
<StgValue><ssdm name="empty_9"/></StgValue>
</bind>
</comp>

<comp id="66" class="1001" name="const_66">
<pin_list>
<pin id="67" dir="1" index="0" bw="1" slack="0"/>
</pin_list>
<bind>
<StgValue><ssdm name="_ssdm_op_BitConcatenate.i128.i8.i8.i8.i8.i8.i8.i8.i8.i8.i8.i8.i8.i8.i8.i8.i8"/></StgValue>
</bind>
</comp>

<comp id="68" class="1001" name="const_68">
<pin_list>
<pin id="69" dir="1" index="0" bw="1" slack="0"/>
</pin_list>
<bind>
<StgValue><ssdm name="_ssdm_op_Write.axis.volatile.i128P0A.i16P0A.i16P0A.i1P0A"/></StgValue>
</bind>
</comp>

<comp id="70" class="1001" name="const_70">
<pin_list>
<pin id="71" dir="1" index="0" bw="1" slack="0"/>
</pin_list>
<bind>
<StgValue><ssdm name=""/></StgValue>
</bind>
</comp>

<comp id="72" class="1001" name="const_72">
<pin_list>
<pin id="73" dir="1" index="0" bw="1" slack="0"/>
</pin_list>
<bind>
<StgValue><ssdm name=""/></StgValue>
</bind>
</comp>

<comp id="74" class="1004" name="i_fu_74">
<pin_list>
<pin id="75" dir="0" index="0" bw="1" slack="0"/>
<pin id="76" dir="1" index="1" bw="28" slack="0"/>
</pin_list>
<bind>
<opcode="alloca(26) " fcode="alloca"/>
<opset="i/1 "/>
</bind>
</comp>

<comp id="78" class="1004" name="sub_read_read_fu_78">
<pin_list>
<pin id="79" dir="0" index="0" bw="29" slack="0"/>
<pin id="80" dir="0" index="1" bw="29" slack="0"/>
<pin id="81" dir="1" index="2" bw="29" slack="0"/>
</pin_list>
<bind>
<opcode="read(1150) " fcode="read"/>
<opset="sub_read/1 "/>
</bind>
</comp>

<comp id="84" class="1004" name="num_packs_read_read_fu_84">
<pin_list>
<pin id="85" dir="0" index="0" bw="29" slack="0"/>
<pin id="86" dir="0" index="1" bw="29" slack="0"/>
<pin id="87" dir="1" index="2" bw="29" slack="0"/>
</pin_list>
<bind>
<opcode="read(1150) " fcode="read"/>
<opset="num_packs_read/1 "/>
</bind>
</comp>

<comp id="90" class="1004" name="grp_read_fu_90">
<pin_list>
<pin id="91" dir="0" index="0" bw="41" slack="0"/>
<pin id="92" dir="0" index="1" bw="32" slack="0"/>
<pin id="93" dir="0" index="2" bw="4" slack="0"/>
<pin id="94" dir="0" index="3" bw="4" slack="0"/>
<pin id="95" dir="0" index="4" bw="1" slack="0"/>
<pin id="96" dir="1" index="5" bw="41" slack="0"/>
</pin_list>
<bind>
<opcode="read(1150) " fcode="read"/>
<opset="empty/1 empty_17/2 empty_18/3 empty_19/4 empty_20/5 empty_21/6 empty_22/7 empty_23/8 empty_24/9 empty_25/10 empty_26/11 empty_27/12 empty_28/13 empty_29/14 empty_30/15 empty_31/16 "/>
</bind>
</comp>

<comp id="102" class="1004" name="write_ln56_write_fu_102">
<pin_list>
<pin id="103" dir="0" index="0" bw="0" slack="0"/>
<pin id="104" dir="0" index="1" bw="128" slack="0"/>
<pin id="105" dir="0" index="2" bw="16" slack="0"/>
<pin id="106" dir="0" index="3" bw="16" slack="0"/>
<pin id="107" dir="0" index="4" bw="1" slack="0"/>
<pin id="108" dir="0" index="5" bw="128" slack="0"/>
<pin id="109" dir="0" index="6" bw="1" slack="0"/>
<pin id="110" dir="0" index="7" bw="1" slack="0"/>
<pin id="111" dir="0" index="8" bw="1" slack="17"/>
<pin id="112" dir="1" index="9" bw="0" slack="2147483647"/>
</pin_list>
<bind>
<opcode="write(1151) " fcode="write"/>
<opset="write_ln56/18 "/>
</bind>
</comp>

<comp id="120" class="1004" name="grp_p_hls_fptosi_float_i8_fu_120">
<pin_list>
<pin id="121" dir="0" index="0" bw="8" slack="0"/>
<pin id="122" dir="0" index="1" bw="32" slack="0"/>
<pin id="123" dir="1" index="2" bw="8" slack="0"/>
</pin_list>
<bind>
<opcode="call(48) " fcode="call"/>
<opset="i8/2 i8_1/3 i8_2/4 i8_3/5 i8_4/6 i8_5/7 i8_6/8 i8_7/9 i8_8/10 i8_9/11 i8_10/12 i8_11/13 i8_12/14 i8_13/15 i8_14/16 i8_15/17 "/>
</bind>
</comp>

<comp id="125" class="1004" name="grp_fu_125">
<pin_list>
<pin id="126" dir="0" index="0" bw="41" slack="0"/>
<pin id="127" dir="1" index="1" bw="32" slack="1"/>
</pin_list>
<bind>
<opcode="extractvalue(56) " fcode="extractvalue"/>
<opset="f_p_data/1 f_p_data_1/2 f_p_data_2/3 f_p_data_3/4 f_p_data_4/5 f_p_data_5/6 f_p_data_6/7 f_p_data_7/8 f_p_data_8/9 f_p_data_9/10 f_p_data_10/11 f_p_data_11/12 f_p_data_12/13 f_p_data_13/14 f_p_data_14/15 f_p_data_15/16 "/>
</bind>
</comp>

<comp id="129" class="1005" name="reg_129">
<pin_list>
<pin id="130" dir="0" index="0" bw="32" slack="1"/>
<pin id="131" dir="1" index="1" bw="32" slack="1"/>
</pin_list>
<bind>
<opset="f_p_data f_p_data_1 f_p_data_2 f_p_data_3 f_p_data_4 f_p_data_5 f_p_data_6 f_p_data_7 f_p_data_8 f_p_data_9 f_p_data_10 f_p_data_11 f_p_data_12 f_p_data_13 f_p_data_14 f_p_data_15 "/>
</bind>
</comp>

<comp id="133" class="1004" name="store_ln24_store_fu_133">
<pin_list>
<pin id="134" dir="0" index="0" bw="1" slack="0"/>
<pin id="135" dir="0" index="1" bw="28" slack="0"/>
<pin id="136" dir="1" index="2" bw="0" slack="2147483647"/>
</pin_list>
<bind>
<opcode="store(28) " fcode="store"/>
<opset="store_ln24/1 "/>
</bind>
</comp>

<comp id="138" class="1004" name="i_2_load_fu_138">
<pin_list>
<pin id="139" dir="0" index="0" bw="28" slack="0"/>
<pin id="140" dir="1" index="1" bw="28" slack="0"/>
</pin_list>
<bind>
<opcode="load(27) " fcode="load"/>
<opset="i_2/1 "/>
</bind>
</comp>

<comp id="141" class="1004" name="zext_ln24_fu_141">
<pin_list>
<pin id="142" dir="0" index="0" bw="28" slack="0"/>
<pin id="143" dir="1" index="1" bw="29" slack="0"/>
</pin_list>
<bind>
<opcode="zext(34) " fcode="zext"/>
<opset="zext_ln24/1 "/>
</bind>
</comp>

<comp id="145" class="1004" name="icmp_ln24_fu_145">
<pin_list>
<pin id="146" dir="0" index="0" bw="29" slack="0"/>
<pin id="147" dir="0" index="1" bw="29" slack="0"/>
<pin id="148" dir="1" index="2" bw="1" slack="1"/>
</pin_list>
<bind>
<opcode="icmp(45) " fcode="icmp"/>
<opset="icmp_ln24/1 "/>
</bind>
</comp>

<comp id="151" class="1004" name="i_1_fu_151">
<pin_list>
<pin id="152" dir="0" index="0" bw="28" slack="0"/>
<pin id="153" dir="0" index="1" bw="1" slack="0"/>
<pin id="154" dir="1" index="2" bw="28" slack="0"/>
</pin_list>
<bind>
<opcode="add(8) " fcode="add"/>
<opset="i_1/1 "/>
</bind>
</comp>

<comp id="157" class="1004" name="p_out_last_fu_157">
<pin_list>
<pin id="158" dir="0" index="0" bw="29" slack="0"/>
<pin id="159" dir="0" index="1" bw="29" slack="0"/>
<pin id="160" dir="1" index="2" bw="1" slack="17"/>
</pin_list>
<bind>
<opcode="icmp(45) " fcode="icmp"/>
<opset="p_out_last/1 "/>
</bind>
</comp>

<comp id="163" class="1004" name="store_ln24_store_fu_163">
<pin_list>
<pin id="164" dir="0" index="0" bw="28" slack="0"/>
<pin id="165" dir="0" index="1" bw="28" slack="0"/>
<pin id="166" dir="1" index="2" bw="0" slack="2147483647"/>
</pin_list>
<bind>
<opcode="store(28) " fcode="store"/>
<opset="store_ln24/1 "/>
</bind>
</comp>

<comp id="168" class="1004" name="val_fu_168">
<pin_list>
<pin id="169" dir="0" index="0" bw="32" slack="1"/>
<pin id="170" dir="1" index="1" bw="32" slack="0"/>
</pin_list>
<bind>
<opcode="bitcast(44) " fcode="bitcast"/>
<opset="val/2 "/>
</bind>
</comp>

<comp id="173" class="1004" name="val_1_fu_173">
<pin_list>
<pin id="174" dir="0" index="0" bw="32" slack="1"/>
<pin id="175" dir="1" index="1" bw="32" slack="0"/>
</pin_list>
<bind>
<opcode="bitcast(44) " fcode="bitcast"/>
<opset="val_1/3 "/>
</bind>
</comp>

<comp id="178" class="1004" name="val_2_fu_178">
<pin_list>
<pin id="179" dir="0" index="0" bw="32" slack="1"/>
<pin id="180" dir="1" index="1" bw="32" slack="0"/>
</pin_list>
<bind>
<opcode="bitcast(44) " fcode="bitcast"/>
<opset="val_2/4 "/>
</bind>
</comp>

<comp id="183" class="1004" name="val_3_fu_183">
<pin_list>
<pin id="184" dir="0" index="0" bw="32" slack="1"/>
<pin id="185" dir="1" index="1" bw="32" slack="0"/>
</pin_list>
<bind>
<opcode="bitcast(44) " fcode="bitcast"/>
<opset="val_3/5 "/>
</bind>
</comp>

<comp id="188" class="1004" name="val_4_fu_188">
<pin_list>
<pin id="189" dir="0" index="0" bw="32" slack="1"/>
<pin id="190" dir="1" index="1" bw="32" slack="0"/>
</pin_list>
<bind>
<opcode="bitcast(44) " fcode="bitcast"/>
<opset="val_4/6 "/>
</bind>
</comp>

<comp id="193" class="1004" name="val_5_fu_193">
<pin_list>
<pin id="194" dir="0" index="0" bw="32" slack="1"/>
<pin id="195" dir="1" index="1" bw="32" slack="0"/>
</pin_list>
<bind>
<opcode="bitcast(44) " fcode="bitcast"/>
<opset="val_5/7 "/>
</bind>
</comp>

<comp id="198" class="1004" name="val_6_fu_198">
<pin_list>
<pin id="199" dir="0" index="0" bw="32" slack="1"/>
<pin id="200" dir="1" index="1" bw="32" slack="0"/>
</pin_list>
<bind>
<opcode="bitcast(44) " fcode="bitcast"/>
<opset="val_6/8 "/>
</bind>
</comp>

<comp id="203" class="1004" name="val_7_fu_203">
<pin_list>
<pin id="204" dir="0" index="0" bw="32" slack="1"/>
<pin id="205" dir="1" index="1" bw="32" slack="0"/>
</pin_list>
<bind>
<opcode="bitcast(44) " fcode="bitcast"/>
<opset="val_7/9 "/>
</bind>
</comp>

<comp id="208" class="1004" name="val_8_fu_208">
<pin_list>
<pin id="209" dir="0" index="0" bw="32" slack="1"/>
<pin id="210" dir="1" index="1" bw="32" slack="0"/>
</pin_list>
<bind>
<opcode="bitcast(44) " fcode="bitcast"/>
<opset="val_8/10 "/>
</bind>
</comp>

<comp id="213" class="1004" name="val_9_fu_213">
<pin_list>
<pin id="214" dir="0" index="0" bw="32" slack="1"/>
<pin id="215" dir="1" index="1" bw="32" slack="0"/>
</pin_list>
<bind>
<opcode="bitcast(44) " fcode="bitcast"/>
<opset="val_9/11 "/>
</bind>
</comp>

<comp id="218" class="1004" name="val_10_fu_218">
<pin_list>
<pin id="219" dir="0" index="0" bw="32" slack="1"/>
<pin id="220" dir="1" index="1" bw="32" slack="0"/>
</pin_list>
<bind>
<opcode="bitcast(44) " fcode="bitcast"/>
<opset="val_10/12 "/>
</bind>
</comp>

<comp id="223" class="1004" name="val_11_fu_223">
<pin_list>
<pin id="224" dir="0" index="0" bw="32" slack="1"/>
<pin id="225" dir="1" index="1" bw="32" slack="0"/>
</pin_list>
<bind>
<opcode="bitcast(44) " fcode="bitcast"/>
<opset="val_11/13 "/>
</bind>
</comp>

<comp id="228" class="1004" name="val_12_fu_228">
<pin_list>
<pin id="229" dir="0" index="0" bw="32" slack="1"/>
<pin id="230" dir="1" index="1" bw="32" slack="0"/>
</pin_list>
<bind>
<opcode="bitcast(44) " fcode="bitcast"/>
<opset="val_12/14 "/>
</bind>
</comp>

<comp id="233" class="1004" name="val_13_fu_233">
<pin_list>
<pin id="234" dir="0" index="0" bw="32" slack="1"/>
<pin id="235" dir="1" index="1" bw="32" slack="0"/>
</pin_list>
<bind>
<opcode="bitcast(44) " fcode="bitcast"/>
<opset="val_13/15 "/>
</bind>
</comp>

<comp id="238" class="1004" name="val_14_fu_238">
<pin_list>
<pin id="239" dir="0" index="0" bw="32" slack="1"/>
<pin id="240" dir="1" index="1" bw="32" slack="0"/>
</pin_list>
<bind>
<opcode="bitcast(44) " fcode="bitcast"/>
<opset="val_14/16 "/>
</bind>
</comp>

<comp id="243" class="1004" name="val_15_fu_243">
<pin_list>
<pin id="244" dir="0" index="0" bw="32" slack="1"/>
<pin id="245" dir="1" index="1" bw="32" slack="0"/>
</pin_list>
<bind>
<opcode="bitcast(44) " fcode="bitcast"/>
<opset="val_15/17 "/>
</bind>
</comp>

<comp id="248" class="1004" name="pack_buffer_fu_248">
<pin_list>
<pin id="249" dir="0" index="0" bw="128" slack="0"/>
<pin id="250" dir="0" index="1" bw="8" slack="0"/>
<pin id="251" dir="0" index="2" bw="8" slack="1"/>
<pin id="252" dir="0" index="3" bw="8" slack="2"/>
<pin id="253" dir="0" index="4" bw="8" slack="3"/>
<pin id="254" dir="0" index="5" bw="8" slack="4"/>
<pin id="255" dir="0" index="6" bw="8" slack="5"/>
<pin id="256" dir="0" index="7" bw="8" slack="6"/>
<pin id="257" dir="0" index="8" bw="8" slack="7"/>
<pin id="258" dir="0" index="9" bw="8" slack="8"/>
<pin id="259" dir="0" index="10" bw="8" slack="9"/>
<pin id="260" dir="0" index="11" bw="8" slack="10"/>
<pin id="261" dir="0" index="12" bw="8" slack="11"/>
<pin id="262" dir="0" index="13" bw="8" slack="12"/>
<pin id="263" dir="0" index="14" bw="8" slack="13"/>
<pin id="264" dir="0" index="15" bw="8" slack="14"/>
<pin id="265" dir="0" index="16" bw="8" slack="15"/>
<pin id="266" dir="1" index="17" bw="128" slack="0"/>
</pin_list>
<bind>
<opcode="bitconcatenate(1004) " fcode="bitconcatenate"/>
<opset="pack_buffer/18 "/>
</bind>
</comp>

<comp id="270" class="1005" name="i_reg_270">
<pin_list>
<pin id="271" dir="0" index="0" bw="28" slack="0"/>
<pin id="272" dir="1" index="1" bw="28" slack="0"/>
</pin_list>
<bind>
<opset="i "/>
</bind>
</comp>

<comp id="277" class="1005" name="icmp_ln24_reg_277">
<pin_list>
<pin id="278" dir="0" index="0" bw="1" slack="1"/>
<pin id="279" dir="1" index="1" bw="1" slack="2147483647"/>
</pin_list>
<bind>
<opset="icmp_ln24 "/>
</bind>
</comp>

<comp id="281" class="1005" name="p_out_last_reg_281">
<pin_list>
<pin id="282" dir="0" index="0" bw="1" slack="17"/>
<pin id="283" dir="1" index="1" bw="1" slack="17"/>
</pin_list>
<bind>
<opset="p_out_last "/>
</bind>
</comp>

<comp id="286" class="1005" name="i8_reg_286">
<pin_list>
<pin id="287" dir="0" index="0" bw="8" slack="15"/>
<pin id="288" dir="1" index="1" bw="8" slack="15"/>
</pin_list>
<bind>
<opset="i8 "/>
</bind>
</comp>

<comp id="291" class="1005" name="i8_1_reg_291">
<pin_list>
<pin id="292" dir="0" index="0" bw="8" slack="14"/>
<pin id="293" dir="1" index="1" bw="8" slack="14"/>
</pin_list>
<bind>
<opset="i8_1 "/>
</bind>
</comp>

<comp id="296" class="1005" name="i8_2_reg_296">
<pin_list>
<pin id="297" dir="0" index="0" bw="8" slack="13"/>
<pin id="298" dir="1" index="1" bw="8" slack="13"/>
</pin_list>
<bind>
<opset="i8_2 "/>
</bind>
</comp>

<comp id="301" class="1005" name="i8_3_reg_301">
<pin_list>
<pin id="302" dir="0" index="0" bw="8" slack="12"/>
<pin id="303" dir="1" index="1" bw="8" slack="12"/>
</pin_list>
<bind>
<opset="i8_3 "/>
</bind>
</comp>

<comp id="306" class="1005" name="i8_4_reg_306">
<pin_list>
<pin id="307" dir="0" index="0" bw="8" slack="11"/>
<pin id="308" dir="1" index="1" bw="8" slack="11"/>
</pin_list>
<bind>
<opset="i8_4 "/>
</bind>
</comp>

<comp id="311" class="1005" name="i8_5_reg_311">
<pin_list>
<pin id="312" dir="0" index="0" bw="8" slack="10"/>
<pin id="313" dir="1" index="1" bw="8" slack="10"/>
</pin_list>
<bind>
<opset="i8_5 "/>
</bind>
</comp>

<comp id="316" class="1005" name="i8_6_reg_316">
<pin_list>
<pin id="317" dir="0" index="0" bw="8" slack="9"/>
<pin id="318" dir="1" index="1" bw="8" slack="9"/>
</pin_list>
<bind>
<opset="i8_6 "/>
</bind>
</comp>

<comp id="321" class="1005" name="i8_7_reg_321">
<pin_list>
<pin id="322" dir="0" index="0" bw="8" slack="8"/>
<pin id="323" dir="1" index="1" bw="8" slack="8"/>
</pin_list>
<bind>
<opset="i8_7 "/>
</bind>
</comp>

<comp id="326" class="1005" name="i8_8_reg_326">
<pin_list>
<pin id="327" dir="0" index="0" bw="8" slack="7"/>
<pin id="328" dir="1" index="1" bw="8" slack="7"/>
</pin_list>
<bind>
<opset="i8_8 "/>
</bind>
</comp>

<comp id="331" class="1005" name="i8_9_reg_331">
<pin_list>
<pin id="332" dir="0" index="0" bw="8" slack="6"/>
<pin id="333" dir="1" index="1" bw="8" slack="6"/>
</pin_list>
<bind>
<opset="i8_9 "/>
</bind>
</comp>

<comp id="336" class="1005" name="i8_10_reg_336">
<pin_list>
<pin id="337" dir="0" index="0" bw="8" slack="5"/>
<pin id="338" dir="1" index="1" bw="8" slack="5"/>
</pin_list>
<bind>
<opset="i8_10 "/>
</bind>
</comp>

<comp id="341" class="1005" name="i8_11_reg_341">
<pin_list>
<pin id="342" dir="0" index="0" bw="8" slack="4"/>
<pin id="343" dir="1" index="1" bw="8" slack="4"/>
</pin_list>
<bind>
<opset="i8_11 "/>
</bind>
</comp>

<comp id="346" class="1005" name="i8_12_reg_346">
<pin_list>
<pin id="347" dir="0" index="0" bw="8" slack="3"/>
<pin id="348" dir="1" index="1" bw="8" slack="3"/>
</pin_list>
<bind>
<opset="i8_12 "/>
</bind>
</comp>

<comp id="351" class="1005" name="i8_13_reg_351">
<pin_list>
<pin id="352" dir="0" index="0" bw="8" slack="2"/>
<pin id="353" dir="1" index="1" bw="8" slack="2"/>
</pin_list>
<bind>
<opset="i8_13 "/>
</bind>
</comp>

<comp id="356" class="1005" name="i8_14_reg_356">
<pin_list>
<pin id="357" dir="0" index="0" bw="8" slack="1"/>
<pin id="358" dir="1" index="1" bw="8" slack="1"/>
</pin_list>
<bind>
<opset="i8_14 "/>
</bind>
</comp>

</comp_list>

<net_list>
<net id="77"><net_src comp="20" pin="0"/><net_sink comp="74" pin=0"/></net>

<net id="82"><net_src comp="42" pin="0"/><net_sink comp="78" pin=0"/></net>

<net id="83"><net_src comp="10" pin="0"/><net_sink comp="78" pin=1"/></net>

<net id="88"><net_src comp="42" pin="0"/><net_sink comp="84" pin=0"/></net>

<net id="89"><net_src comp="0" pin="0"/><net_sink comp="84" pin=1"/></net>

<net id="97"><net_src comp="48" pin="0"/><net_sink comp="90" pin=0"/></net>

<net id="98"><net_src comp="2" pin="0"/><net_sink comp="90" pin=1"/></net>

<net id="99"><net_src comp="4" pin="0"/><net_sink comp="90" pin=2"/></net>

<net id="100"><net_src comp="6" pin="0"/><net_sink comp="90" pin=3"/></net>

<net id="101"><net_src comp="8" pin="0"/><net_sink comp="90" pin=4"/></net>

<net id="113"><net_src comp="68" pin="0"/><net_sink comp="102" pin=0"/></net>

<net id="114"><net_src comp="12" pin="0"/><net_sink comp="102" pin=1"/></net>

<net id="115"><net_src comp="14" pin="0"/><net_sink comp="102" pin=2"/></net>

<net id="116"><net_src comp="16" pin="0"/><net_sink comp="102" pin=3"/></net>

<net id="117"><net_src comp="18" pin="0"/><net_sink comp="102" pin=4"/></net>

<net id="118"><net_src comp="70" pin="0"/><net_sink comp="102" pin=6"/></net>

<net id="119"><net_src comp="72" pin="0"/><net_sink comp="102" pin=7"/></net>

<net id="124"><net_src comp="50" pin="0"/><net_sink comp="120" pin=0"/></net>

<net id="128"><net_src comp="90" pin="5"/><net_sink comp="125" pin=0"/></net>

<net id="132"><net_src comp="125" pin="1"/><net_sink comp="129" pin=0"/></net>

<net id="137"><net_src comp="44" pin="0"/><net_sink comp="133" pin=0"/></net>

<net id="144"><net_src comp="138" pin="1"/><net_sink comp="141" pin=0"/></net>

<net id="149"><net_src comp="141" pin="1"/><net_sink comp="145" pin=0"/></net>

<net id="150"><net_src comp="84" pin="2"/><net_sink comp="145" pin=1"/></net>

<net id="155"><net_src comp="138" pin="1"/><net_sink comp="151" pin=0"/></net>

<net id="156"><net_src comp="46" pin="0"/><net_sink comp="151" pin=1"/></net>

<net id="161"><net_src comp="141" pin="1"/><net_sink comp="157" pin=0"/></net>

<net id="162"><net_src comp="78" pin="2"/><net_sink comp="157" pin=1"/></net>

<net id="167"><net_src comp="151" pin="2"/><net_sink comp="163" pin=0"/></net>

<net id="171"><net_src comp="129" pin="1"/><net_sink comp="168" pin=0"/></net>

<net id="172"><net_src comp="168" pin="1"/><net_sink comp="120" pin=1"/></net>

<net id="176"><net_src comp="129" pin="1"/><net_sink comp="173" pin=0"/></net>

<net id="177"><net_src comp="173" pin="1"/><net_sink comp="120" pin=1"/></net>

<net id="181"><net_src comp="129" pin="1"/><net_sink comp="178" pin=0"/></net>

<net id="182"><net_src comp="178" pin="1"/><net_sink comp="120" pin=1"/></net>

<net id="186"><net_src comp="129" pin="1"/><net_sink comp="183" pin=0"/></net>

<net id="187"><net_src comp="183" pin="1"/><net_sink comp="120" pin=1"/></net>

<net id="191"><net_src comp="129" pin="1"/><net_sink comp="188" pin=0"/></net>

<net id="192"><net_src comp="188" pin="1"/><net_sink comp="120" pin=1"/></net>

<net id="196"><net_src comp="129" pin="1"/><net_sink comp="193" pin=0"/></net>

<net id="197"><net_src comp="193" pin="1"/><net_sink comp="120" pin=1"/></net>

<net id="201"><net_src comp="129" pin="1"/><net_sink comp="198" pin=0"/></net>

<net id="202"><net_src comp="198" pin="1"/><net_sink comp="120" pin=1"/></net>

<net id="206"><net_src comp="129" pin="1"/><net_sink comp="203" pin=0"/></net>

<net id="207"><net_src comp="203" pin="1"/><net_sink comp="120" pin=1"/></net>

<net id="211"><net_src comp="129" pin="1"/><net_sink comp="208" pin=0"/></net>

<net id="212"><net_src comp="208" pin="1"/><net_sink comp="120" pin=1"/></net>

<net id="216"><net_src comp="129" pin="1"/><net_sink comp="213" pin=0"/></net>

<net id="217"><net_src comp="213" pin="1"/><net_sink comp="120" pin=1"/></net>

<net id="221"><net_src comp="129" pin="1"/><net_sink comp="218" pin=0"/></net>

<net id="222"><net_src comp="218" pin="1"/><net_sink comp="120" pin=1"/></net>

<net id="226"><net_src comp="129" pin="1"/><net_sink comp="223" pin=0"/></net>

<net id="227"><net_src comp="223" pin="1"/><net_sink comp="120" pin=1"/></net>

<net id="231"><net_src comp="129" pin="1"/><net_sink comp="228" pin=0"/></net>

<net id="232"><net_src comp="228" pin="1"/><net_sink comp="120" pin=1"/></net>

<net id="236"><net_src comp="129" pin="1"/><net_sink comp="233" pin=0"/></net>

<net id="237"><net_src comp="233" pin="1"/><net_sink comp="120" pin=1"/></net>

<net id="241"><net_src comp="129" pin="1"/><net_sink comp="238" pin=0"/></net>

<net id="242"><net_src comp="238" pin="1"/><net_sink comp="120" pin=1"/></net>

<net id="246"><net_src comp="129" pin="1"/><net_sink comp="243" pin=0"/></net>

<net id="247"><net_src comp="243" pin="1"/><net_sink comp="120" pin=1"/></net>

<net id="267"><net_src comp="66" pin="0"/><net_sink comp="248" pin=0"/></net>

<net id="268"><net_src comp="120" pin="2"/><net_sink comp="248" pin=1"/></net>

<net id="269"><net_src comp="248" pin="17"/><net_sink comp="102" pin=5"/></net>

<net id="273"><net_src comp="74" pin="1"/><net_sink comp="270" pin=0"/></net>

<net id="274"><net_src comp="270" pin="1"/><net_sink comp="133" pin=1"/></net>

<net id="275"><net_src comp="270" pin="1"/><net_sink comp="138" pin=0"/></net>

<net id="276"><net_src comp="270" pin="1"/><net_sink comp="163" pin=1"/></net>

<net id="280"><net_src comp="145" pin="2"/><net_sink comp="277" pin=0"/></net>

<net id="284"><net_src comp="157" pin="2"/><net_sink comp="281" pin=0"/></net>

<net id="285"><net_src comp="281" pin="1"/><net_sink comp="102" pin=8"/></net>

<net id="289"><net_src comp="120" pin="2"/><net_sink comp="286" pin=0"/></net>

<net id="290"><net_src comp="286" pin="1"/><net_sink comp="248" pin=16"/></net>

<net id="294"><net_src comp="120" pin="2"/><net_sink comp="291" pin=0"/></net>

<net id="295"><net_src comp="291" pin="1"/><net_sink comp="248" pin=15"/></net>

<net id="299"><net_src comp="120" pin="2"/><net_sink comp="296" pin=0"/></net>

<net id="300"><net_src comp="296" pin="1"/><net_sink comp="248" pin=14"/></net>

<net id="304"><net_src comp="120" pin="2"/><net_sink comp="301" pin=0"/></net>

<net id="305"><net_src comp="301" pin="1"/><net_sink comp="248" pin=13"/></net>

<net id="309"><net_src comp="120" pin="2"/><net_sink comp="306" pin=0"/></net>

<net id="310"><net_src comp="306" pin="1"/><net_sink comp="248" pin=12"/></net>

<net id="314"><net_src comp="120" pin="2"/><net_sink comp="311" pin=0"/></net>

<net id="315"><net_src comp="311" pin="1"/><net_sink comp="248" pin=11"/></net>

<net id="319"><net_src comp="120" pin="2"/><net_sink comp="316" pin=0"/></net>

<net id="320"><net_src comp="316" pin="1"/><net_sink comp="248" pin=10"/></net>

<net id="324"><net_src comp="120" pin="2"/><net_sink comp="321" pin=0"/></net>

<net id="325"><net_src comp="321" pin="1"/><net_sink comp="248" pin=9"/></net>

<net id="329"><net_src comp="120" pin="2"/><net_sink comp="326" pin=0"/></net>

<net id="330"><net_src comp="326" pin="1"/><net_sink comp="248" pin=8"/></net>

<net id="334"><net_src comp="120" pin="2"/><net_sink comp="331" pin=0"/></net>

<net id="335"><net_src comp="331" pin="1"/><net_sink comp="248" pin=7"/></net>

<net id="339"><net_src comp="120" pin="2"/><net_sink comp="336" pin=0"/></net>

<net id="340"><net_src comp="336" pin="1"/><net_sink comp="248" pin=6"/></net>

<net id="344"><net_src comp="120" pin="2"/><net_sink comp="341" pin=0"/></net>

<net id="345"><net_src comp="341" pin="1"/><net_sink comp="248" pin=5"/></net>

<net id="349"><net_src comp="120" pin="2"/><net_sink comp="346" pin=0"/></net>

<net id="350"><net_src comp="346" pin="1"/><net_sink comp="248" pin=4"/></net>

<net id="354"><net_src comp="120" pin="2"/><net_sink comp="351" pin=0"/></net>

<net id="355"><net_src comp="351" pin="1"/><net_sink comp="248" pin=3"/></net>

<net id="359"><net_src comp="120" pin="2"/><net_sink comp="356" pin=0"/></net>

<net id="360"><net_src comp="356" pin="1"/><net_sink comp="248" pin=2"/></net>

</net_list>

</model> 
---------------- Datapath Model END ------------------

* FSMD analyzer results:
  - Output states:
	Port: in_stream_V_data_V | {}
	Port: in_stream_V_keep_V | {}
	Port: in_stream_V_strb_V | {}
	Port: in_stream_V_last_V | {}
	Port: out_stream_V_data_V | {18 }
	Port: out_stream_V_keep_V | {18 }
	Port: out_stream_V_strb_V | {18 }
	Port: out_stream_V_last_V | {18 }
 - Input state : 
	Port: pack_int8_Pipeline_pack_loop : num_packs | {1 }
	Port: pack_int8_Pipeline_pack_loop : in_stream_V_data_V | {1 2 3 4 5 6 7 8 9 10 11 12 13 14 15 16 }
	Port: pack_int8_Pipeline_pack_loop : in_stream_V_keep_V | {1 2 3 4 5 6 7 8 9 10 11 12 13 14 15 16 }
	Port: pack_int8_Pipeline_pack_loop : in_stream_V_strb_V | {1 2 3 4 5 6 7 8 9 10 11 12 13 14 15 16 }
	Port: pack_int8_Pipeline_pack_loop : in_stream_V_last_V | {1 2 3 4 5 6 7 8 9 10 11 12 13 14 15 16 }
	Port: pack_int8_Pipeline_pack_loop : sub | {1 }
	Port: pack_int8_Pipeline_pack_loop : out_stream_V_data_V | {}
	Port: pack_int8_Pipeline_pack_loop : out_stream_V_keep_V | {}
	Port: pack_int8_Pipeline_pack_loop : out_stream_V_strb_V | {}
	Port: pack_int8_Pipeline_pack_loop : out_stream_V_last_V | {}
  - Chain level:
	State 1
		store_ln24 : 1
		i_2 : 1
		zext_ln24 : 2
		icmp_ln24 : 3
		br_ln24 : 4
		i_1 : 2
		p_out_last : 3
		store_ln24 : 3
	State 2
		i8 : 1
	State 3
		i8_1 : 1
	State 4
		i8_2 : 1
	State 5
		i8_3 : 1
	State 6
		i8_4 : 1
	State 7
		i8_5 : 1
	State 8
		i8_6 : 1
	State 9
		i8_7 : 1
	State 10
		i8_8 : 1
	State 11
		i8_9 : 1
	State 12
		i8_10 : 1
	State 13
		i8_11 : 1
	State 14
		i8_12 : 1
	State 15
		i8_13 : 1
	State 16
		i8_14 : 1
	State 17
		i8_15 : 1
	State 18
		pack_buffer : 1
		write_ln56 : 2


============================================================
+ Verbose Summary: Datapath Resource usage 
============================================================

* Functional unit list:
|----------|----------------------------------|---------|---------|
| Operation|          Functional Unit         |    FF   |   LUT   |
|----------|----------------------------------|---------|---------|
|   call   | grp_p_hls_fptosi_float_i8_fu_120 |    9    |   254   |
|----------|----------------------------------|---------|---------|
|   icmp   |         icmp_ln24_fu_145         |    0    |    36   |
|          |         p_out_last_fu_157        |    0    |    36   |
|----------|----------------------------------|---------|---------|
|    add   |            i_1_fu_151            |    0    |    35   |
|----------|----------------------------------|---------|---------|
|          |        sub_read_read_fu_78       |    0    |    0    |
|   read   |     num_packs_read_read_fu_84    |    0    |    0    |
|          |          grp_read_fu_90          |    0    |    0    |
|----------|----------------------------------|---------|---------|
|   write  |      write_ln56_write_fu_102     |    0    |    0    |
|----------|----------------------------------|---------|---------|
|extractvalue|            grp_fu_125            |    0    |    0    |
|----------|----------------------------------|---------|---------|
|   zext   |         zext_ln24_fu_141         |    0    |    0    |
|----------|----------------------------------|---------|---------|
|bitconcatenate|        pack_buffer_fu_248        |    0    |    0    |
|----------|----------------------------------|---------|---------|
|   Total  |                                  |    9    |   361   |
|----------|----------------------------------|---------|---------|

Memories:
N/A

* Register list:
+------------------+--------+
|                  |   FF   |
+------------------+--------+
|   i8_10_reg_336  |    8   |
|   i8_11_reg_341  |    8   |
|   i8_12_reg_346  |    8   |
|   i8_13_reg_351  |    8   |
|   i8_14_reg_356  |    8   |
|   i8_1_reg_291   |    8   |
|   i8_2_reg_296   |    8   |
|   i8_3_reg_301   |    8   |
|   i8_4_reg_306   |    8   |
|   i8_5_reg_311   |    8   |
|   i8_6_reg_316   |    8   |
|   i8_7_reg_321   |    8   |
|   i8_8_reg_326   |    8   |
|   i8_9_reg_331   |    8   |
|    i8_reg_286    |    8   |
|     i_reg_270    |   28   |
| icmp_ln24_reg_277|    1   |
|p_out_last_reg_281|    1   |
|      reg_129     |   32   |
+------------------+--------+
|       Total      |   182  |
+------------------+--------+

* Multiplexer (MUX) list: 
|----------------------------------|------|------|------|--------||---------||---------||---------|
|               Comp               |  Pin | Size |  BW  | S x BW ||  Delay  ||    FF   ||   LUT   |
|----------------------------------|------|------|------|--------||---------||---------||---------|
| grp_p_hls_fptosi_float_i8_fu_120 |  p1  |  16  |  32  |   512  ||    0    ||    65   |
|----------------------------------|------|------|------|--------||---------||---------||---------|
|               Total              |      |      |      |   512  ||  0.493  ||    0    ||    65   |
|----------------------------------|------|------|------|--------||---------||---------||---------|



* Summary:
+-----------+--------+--------+--------+
|           |  Delay |   FF   |   LUT  |
+-----------+--------+--------+--------+
|  Function |    -   |    9   |   361  |
|   Memory  |    -   |    -   |    -   |
|Multiplexer|    0   |    0   |   65   |
|  Register |    -   |   182  |    -   |
+-----------+--------+--------+--------+
|   Total   |    0   |   191  |   426  |
+-----------+--------+--------+--------+
