

================================================================
== Vitis HLS Report for 'pack_int8'
================================================================
* Date:           Sun Jan 25 12:59:19 2026

* Version:        2024.1 (Build 5069499 on May 21 2024)
* Project:        zed_hls_pack_int8
* Solution:       sol1 (Vivado IP Flow Target)
* Product family: virtexuplus
* Target device:  xcvu9p-flga2104-2-e


================================================================
== Performance Estimates
================================================================
+ Timing: 
    * Summary: 
    +--------+---------+----------+------------+
    |  Clock |  Target | Estimated| Uncertainty|
    +--------+---------+----------+------------+
    |ap_clk  |  4.00 ns|  2.736 ns|     1.08 ns|
    +--------+---------+----------+------------+

+ Latency: 
    * Summary: 
    +---------+------------+-----------+-----------+-----+------------+---------+
    |   Latency (cycles)   |   Latency (absolute)  |     Interval     | Pipeline|
    |   min   |     max    |    min    |    max    | min |     max    |   Type  |
    +---------+------------+-----------+-----------+-----+------------+---------+
    |        5|  2147483638|  20.000 ns|  8.590 sec|    6|  2147483639|       no|
    +---------+------------+-----------+-----------+-----+------------+---------+

    + Detail: 
        * Instance: 
        +----------------------------------------+------------------------------+---------+------------+----------+-----------+-----+------------+-----------------------------------------------+
        |                                        |                              |   Latency (cycles)   |  Latency (absolute)  |     Interval     |                    Pipeline                   |
        |                Instance                |            Module            |   min   |     max    |    min   |    max    | min |     max    |                      Type                     |
        +----------------------------------------+------------------------------+---------+------------+----------+-----------+-----+------------+-----------------------------------------------+
        |grp_pack_int8_Pipeline_pack_loop_fu_78  |pack_int8_Pipeline_pack_loop  |        2|  2147483635|  8.000 ns|  8.590 sec|    1|  2147483634|  loop auto-rewind stp(delay=0 clock cycles(s))|
        +----------------------------------------+------------------------------+---------+------------+----------+-----------+-----+------------+-----------------------------------------------+

        * Loop: 
        N/A



================================================================
== Utilization Estimates
================================================================
* Summary: 
+---------------------+---------+------+---------+---------+-----+
|         Name        | BRAM_18K|  DSP |    FF   |   LUT   | URAM|
+---------------------+---------+------+---------+---------+-----+
|DSP                  |        -|     -|        -|        -|    -|
|Expression           |        -|     -|        0|      142|    -|
|FIFO                 |        -|     -|        -|        -|    -|
|Instance             |        0|     -|      288|      948|    0|
|Memory               |        -|     -|        -|        -|    -|
|Multiplexer          |        -|     -|        0|       35|    -|
|Register             |        -|     -|      121|        -|    -|
+---------------------+---------+------+---------+---------+-----+
|Total                |        0|     0|      409|     1125|    0|
+---------------------+---------+------+---------+---------+-----+
|Available SLR        |     1440|  2280|   788160|   394080|  320|
+---------------------+---------+------+---------+---------+-----+
|Utilization SLR (%)  |        0|     0|       ~0|       ~0|    0|
+---------------------+---------+------+---------+---------+-----+
|Available            |     4320|  6840|  2364480|  1182240|  960|
+---------------------+---------+------+---------+---------+-----+
|Utilization (%)      |        0|     0|       ~0|       ~0|    0|
+---------------------+---------+------+---------+---------+-----+

+ Detail: 
    * Instance: 
    +----------------------------------------+------------------------------+---------+----+-----+-----+-----+
    |                Instance                |            Module            | BRAM_18K| DSP|  FF | LUT | URAM|
    +----------------------------------------+------------------------------+---------+----+-----+-----+-----+
    |control_s_axi_U                         |control_s_axi                 |        0|   0|   74|  104|    0|
    |grp_pack_int8_Pipeline_pack_loop_fu_78  |pack_int8_Pipeline_pack_loop  |        0|   0|  214|  844|    0|
    +----------------------------------------+------------------------------+---------+----+-----+-----+-----+
    |Total                                   |                              |        0|   0|  288|  948|    0|
    +----------------------------------------+------------------------------+---------+----+-----+-----+-----+

    * DSP: 
    N/A

    * Memory: 
    N/A

    * FIFO: 
    N/A

    * Expression: 
    +----------------------------------------------------------+----------+----+---+----+------------+------------+
    |                       Variable Name                      | Operation| DSP| FF| LUT| Bitwidth P0| Bitwidth P1|
    +----------------------------------------------------------+----------+----+---+----+------------+------------+
    |sub_fu_154_p2                                             |         +|   0|  0|  36|          29|           2|
    |sub_ln22_1_fu_128_p2                                      |         -|   0|  0|  36|           1|          29|
    |sub_ln22_fu_108_p2                                        |         -|   0|  0|  39|           1|          32|
    |grp_pack_int8_Pipeline_pack_loop_fu_78_out_stream_TREADY  |       and|   0|  0|   2|           1|           1|
    |num_packs_fu_147_p3                                       |    select|   0|  0|  29|           1|          29|
    +----------------------------------------------------------+----------+----+---+----+------------+------------+
    |Total                                                     |          |   0|  0| 142|          33|          93|
    +----------------------------------------------------------+----------+----+---+----+------------+------------+

    * Multiplexer: 
    +-------------------------------+----+-----------+-----+-----------+
    |              Name             | LUT| Input Size| Bits| Total Bits|
    +-------------------------------+----+-----------+-----+-----------+
    |ap_NS_fsm                      |  26|          5|    1|          5|
    |in_stream_TREADY_int_regslice  |   9|          2|    1|          2|
    +-------------------------------+----+-----------+-----+-----------+
    |Total                          |  35|          7|    2|          7|
    +-------------------------------+----+-----------+-----+-----------+

    * Register: 
    +-----------------------------------------------------+----+----+-----+-----------+
    |                         Name                        | FF | LUT| Bits| Const Bits|
    +-----------------------------------------------------+----+----+-----+-----------+
    |ap_CS_fsm                                            |   4|   0|    4|          0|
    |grp_pack_int8_Pipeline_pack_loop_fu_78_ap_start_reg  |   1|   0|    1|          0|
    |num_packs_reg_176                                    |  29|   0|   29|          0|
    |sub_ln22_1_reg_166                                   |  29|   0|   29|          0|
    |sub_reg_181                                          |  29|   0|   29|          0|
    |tmp_1_reg_171                                        |  28|   0|   28|          0|
    |tmp_2_reg_161                                        |   1|   0|    1|          0|
    +-----------------------------------------------------+----+----+-----+-----------+
    |Total                                                | 121|   0|  121|          0|
    +-----------------------------------------------------+----+----+-----+-----------+



================================================================
== Interface
================================================================
* Summary: 
+-----------------------+-----+-----+------------+---------------------+--------------+
|       RTL Ports       | Dir | Bits|  Protocol  |    Source Object    |    C Type    |
+-----------------------+-----+-----+------------+---------------------+--------------+
|s_axi_control_AWVALID  |   in|    1|       s_axi|              control|        scalar|
|s_axi_control_AWREADY  |  out|    1|       s_axi|              control|        scalar|
|s_axi_control_AWADDR   |   in|    5|       s_axi|              control|        scalar|
|s_axi_control_WVALID   |   in|    1|       s_axi|              control|        scalar|
|s_axi_control_WREADY   |  out|    1|       s_axi|              control|        scalar|
|s_axi_control_WDATA    |   in|   32|       s_axi|              control|        scalar|
|s_axi_control_WSTRB    |   in|    4|       s_axi|              control|        scalar|
|s_axi_control_ARVALID  |   in|    1|       s_axi|              control|        scalar|
|s_axi_control_ARREADY  |  out|    1|       s_axi|              control|        scalar|
|s_axi_control_ARADDR   |   in|    5|       s_axi|              control|        scalar|
|s_axi_control_RVALID   |  out|    1|       s_axi|              control|        scalar|
|s_axi_control_RREADY   |   in|    1|       s_axi|              control|        scalar|
|s_axi_control_RDATA    |  out|   32|       s_axi|              control|        scalar|
|s_axi_control_RRESP    |  out|    2|       s_axi|              control|        scalar|
|s_axi_control_BVALID   |  out|    1|       s_axi|              control|        scalar|
|s_axi_control_BREADY   |   in|    1|       s_axi|              control|        scalar|
|s_axi_control_BRESP    |  out|    2|       s_axi|              control|        scalar|
|ap_clk                 |   in|    1|  ap_ctrl_hs|            pack_int8|  return value|
|ap_rst_n               |   in|    1|  ap_ctrl_hs|            pack_int8|  return value|
|interrupt              |  out|    1|  ap_ctrl_hs|            pack_int8|  return value|
|in_stream_TDATA        |   in|   32|        axis|   in_stream_V_data_V|       pointer|
|in_stream_TVALID       |   in|    1|        axis|   in_stream_V_last_V|       pointer|
|in_stream_TREADY       |  out|    1|        axis|   in_stream_V_last_V|       pointer|
|in_stream_TLAST        |   in|    1|        axis|   in_stream_V_last_V|       pointer|
|in_stream_TKEEP        |   in|    4|        axis|   in_stream_V_keep_V|       pointer|
|in_stream_TSTRB        |   in|    4|        axis|   in_stream_V_strb_V|       pointer|
|out_stream_TDATA       |  out|  128|        axis|  out_stream_V_data_V|       pointer|
|out_stream_TVALID      |  out|    1|        axis|  out_stream_V_last_V|       pointer|
|out_stream_TREADY      |   in|    1|        axis|  out_stream_V_last_V|       pointer|
|out_stream_TLAST       |  out|    1|        axis|  out_stream_V_last_V|       pointer|
|out_stream_TKEEP       |  out|   16|        axis|  out_stream_V_keep_V|       pointer|
|out_stream_TSTRB       |  out|   16|        axis|  out_stream_V_strb_V|       pointer|
+-----------------------+-----+-----+------------+---------------------+--------------+

============================================================
+ Verbose Summary: Synthesis Manager
============================================================
InlineROM: 1
ExposeGlobal: 0
============================================================
+ Verbose Summary: CDFG Model
============================================================
IsTopModel: 1
ResetActiveHigh: 1
IsCombinational: 2
IsDatapathOnly: 2
HasWiredReturn: 1
HasMFsm: 0
HasVarLatency: 1
IsPipeline: 0
IsRtlPipelined: 0
IsInstanceOverlapped: 0
IsDontTouch: 0
HasImplIP: 0
IsGatedGlobalClock: 0


============================================================
+ Verbose Summary: Schedule
============================================================
* Number of FSM states : 4
* Pipeline : 0
* Dataflow Pipeline: 0

* FSM state transitions: 
1 --> 2 
2 --> 3 
3 --> 4 
4 --> 

* FSM state operations: 

State 1 <SV = 0> <Delay = 2.73>
ST_1 : Operation 5 [1/1] (1.00ns)   --->   "%num_elements_read = read i32 @_ssdm_op_Read.s_axilite.i32, i32 %num_elements" [kernel.cpp:16]   --->   Operation 5 'read' 'num_elements_read' <Predicate = true> <Delay = 1.00> <CoreInst = "s_axilite">   --->   Core 120 's_axilite' <Latency = 0> <II = 1> <Delay = 1.00> <Adapter> <Opcode : 'read' 'write'>
ST_1 : Operation 6 [1/1] (0.00ns)   --->   "%tmp_2 = bitselect i1 @_ssdm_op_BitSelect.i1.i32.i32, i32 %num_elements_read, i32 31" [kernel.cpp:22]   --->   Operation 6 'bitselect' 'tmp_2' <Predicate = true> <Delay = 0.00>
ST_1 : Operation 7 [1/1] (0.88ns)   --->   "%sub_ln22 = sub i32 0, i32 %num_elements_read" [kernel.cpp:22]   --->   Operation 7 'sub' 'sub_ln22' <Predicate = true> <Delay = 0.88> <CoreInst = "Adder">   --->   Core 1 'Adder' <Latency = 0> <II = 1> <Delay = 0.88> <FuncUnit> <Opcode : 'add' 'sub'> <InPorts = 2> <OutPorts = 1>
ST_1 : Operation 8 [1/1] (0.00ns)   --->   "%tmp = partselect i28 @_ssdm_op_PartSelect.i28.i32.i32.i32, i32 %sub_ln22, i32 4, i32 31" [kernel.cpp:22]   --->   Operation 8 'partselect' 'tmp' <Predicate = true> <Delay = 0.00>
ST_1 : Operation 9 [1/1] (0.00ns)   --->   "%zext_ln22 = zext i28 %tmp" [kernel.cpp:22]   --->   Operation 9 'zext' 'zext_ln22' <Predicate = true> <Delay = 0.00>
ST_1 : Operation 10 [1/1] (0.85ns)   --->   "%sub_ln22_1 = sub i29 0, i29 %zext_ln22" [kernel.cpp:22]   --->   Operation 10 'sub' 'sub_ln22_1' <Predicate = true> <Delay = 0.85> <CoreInst = "Adder">   --->   Core 1 'Adder' <Latency = 0> <II = 1> <Delay = 0.86> <FuncUnit> <Opcode : 'add' 'sub'> <InPorts = 2> <OutPorts = 1>
ST_1 : Operation 11 [1/1] (0.00ns)   --->   "%tmp_1 = partselect i28 @_ssdm_op_PartSelect.i28.i32.i32.i32, i32 %num_elements_read, i32 4, i32 31" [kernel.cpp:22]   --->   Operation 11 'partselect' 'tmp_1' <Predicate = true> <Delay = 0.00>

State 2 <SV = 1> <Delay = 2.41>
ST_2 : Operation 12 [1/1] (0.00ns)   --->   "%zext_ln22_1 = zext i28 %tmp_1" [kernel.cpp:22]   --->   Operation 12 'zext' 'zext_ln22_1' <Predicate = (!tmp_2)> <Delay = 0.00>
ST_2 : Operation 13 [1/1] (0.29ns)   --->   "%num_packs = select i1 %tmp_2, i29 %sub_ln22_1, i29 %zext_ln22_1" [kernel.cpp:22]   --->   Operation 13 'select' 'num_packs' <Predicate = true> <Delay = 0.29> <CoreInst = "Sel">   --->   Core 73 'Sel' <Latency = 0> <II = 1> <Delay = 0.29> <FuncUnit> <Opcode : 'select'> <InPorts = 3> <OutPorts = 1>
ST_2 : Operation 14 [1/1] (0.86ns)   --->   "%sub = add i29 %num_packs, i29 536870911" [kernel.cpp:22]   --->   Operation 14 'add' 'sub' <Predicate = true> <Delay = 0.86> <CoreInst = "Adder">   --->   Core 1 'Adder' <Latency = 0> <II = 1> <Delay = 0.86> <FuncUnit> <Opcode : 'add' 'sub'> <InPorts = 2> <OutPorts = 1>
ST_2 : Operation 15 [1/1] (0.00ns)   --->   "%empty = wait i32 @_ssdm_op_Wait"   --->   Operation 15 'wait' 'empty' <Predicate = true> <Delay = 0.00>
ST_2 : Operation 16 [2/2] (1.24ns)   --->   "%call_ln22 = call void @pack_int8_Pipeline_pack_loop, i29 %num_packs, i32 %in_stream_V_data_V, i4 %in_stream_V_keep_V, i4 %in_stream_V_strb_V, i1 %in_stream_V_last_V, i29 %sub, i128 %out_stream_V_data_V, i16 %out_stream_V_keep_V, i16 %out_stream_V_strb_V, i1 %out_stream_V_last_V" [kernel.cpp:22]   --->   Operation 16 'call' 'call_ln22' <Predicate = true> <Delay = 1.24> <CoreType = "Generic">   --->   Core 0 '' <Latency = 0> <II = 1> <Delay = 1.00> <Generic> <Opcode : >

State 3 <SV = 2> <Delay = 1.64>
ST_3 : Operation 17 [1/2] (1.64ns)   --->   "%call_ln22 = call void @pack_int8_Pipeline_pack_loop, i29 %num_packs, i32 %in_stream_V_data_V, i4 %in_stream_V_keep_V, i4 %in_stream_V_strb_V, i1 %in_stream_V_last_V, i29 %sub, i128 %out_stream_V_data_V, i16 %out_stream_V_keep_V, i16 %out_stream_V_strb_V, i1 %out_stream_V_last_V" [kernel.cpp:22]   --->   Operation 17 'call' 'call_ln22' <Predicate = true> <Delay = 1.64> <CoreType = "Generic">   --->   Core 0 '' <Latency = 0> <II = 1> <Delay = 1.00> <Generic> <Opcode : >

State 4 <SV = 3> <Delay = 0.00>
ST_4 : Operation 18 [1/1] (0.00ns)   --->   "%spectopmodule_ln16 = spectopmodule void @_ssdm_op_SpecTopModule, void @empty_8" [kernel.cpp:16]   --->   Operation 18 'spectopmodule' 'spectopmodule_ln16' <Predicate = true> <Delay = 0.00>
ST_4 : Operation 19 [1/1] (0.00ns)   --->   "%specinterface_ln0 = specinterface void @_ssdm_op_SpecInterface, i32 %in_stream_V_data_V, i4 %in_stream_V_keep_V, i4 %in_stream_V_strb_V, i1 %in_stream_V_last_V, void @empty, i32 1, i32 1, void @empty_0, i32 0, i32 0, void @empty_1, void @empty_1, void @empty_1, i32 0, i32 0, i32 0, i32 0, void @empty_1, void @empty_1, i32 4294967295, i32 0, i32 0"   --->   Operation 19 'specinterface' 'specinterface_ln0' <Predicate = true> <Delay = 0.00>
ST_4 : Operation 20 [1/1] (0.00ns)   --->   "%specbitsmap_ln0 = specbitsmap void @_ssdm_op_SpecBitsMap, i32 %in_stream_V_data_V"   --->   Operation 20 'specbitsmap' 'specbitsmap_ln0' <Predicate = true> <Delay = 0.00>
ST_4 : Operation 21 [1/1] (0.00ns)   --->   "%specbitsmap_ln0 = specbitsmap void @_ssdm_op_SpecBitsMap, i4 %in_stream_V_keep_V"   --->   Operation 21 'specbitsmap' 'specbitsmap_ln0' <Predicate = true> <Delay = 0.00>
ST_4 : Operation 22 [1/1] (0.00ns)   --->   "%specbitsmap_ln0 = specbitsmap void @_ssdm_op_SpecBitsMap, i4 %in_stream_V_strb_V"   --->   Operation 22 'specbitsmap' 'specbitsmap_ln0' <Predicate = true> <Delay = 0.00>
ST_4 : Operation 23 [1/1] (0.00ns)   --->   "%specbitsmap_ln0 = specbitsmap void @_ssdm_op_SpecBitsMap, i1 %in_stream_V_last_V"   --->   Operation 23 'specbitsmap' 'specbitsmap_ln0' <Predicate = true> <Delay = 0.00>
ST_4 : Operation 24 [1/1] (0.00ns)   --->   "%specinterface_ln0 = specinterface void @_ssdm_op_SpecInterface, i128 %out_stream_V_data_V, i16 %out_stream_V_keep_V, i16 %out_stream_V_strb_V, i1 %out_stream_V_last_V, void @empty, i32 1, i32 1, void @empty_0, i32 0, i32 0, void @empty_1, void @empty_1, void @empty_1, i32 0, i32 0, i32 0, i32 0, void @empty_1, void @empty_1, i32 4294967295, i32 0, i32 0"   --->   Operation 24 'specinterface' 'specinterface_ln0' <Predicate = true> <Delay = 0.00>
ST_4 : Operation 25 [1/1] (0.00ns)   --->   "%specbitsmap_ln0 = specbitsmap void @_ssdm_op_SpecBitsMap, i128 %out_stream_V_data_V"   --->   Operation 25 'specbitsmap' 'specbitsmap_ln0' <Predicate = true> <Delay = 0.00>
ST_4 : Operation 26 [1/1] (0.00ns)   --->   "%specbitsmap_ln0 = specbitsmap void @_ssdm_op_SpecBitsMap, i16 %out_stream_V_keep_V"   --->   Operation 26 'specbitsmap' 'specbitsmap_ln0' <Predicate = true> <Delay = 0.00>
ST_4 : Operation 27 [1/1] (0.00ns)   --->   "%specbitsmap_ln0 = specbitsmap void @_ssdm_op_SpecBitsMap, i16 %out_stream_V_strb_V"   --->   Operation 27 'specbitsmap' 'specbitsmap_ln0' <Predicate = true> <Delay = 0.00>
ST_4 : Operation 28 [1/1] (0.00ns)   --->   "%specbitsmap_ln0 = specbitsmap void @_ssdm_op_SpecBitsMap, i1 %out_stream_V_last_V"   --->   Operation 28 'specbitsmap' 'specbitsmap_ln0' <Predicate = true> <Delay = 0.00>
ST_4 : Operation 29 [1/1] (0.00ns)   --->   "%specbitsmap_ln0 = specbitsmap void @_ssdm_op_SpecBitsMap, i32 %num_elements"   --->   Operation 29 'specbitsmap' 'specbitsmap_ln0' <Predicate = true> <Delay = 0.00>
ST_4 : Operation 30 [1/1] (0.00ns)   --->   "%specinterface_ln0 = specinterface void @_ssdm_op_SpecInterface, i32 %num_elements, void @empty_2, i32 4294967295, i32 4294967295, void @empty_0, i32 0, i32 0, void @empty_3, void @empty_4, void @empty_1, i32 0, i32 0, i32 0, i32 0, void @empty_1, void @empty_1, i32 4294967295, i32 0, i32 0"   --->   Operation 30 'specinterface' 'specinterface_ln0' <Predicate = true> <Delay = 0.00>
ST_4 : Operation 31 [1/1] (0.00ns)   --->   "%specinterface_ln0 = specinterface void @_ssdm_op_SpecInterface, i32 %num_elements, void @empty_5, i32 4294967295, i32 4294967295, void @empty_1, i32 0, i32 0, void @empty_1, void @empty_1, void @empty_1, i32 0, i32 0, i32 0, i32 0, void @empty_1, void @empty_1, i32 4294967295, i32 0, i32 0"   --->   Operation 31 'specinterface' 'specinterface_ln0' <Predicate = true> <Delay = 0.00>
ST_4 : Operation 32 [1/1] (0.00ns)   --->   "%specinterface_ln0 = specinterface void @_ssdm_op_SpecInterface, i32 0, void @empty_2, i32 0, i32 0, void @empty_1, i32 0, i32 0, void @empty_3, void @empty_1, void @empty_1, i32 0, i32 0, i32 0, i32 0, void @empty_1, void @empty_1, i32 4294967295, i32 0, i32 0"   --->   Operation 32 'specinterface' 'specinterface_ln0' <Predicate = true> <Delay = 0.00>
ST_4 : Operation 33 [1/1] (0.00ns)   --->   "%specaxissidechannel_ln24 = specaxissidechannel void @_ssdm_op_SpecAXISSideChannel, i128 %out_stream_V_data_V, i16 %out_stream_V_keep_V, i16 %out_stream_V_strb_V, i1 0, i1 %out_stream_V_last_V, i1 0, i1 0, void @empty_6" [kernel.cpp:24]   --->   Operation 33 'specaxissidechannel' 'specaxissidechannel_ln24' <Predicate = true> <Delay = 0.00>
ST_4 : Operation 34 [1/1] (0.00ns)   --->   "%specaxissidechannel_ln24 = specaxissidechannel void @_ssdm_op_SpecAXISSideChannel, i32 %in_stream_V_data_V, i4 %in_stream_V_keep_V, i4 %in_stream_V_strb_V, i1 0, i1 %in_stream_V_last_V, i1 0, i1 0, void @empty_7" [kernel.cpp:24]   --->   Operation 34 'specaxissidechannel' 'specaxissidechannel_ln24' <Predicate = true> <Delay = 0.00>
ST_4 : Operation 35 [1/1] (0.00ns)   --->   "%ret_ln58 = ret" [kernel.cpp:58]   --->   Operation 35 'ret' 'ret_ln58' <Predicate = true> <Delay = 0.00>


============================================================
+ Verbose Summary: Binding
============================================================
STG Binding: 
---------------- STG Properties BEGIN ----------------
- Is combinational: 0
- Is one-state seq: 0
- Is datapath-only: 0
- Is pipelined: 0
- Is top level: 1
Port [ Return ] is wired: 1; IO mode=ap_ctrl_hs:ce=0
Port [ in_stream_V_data_V]:  wired=1; compound=1; hidden=0; nouse=0; global=0; static=0; extern=0; dir=0; type=0; pingpong=0; private_global=0; IO mode=axis:ce=0
Port [ in_stream_V_keep_V]:  wired=1; compound=1; hidden=0; nouse=0; global=0; static=0; extern=0; dir=0; type=0; pingpong=0; private_global=0; IO mode=axis:ce=0
Port [ in_stream_V_strb_V]:  wired=1; compound=1; hidden=0; nouse=0; global=0; static=0; extern=0; dir=0; type=0; pingpong=0; private_global=0; IO mode=axis:ce=0
Port [ in_stream_V_last_V]:  wired=1; compound=1; hidden=0; nouse=0; global=0; static=0; extern=0; dir=0; type=0; pingpong=0; private_global=0; IO mode=axis:ce=0
Port [ out_stream_V_data_V]:  wired=1; compound=1; hidden=0; nouse=0; global=0; static=0; extern=0; dir=1; type=0; pingpong=0; private_global=0; IO mode=axis:ce=0
Port [ out_stream_V_keep_V]:  wired=1; compound=1; hidden=0; nouse=0; global=0; static=0; extern=0; dir=1; type=0; pingpong=0; private_global=0; IO mode=axis:ce=0
Port [ out_stream_V_strb_V]:  wired=1; compound=1; hidden=0; nouse=0; global=0; static=0; extern=0; dir=1; type=0; pingpong=0; private_global=0; IO mode=axis:ce=0
Port [ out_stream_V_last_V]:  wired=1; compound=1; hidden=0; nouse=0; global=0; static=0; extern=0; dir=1; type=0; pingpong=0; private_global=0; IO mode=axis:ce=0
Port [ num_elements]:  wired=1; compound=0; hidden=0; nouse=0; global=0; static=0; extern=0; dir=0; type=0; pingpong=0; private_global=0; IO mode=ap_none:ce=0
---------------- STG Properties END ------------------

---------------- Datapath Model BEGIN ----------------

<LifeTime>
<method=bitvector/>
num_elements_read        (read               ) [ 00000]
tmp_2                    (bitselect          ) [ 00100]
sub_ln22                 (sub                ) [ 00000]
tmp                      (partselect         ) [ 00000]
zext_ln22                (zext               ) [ 00000]
sub_ln22_1               (sub                ) [ 00100]
tmp_1                    (partselect         ) [ 00100]
zext_ln22_1              (zext               ) [ 00000]
num_packs                (select             ) [ 00010]
sub                      (add                ) [ 00010]
empty                    (wait               ) [ 00000]
call_ln22                (call               ) [ 00000]
spectopmodule_ln16       (spectopmodule      ) [ 00000]
specinterface_ln0        (specinterface      ) [ 00000]
specbitsmap_ln0          (specbitsmap        ) [ 00000]
specbitsmap_ln0          (specbitsmap        ) [ 00000]
specbitsmap_ln0          (specbitsmap        ) [ 00000]
specbitsmap_ln0          (specbitsmap        ) [ 00000]
specinterface_ln0        (specinterface      ) [ 00000]
specbitsmap_ln0          (specbitsmap        ) [ 00000]
specbitsmap_ln0          (specbitsmap        ) [ 00000]
specbitsmap_ln0          (specbitsmap        ) [ 00000]
specbitsmap_ln0          (specbitsmap        ) [ 00000]
specbitsmap_ln0          (specbitsmap        ) [ 00000]
specinterface_ln0        (specinterface      ) [ 00000]
specinterface_ln0        (specinterface      ) [ 00000]
specinterface_ln0        (specinterface      ) [ 00000]
specaxissidechannel_ln24 (specaxissidechannel) [ 00000]
specaxissidechannel_ln24 (specaxissidechannel) [ 00000]
ret_ln58                 (ret                ) [ 00000]
</LifeTime>

<model>

<comp_list>
<comp id="0" class="1000" name="in_stream_V_data_V">
<pin_list>
<pin id="1" dir="1" index="0" bw="1" slack="0"/>
</pin_list>
<bind>
<StgValue><ssdm name="in_stream_V_data_V"/></StgValue>
</bind>
</comp>

<comp id="2" class="1000" name="in_stream_V_keep_V">
<pin_list>
<pin id="3" dir="1" index="0" bw="1" slack="0"/>
</pin_list>
<bind>
<StgValue><ssdm name="in_stream_V_keep_V"/></StgValue>
</bind>
</comp>

<comp id="4" class="1000" name="in_stream_V_strb_V">
<pin_list>
<pin id="5" dir="1" index="0" bw="1" slack="0"/>
</pin_list>
<bind>
<StgValue><ssdm name="in_stream_V_strb_V"/></StgValue>
</bind>
</comp>

<comp id="6" class="1000" name="in_stream_V_last_V">
<pin_list>
<pin id="7" dir="1" index="0" bw="1" slack="0"/>
</pin_list>
<bind>
<StgValue><ssdm name="in_stream_V_last_V"/></StgValue>
</bind>
</comp>

<comp id="8" class="1000" name="out_stream_V_data_V">
<pin_list>
<pin id="9" dir="1" index="0" bw="1" slack="0"/>
</pin_list>
<bind>
<StgValue><ssdm name="out_stream_V_data_V"/></StgValue>
</bind>
</comp>

<comp id="10" class="1000" name="out_stream_V_keep_V">
<pin_list>
<pin id="11" dir="1" index="0" bw="1" slack="0"/>
</pin_list>
<bind>
<StgValue><ssdm name="out_stream_V_keep_V"/></StgValue>
</bind>
</comp>

<comp id="12" class="1000" name="out_stream_V_strb_V">
<pin_list>
<pin id="13" dir="1" index="0" bw="1" slack="0"/>
</pin_list>
<bind>
<StgValue><ssdm name="out_stream_V_strb_V"/></StgValue>
</bind>
</comp>

<comp id="14" class="1000" name="out_stream_V_last_V">
<pin_list>
<pin id="15" dir="1" index="0" bw="1" slack="0"/>
</pin_list>
<bind>
<StgValue><ssdm name="out_stream_V_last_V"/></StgValue>
</bind>
</comp>

<comp id="16" class="1000" name="num_elements">
<pin_list>
<pin id="17" dir="1" index="0" bw="1" slack="0"/>
</pin_list>
<bind>
<StgValue><ssdm name="num_elements"/></StgValue>
</bind>
</comp>

<comp id="18" class="1001" name="const_18">
<pin_list>
<pin id="19" dir="1" index="0" bw="1" slack="0"/>
</pin_list>
<bind>
<StgValue><ssdm name="_ssdm_op_Read.s_axilite.i32"/></StgValue>
</bind>
</comp>

<comp id="20" class="1001" name="const_20">
<pin_list>
<pin id="21" dir="1" index="0" bw="1" slack="0"/>
</pin_list>
<bind>
<StgValue><ssdm name="_ssdm_op_BitSelect.i1.i32.i32"/></StgValue>
</bind>
</comp>

<comp id="22" class="1001" name="const_22">
<pin_list>
<pin id="23" dir="1" index="0" bw="1" slack="0"/>
</pin_list>
<bind>
<StgValue><ssdm name=""/></StgValue>
</bind>
</comp>

<comp id="24" class="1001" name="const_24">
<pin_list>
<pin id="25" dir="1" index="0" bw="1" slack="0"/>
</pin_list>
<bind>
<StgValue><ssdm name=""/></StgValue>
</bind>
</comp>

<comp id="26" class="1001" name="const_26">
<pin_list>
<pin id="27" dir="1" index="0" bw="1" slack="0"/>
</pin_list>
<bind>
<StgValue><ssdm name="_ssdm_op_PartSelect.i28.i32.i32.i32"/></StgValue>
</bind>
</comp>

<comp id="28" class="1001" name="const_28">
<pin_list>
<pin id="29" dir="1" index="0" bw="1" slack="0"/>
</pin_list>
<bind>
<StgValue><ssdm name=""/></StgValue>
</bind>
</comp>

<comp id="30" class="1001" name="const_30">
<pin_list>
<pin id="31" dir="1" index="0" bw="1" slack="0"/>
</pin_list>
<bind>
<StgValue><ssdm name=""/></StgValue>
</bind>
</comp>

<comp id="32" class="1001" name="const_32">
<pin_list>
<pin id="33" dir="1" index="0" bw="1" slack="0"/>
</pin_list>
<bind>
<StgValue><ssdm name=""/></StgValue>
</bind>
</comp>

<comp id="34" class="1001" name="const_34">
<pin_list>
<pin id="35" dir="1" index="0" bw="1" slack="2147483647"/>
</pin_list>
<bind>
<StgValue><ssdm name="_ssdm_op_Wait"/></StgValue>
</bind>
</comp>

<comp id="36" class="1001" name="const_36">
<pin_list>
<pin id="37" dir="1" index="0" bw="1" slack="0"/>
</pin_list>
<bind>
<StgValue><ssdm name="pack_int8_Pipeline_pack_loop"/></StgValue>
</bind>
</comp>

<comp id="38" class="1001" name="const_38">
<pin_list>
<pin id="39" dir="1" index="0" bw="1" slack="2147483647"/>
</pin_list>
<bind>
<StgValue><ssdm name="_ssdm_op_SpecTopModule"/></StgValue>
</bind>
</comp>

<comp id="40" class="1001" name="const_40">
<pin_list>
<pin id="41" dir="1" index="0" bw="1" slack="2147483647"/>
</pin_list>
<bind>
<StgValue><ssdm name="empty_8"/></StgValue>
</bind>
</comp>

<comp id="42" class="1001" name="const_42">
<pin_list>
<pin id="43" dir="1" index="0" bw="1" slack="2147483647"/>
</pin_list>
<bind>
<StgValue><ssdm name="_ssdm_op_SpecInterface"/></StgValue>
</bind>
</comp>

<comp id="44" class="1001" name="const_44">
<pin_list>
<pin id="45" dir="1" index="0" bw="1" slack="2147483647"/>
</pin_list>
<bind>
<StgValue><ssdm name="empty"/></StgValue>
</bind>
</comp>

<comp id="46" class="1001" name="const_46">
<pin_list>
<pin id="47" dir="1" index="0" bw="1" slack="2147483647"/>
</pin_list>
<bind>
<StgValue><ssdm name=""/></StgValue>
</bind>
</comp>

<comp id="48" class="1001" name="const_48">
<pin_list>
<pin id="49" dir="1" index="0" bw="1" slack="2147483647"/>
</pin_list>
<bind>
<StgValue><ssdm name="empty_0"/></StgValue>
</bind>
</comp>

<comp id="50" class="1001" name="const_50">
<pin_list>
<pin id="51" dir="1" index="0" bw="1" slack="2147483647"/>
</pin_list>
<bind>
<StgValue><ssdm name="empty_1"/></StgValue>
</bind>
</comp>

<comp id="52" class="1001" name="const_52">
<pin_list>
<pin id="53" dir="1" index="0" bw="1" slack="2147483647"/>
</pin_list>
<bind>
<StgValue><ssdm name=""/></StgValue>
</bind>
</comp>

<comp id="54" class="1001" name="const_54">
<pin_list>
<pin id="55" dir="1" index="0" bw="1" slack="2147483647"/>
</pin_list>
<bind>
<StgValue><ssdm name="_ssdm_op_SpecBitsMap"/></StgValue>
</bind>
</comp>

<comp id="56" class="1001" name="const_56">
<pin_list>
<pin id="57" dir="1" index="0" bw="1" slack="2147483647"/>
</pin_list>
<bind>
<StgValue><ssdm name="empty_2"/></StgValue>
</bind>
</comp>

<comp id="58" class="1001" name="const_58">
<pin_list>
<pin id="59" dir="1" index="0" bw="1" slack="2147483647"/>
</pin_list>
<bind>
<StgValue><ssdm name="empty_3"/></StgValue>
</bind>
</comp>

<comp id="60" class="1001" name="const_60">
<pin_list>
<pin id="61" dir="1" index="0" bw="1" slack="2147483647"/>
</pin_list>
<bind>
<StgValue><ssdm name="empty_4"/></StgValue>
</bind>
</comp>

<comp id="62" class="1001" name="const_62">
<pin_list>
<pin id="63" dir="1" index="0" bw="1" slack="2147483647"/>
</pin_list>
<bind>
<StgValue><ssdm name="empty_5"/></StgValue>
</bind>
</comp>

<comp id="64" class="1001" name="const_64">
<pin_list>
<pin id="65" dir="1" index="0" bw="1" slack="2147483647"/>
</pin_list>
<bind>
<StgValue><ssdm name="_ssdm_op_SpecAXISSideChannel"/></StgValue>
</bind>
</comp>

<comp id="66" class="1001" name="const_66">
<pin_list>
<pin id="67" dir="1" index="0" bw="1" slack="2147483647"/>
</pin_list>
<bind>
<StgValue><ssdm name=""/></StgValue>
</bind>
</comp>

<comp id="68" class="1001" name="const_68">
<pin_list>
<pin id="69" dir="1" index="0" bw="1" slack="2147483647"/>
</pin_list>
<bind>
<StgValue><ssdm name="empty_6"/></StgValue>
</bind>
</comp>

<comp id="70" class="1001" name="const_70">
<pin_list>
<pin id="71" dir="1" index="0" bw="1" slack="2147483647"/>
</pin_list>
<bind>
<StgValue><ssdm name="empty_7"/></StgValue>
</bind>
</comp>

<comp id="72" class="1004" name="num_elements_read_read_fu_72">
<pin_list>
<pin id="73" dir="0" index="0" bw="32" slack="0"/>
<pin id="74" dir="0" index="1" bw="32" slack="0"/>
<pin id="75" dir="1" index="2" bw="32" slack="0"/>
</pin_list>
<bind>
<opcode="read(1150) " fcode="read"/>
<opset="num_elements_read/1 "/>
</bind>
</comp>

<comp id="78" class="1004" name="grp_pack_int8_Pipeline_pack_loop_fu_78">
<pin_list>
<pin id="79" dir="0" index="0" bw="0" slack="0"/>
<pin id="80" dir="0" index="1" bw="29" slack="0"/>
<pin id="81" dir="0" index="2" bw="32" slack="0"/>
<pin id="82" dir="0" index="3" bw="4" slack="0"/>
<pin id="83" dir="0" index="4" bw="4" slack="0"/>
<pin id="84" dir="0" index="5" bw="1" slack="0"/>
<pin id="85" dir="0" index="6" bw="29" slack="0"/>
<pin id="86" dir="0" index="7" bw="128" slack="0"/>
<pin id="87" dir="0" index="8" bw="16" slack="0"/>
<pin id="88" dir="0" index="9" bw="16" slack="0"/>
<pin id="89" dir="0" index="10" bw="1" slack="0"/>
<pin id="90" dir="1" index="11" bw="0" slack="2147483647"/>
</pin_list>
<bind>
<opcode="call(48) " fcode="call"/>
<opset="call_ln22/2 "/>
</bind>
</comp>

<comp id="100" class="1004" name="tmp_2_fu_100">
<pin_list>
<pin id="101" dir="0" index="0" bw="1" slack="0"/>
<pin id="102" dir="0" index="1" bw="32" slack="0"/>
<pin id="103" dir="0" index="2" bw="6" slack="0"/>
<pin id="104" dir="1" index="3" bw="1" slack="1"/>
</pin_list>
<bind>
<opcode="bitselect(1000) " fcode="bitselect"/>
<opset="tmp_2/1 "/>
</bind>
</comp>

<comp id="108" class="1004" name="sub_ln22_fu_108">
<pin_list>
<pin id="109" dir="0" index="0" bw="1" slack="0"/>
<pin id="110" dir="0" index="1" bw="32" slack="0"/>
<pin id="111" dir="1" index="2" bw="32" slack="0"/>
</pin_list>
<bind>
<opcode="sub(10) " fcode="sub"/>
<opset="sub_ln22/1 "/>
</bind>
</comp>

<comp id="114" class="1004" name="tmp_fu_114">
<pin_list>
<pin id="115" dir="0" index="0" bw="28" slack="0"/>
<pin id="116" dir="0" index="1" bw="32" slack="0"/>
<pin id="117" dir="0" index="2" bw="4" slack="0"/>
<pin id="118" dir="0" index="3" bw="6" slack="0"/>
<pin id="119" dir="1" index="4" bw="28" slack="0"/>
</pin_list>
<bind>
<opcode="partselect(1002) " fcode="partselect"/>
<opset="tmp/1 "/>
</bind>
</comp>

<comp id="124" class="1004" name="zext_ln22_fu_124">
<pin_list>
<pin id="125" dir="0" index="0" bw="28" slack="0"/>
<pin id="126" dir="1" index="1" bw="29" slack="0"/>
</pin_list>
<bind>
<opcode="zext(34) " fcode="zext"/>
<opset="zext_ln22/1 "/>
</bind>
</comp>

<comp id="128" class="1004" name="sub_ln22_1_fu_128">
<pin_list>
<pin id="129" dir="0" index="0" bw="1" slack="0"/>
<pin id="130" dir="0" index="1" bw="28" slack="0"/>
<pin id="131" dir="1" index="2" bw="29" slack="1"/>
</pin_list>
<bind>
<opcode="sub(10) " fcode="sub"/>
<opset="sub_ln22_1/1 "/>
</bind>
</comp>

<comp id="134" class="1004" name="tmp_1_fu_134">
<pin_list>
<pin id="135" dir="0" index="0" bw="28" slack="0"/>
<pin id="136" dir="0" index="1" bw="32" slack="0"/>
<pin id="137" dir="0" index="2" bw="4" slack="0"/>
<pin id="138" dir="0" index="3" bw="6" slack="0"/>
<pin id="139" dir="1" index="4" bw="28" slack="1"/>
</pin_list>
<bind>
<opcode="partselect(1002) " fcode="partselect"/>
<opset="tmp_1/1 "/>
</bind>
</comp>

<comp id="144" class="1004" name="zext_ln22_1_fu_144">
<pin_list>
<pin id="145" dir="0" index="0" bw="28" slack="1"/>
<pin id="146" dir="1" index="1" bw="29" slack="0"/>
</pin_list>
<bind>
<opcode="zext(34) " fcode="zext"/>
<opset="zext_ln22_1/2 "/>
</bind>
</comp>

<comp id="147" class="1004" name="num_packs_fu_147">
<pin_list>
<pin id="148" dir="0" index="0" bw="1" slack="1"/>
<pin id="149" dir="0" index="1" bw="29" slack="1"/>
<pin id="150" dir="0" index="2" bw="29" slack="0"/>
<pin id="151" dir="1" index="3" bw="29" slack="0"/>
</pin_list>
<bind>
<opcode="select(49) " fcode="select"/>
<opset="num_packs/2 "/>
</bind>
</comp>

<comp id="154" class="1004" name="sub_fu_154">
<pin_list>
<pin id="155" dir="0" index="0" bw="29" slack="0"/>
<pin id="156" dir="0" index="1" bw="1" slack="0"/>
<pin id="157" dir="1" index="2" bw="29" slack="0"/>
</pin_list>
<bind>
<opcode="add(8) " fcode="add"/>
<opset="sub/2 "/>
</bind>
</comp>

<comp id="161" class="1005" name="tmp_2_reg_161">
<pin_list>
<pin id="162" dir="0" index="0" bw="1" slack="1"/>
<pin id="163" dir="1" index="1" bw="1" slack="1"/>
</pin_list>
<bind>
<opset="tmp_2 "/>
</bind>
</comp>

<comp id="166" class="1005" name="sub_ln22_1_reg_166">
<pin_list>
<pin id="167" dir="0" index="0" bw="29" slack="1"/>
<pin id="168" dir="1" index="1" bw="29" slack="1"/>
</pin_list>
<bind>
<opset="sub_ln22_1 "/>
</bind>
</comp>

<comp id="171" class="1005" name="tmp_1_reg_171">
<pin_list>
<pin id="172" dir="0" index="0" bw="28" slack="1"/>
<pin id="173" dir="1" index="1" bw="28" slack="1"/>
</pin_list>
<bind>
<opset="tmp_1 "/>
</bind>
</comp>

<comp id="176" class="1005" name="num_packs_reg_176">
<pin_list>
<pin id="177" dir="0" index="0" bw="29" slack="1"/>
<pin id="178" dir="1" index="1" bw="29" slack="1"/>
</pin_list>
<bind>
<opset="num_packs "/>
</bind>
</comp>

<comp id="181" class="1005" name="sub_reg_181">
<pin_list>
<pin id="182" dir="0" index="0" bw="29" slack="1"/>
<pin id="183" dir="1" index="1" bw="29" slack="1"/>
</pin_list>
<bind>
<opset="sub "/>
</bind>
</comp>

</comp_list>

<net_list>
<net id="76"><net_src comp="18" pin="0"/><net_sink comp="72" pin=0"/></net>

<net id="77"><net_src comp="16" pin="0"/><net_sink comp="72" pin=1"/></net>

<net id="91"><net_src comp="36" pin="0"/><net_sink comp="78" pin=0"/></net>

<net id="92"><net_src comp="0" pin="0"/><net_sink comp="78" pin=2"/></net>

<net id="93"><net_src comp="2" pin="0"/><net_sink comp="78" pin=3"/></net>

<net id="94"><net_src comp="4" pin="0"/><net_sink comp="78" pin=4"/></net>

<net id="95"><net_src comp="6" pin="0"/><net_sink comp="78" pin=5"/></net>

<net id="96"><net_src comp="8" pin="0"/><net_sink comp="78" pin=7"/></net>

<net id="97"><net_src comp="10" pin="0"/><net_sink comp="78" pin=8"/></net>

<net id="98"><net_src comp="12" pin="0"/><net_sink comp="78" pin=9"/></net>

<net id="99"><net_src comp="14" pin="0"/><net_sink comp="78" pin=10"/></net>

<net id="105"><net_src comp="20" pin="0"/><net_sink comp="100" pin=0"/></net>

<net id="106"><net_src comp="72" pin="2"/><net_sink comp="100" pin=1"/></net>

<net id="107"><net_src comp="22" pin="0"/><net_sink comp="100" pin=2"/></net>

<net id="112"><net_src comp="24" pin="0"/><net_sink comp="108" pin=0"/></net>

<net id="113"><net_src comp="72" pin="2"/><net_sink comp="108" pin=1"/></net>

<net id="120"><net_src comp="26" pin="0"/><net_sink comp="114" pin=0"/></net>

<net id="121"><net_src comp="108" pin="2"/><net_sink comp="114" pin=1"/></net>

<net id="122"><net_src comp="28" pin="0"/><net_sink comp="114" pin=2"/></net>

<net id="123"><net_src comp="22" pin="0"/><net_sink comp="114" pin=3"/></net>

<net id="127"><net_src comp="114" pin="4"/><net_sink comp="124" pin=0"/></net>

<net id="132"><net_src comp="30" pin="0"/><net_sink comp="128" pin=0"/></net>

<net id="133"><net_src comp="124" pin="1"/><net_sink comp="128" pin=1"/></net>

<net id="140"><net_src comp="26" pin="0"/><net_sink comp="134" pin=0"/></net>

<net id="141"><net_src comp="72" pin="2"/><net_sink comp="134" pin=1"/></net>

<net id="142"><net_src comp="28" pin="0"/><net_sink comp="134" pin=2"/></net>

<net id="143"><net_src comp="22" pin="0"/><net_sink comp="134" pin=3"/></net>

<net id="152"><net_src comp="144" pin="1"/><net_sink comp="147" pin=2"/></net>

<net id="153"><net_src comp="147" pin="3"/><net_sink comp="78" pin=1"/></net>

<net id="158"><net_src comp="147" pin="3"/><net_sink comp="154" pin=0"/></net>

<net id="159"><net_src comp="32" pin="0"/><net_sink comp="154" pin=1"/></net>

<net id="160"><net_src comp="154" pin="2"/><net_sink comp="78" pin=6"/></net>

<net id="164"><net_src comp="100" pin="3"/><net_sink comp="161" pin=0"/></net>

<net id="165"><net_src comp="161" pin="1"/><net_sink comp="147" pin=0"/></net>

<net id="169"><net_src comp="128" pin="2"/><net_sink comp="166" pin=0"/></net>

<net id="170"><net_src comp="166" pin="1"/><net_sink comp="147" pin=1"/></net>

<net id="174"><net_src comp="134" pin="4"/><net_sink comp="171" pin=0"/></net>

<net id="175"><net_src comp="171" pin="1"/><net_sink comp="144" pin=0"/></net>

<net id="179"><net_src comp="147" pin="3"/><net_sink comp="176" pin=0"/></net>

<net id="180"><net_src comp="176" pin="1"/><net_sink comp="78" pin=1"/></net>

<net id="184"><net_src comp="154" pin="2"/><net_sink comp="181" pin=0"/></net>

<net id="185"><net_src comp="181" pin="1"/><net_sink comp="78" pin=6"/></net>

</net_list>

</model> 
---------------- Datapath Model END ------------------

* FSMD analyzer results:
  - Output states:
	Port: out_stream_V_data_V | {2 3 }
	Port: out_stream_V_keep_V | {2 3 }
	Port: out_stream_V_strb_V | {2 3 }
	Port: out_stream_V_last_V | {2 3 }
 - Input state : 
	Port: pack_int8 : in_stream_V_data_V | {2 3 }
	Port: pack_int8 : in_stream_V_keep_V | {2 3 }
	Port: pack_int8 : in_stream_V_strb_V | {2 3 }
	Port: pack_int8 : in_stream_V_last_V | {2 3 }
	Port: pack_int8 : num_elements | {1 }
  - Chain level:
	State 1
		tmp : 1
		zext_ln22 : 2
		sub_ln22_1 : 3
	State 2
		num_packs : 1
		sub : 2
		call_ln22 : 3
	State 3
	State 4


============================================================
+ Verbose Summary: Datapath Resource usage 
============================================================

* Functional unit list:
|----------|----------------------------------------|---------|---------|---------|
| Operation|             Functional Unit            |  Delay  |    FF   |   LUT   |
|----------|----------------------------------------|---------|---------|---------|
|   call   | grp_pack_int8_Pipeline_pack_loop_fu_78 |  0.493  |   191   |   426   |
|----------|----------------------------------------|---------|---------|---------|
|    sub   |             sub_ln22_fu_108            |    0    |    0    |    39   |
|          |            sub_ln22_1_fu_128           |    0    |    0    |    35   |
|----------|----------------------------------------|---------|---------|---------|
|    add   |               sub_fu_154               |    0    |    0    |    36   |
|----------|----------------------------------------|---------|---------|---------|
|  select  |            num_packs_fu_147            |    0    |    0    |    29   |
|----------|----------------------------------------|---------|---------|---------|
|   read   |      num_elements_read_read_fu_72      |    0    |    0    |    0    |
|----------|----------------------------------------|---------|---------|---------|
| bitselect|              tmp_2_fu_100              |    0    |    0    |    0    |
|----------|----------------------------------------|---------|---------|---------|
|partselect|               tmp_fu_114               |    0    |    0    |    0    |
|          |              tmp_1_fu_134              |    0    |    0    |    0    |
|----------|----------------------------------------|---------|---------|---------|
|   zext   |            zext_ln22_fu_124            |    0    |    0    |    0    |
|          |           zext_ln22_1_fu_144           |    0    |    0    |    0    |
|----------|----------------------------------------|---------|---------|---------|
|   Total  |                                        |  0.493  |   191   |   565   |
|----------|----------------------------------------|---------|---------|---------|

Memories:
N/A

* Register list:
+------------------+--------+
|                  |   FF   |
+------------------+--------+
| num_packs_reg_176|   29   |
|sub_ln22_1_reg_166|   29   |
|    sub_reg_181   |   29   |
|   tmp_1_reg_171  |   28   |
|   tmp_2_reg_161  |    1   |
+------------------+--------+
|       Total      |   116  |
+------------------+--------+

* Multiplexer (MUX) list: 
|----------------------------------------|------|------|------|--------||---------||---------||---------|
|                  Comp                  |  Pin | Size |  BW  | S x BW ||  Delay  ||    FF   ||   LUT   |
|----------------------------------------|------|------|------|--------||---------||---------||---------|
| grp_pack_int8_Pipeline_pack_loop_fu_78 |  p1  |   2  |  29  |   58   ||    0    ||    9    |
| grp_pack_int8_Pipeline_pack_loop_fu_78 |  p6  |   2  |  29  |   58   ||    0    ||    9    |
|----------------------------------------|------|------|------|--------||---------||---------||---------|
|                  Total                 |      |      |      |   116  ||  0.774  ||    0    ||    18   |
|----------------------------------------|------|------|------|--------||---------||---------||---------|



* Summary:
+-----------+--------+--------+--------+
|           |  Delay |   FF   |   LUT  |
+-----------+--------+--------+--------+
|  Function |    0   |   191  |   565  |
|   Memory  |    -   |    -   |    -   |
|Multiplexer|    0   |    0   |   18   |
|  Register |    -   |   116  |    -   |
+-----------+--------+--------+--------+
|   Total   |    1   |   307  |   583  |
+-----------+--------+--------+--------+
